[0.027s] Invoking command in '/home/lunet/kk0171/ros2_ws/build/rrrrr_finger': ANSYSLMD_LICENSE_FILE=1055@ansys.lboro.ac.uk CMAKE_PREFIX_PATH=${CMAKE_PREFIX_PATH}:/opt/ros/humble /usr/bin/cmake /home/lunet/kk0171/ros2_ws/src/rrrrr_finger -DCMAKE_INSTALL_PREFIX=/home/lunet/kk0171/ros2_ws/install/rrrrr_finger
[0.102s] -- The C compiler identification is GNU 11.4.0
[0.168s] -- The CXX compiler identification is GNU 11.4.0
[0.181s] -- Detecting C compiler ABI info
[0.336s] -- Detecting C compiler ABI info - done
[0.344s] -- Check for working C compiler: /usr/bin/cc - skipped
[0.344s] -- Detecting C compile features
[0.345s] -- Detecting C compile features - done
[0.355s] -- Detecting CXX compiler ABI info
[0.511s] -- Detecting CXX compiler ABI info - done
[0.520s] -- Check for working CXX compiler: /usr/bin/c++ - skipped
[0.520s] -- Detecting CXX compile features
[0.520s] -- Detecting CXX compile features - done
[0.531s] -- Found ament_cmake: 1.3.12 (/opt/ros/humble/share/ament_cmake/cmake)
[0.625s] -- Found Python3: /usr/bin/python3 (found version "3.10.12") found components: Interpreter 
[0.707s] -- Found ament_lint_auto: 0.12.14 (/opt/ros/humble/share/ament_lint_auto/cmake)
[0.827s] -- Added test 'lint_cmake' to check CMake code style
[0.848s] -- Added test 'xmllint' to check XML markup files
[0.874s] -- Configuring done
[0.958s] -- Generating done
[1.005s] -- Build files have been written to: /home/lunet/kk0171/ros2_ws/build/rrrrr_finger
[1.009s] Invoked command in '/home/lunet/kk0171/ros2_ws/build/rrrrr_finger' returned '0': ANSYSLMD_LICENSE_FILE=1055@ansys.lboro.ac.uk CMAKE_PREFIX_PATH=${CMAKE_PREFIX_PATH}:/opt/ros/humble /usr/bin/cmake /home/lunet/kk0171/ros2_ws/src/rrrrr_finger -DCMAKE_INSTALL_PREFIX=/home/lunet/kk0171/ros2_ws/install/rrrrr_finger
[1.014s] Invoking command in '/home/lunet/kk0171/ros2_ws/build/rrrrr_finger': ANSYSLMD_LICENSE_FILE=1055@ansys.lboro.ac.uk CMAKE_PREFIX_PATH=${CMAKE_PREFIX_PATH}:/opt/ros/humble /usr/bin/cmake --build /home/lunet/kk0171/ros2_ws/build/rrrrr_finger -- -j32 -l32
[1.053s] Invoked command in '/home/lunet/kk0171/ros2_ws/build/rrrrr_finger' returned '0': ANSYSLMD_LICENSE_FILE=1055@ansys.lboro.ac.uk CMAKE_PREFIX_PATH=${CMAKE_PREFIX_PATH}:/opt/ros/humble /usr/bin/cmake --build /home/lunet/kk0171/ros2_ws/build/rrrrr_finger -- -j32 -l32
[1.066s] Invoking command in '/home/lunet/kk0171/ros2_ws/build/rrrrr_finger': ANSYSLMD_LICENSE_FILE=1055@ansys.lboro.ac.uk CMAKE_PREFIX_PATH=${CMAKE_PREFIX_PATH}:/opt/ros/humble /usr/bin/cmake --install /home/lunet/kk0171/ros2_ws/build/rrrrr_finger
[1.073s] -- Install configuration: ""
[1.073s] -- Installing: /home/lunet/kk0171/ros2_ws/install/rrrrr_finger/share/rrrrr_finger/urdf
[1.078s] -- Installing: /home/lunet/kk0171/ros2_ws/install/rrrrr_finger/share/rrrrr_finger/urdf/robot.urdf
[1.088s] -- Installing: /home/lunet/kk0171/ros2_ws/install/rrrrr_finger/share/ament_index/resource_index/package_run_dependencies/rrrrr_finger
[1.098s] -- Installing: /home/lunet/kk0171/ros2_ws/install/rrrrr_finger/share/ament_index/resource_index/parent_prefix_path/rrrrr_finger
[1.106s] -- Installing: /home/lunet/kk0171/ros2_ws/install/rrrrr_finger/share/rrrrr_finger/environment/ament_prefix_path.sh
[1.111s] -- Installing: /home/lunet/kk0171/ros2_ws/install/rrrrr_finger/share/rrrrr_finger/environment/ament_prefix_path.dsv
[1.116s] -- Installing: /home/lunet/kk0171/ros2_ws/install/rrrrr_finger/share/rrrrr_finger/environment/path.sh
[1.120s] -- Installing: /home/lunet/kk0171/ros2_ws/install/rrrrr_finger/share/rrrrr_finger/environment/path.dsv
[1.126s] -- Installing: /home/lunet/kk0171/ros2_ws/install/rrrrr_finger/share/rrrrr_finger/local_setup.bash
[1.132s] -- Installing: /home/lunet/kk0171/ros2_ws/install/rrrrr_finger/share/rrrrr_finger/local_setup.sh
[1.138s] -- Installing: /home/lunet/kk0171/ros2_ws/install/rrrrr_finger/share/rrrrr_finger/local_setup.zsh
[1.144s] -- Installing: /home/lunet/kk0171/ros2_ws/install/rrrrr_finger/share/rrrrr_finger/local_setup.dsv
[1.149s] -- Installing: /home/lunet/kk0171/ros2_ws/install/rrrrr_finger/share/rrrrr_finger/package.dsv
[1.159s] -- Installing: /home/lunet/kk0171/ros2_ws/install/rrrrr_finger/share/ament_index/resource_index/packages/rrrrr_finger
[1.167s] -- Installing: /home/lunet/kk0171/ros2_ws/install/rrrrr_finger/share/rrrrr_finger/cmake/rrrrr_fingerConfig.cmake
[1.173s] -- Installing: /home/lunet/kk0171/ros2_ws/install/rrrrr_finger/share/rrrrr_finger/cmake/rrrrr_fingerConfig-version.cmake
[1.179s] -- Installing: /home/lunet/kk0171/ros2_ws/install/rrrrr_finger/share/rrrrr_finger/package.xml
[1.187s] Invoked command in '/home/lunet/kk0171/ros2_ws/build/rrrrr_finger' returned '0': ANSYSLMD_LICENSE_FILE=1055@ansys.lboro.ac.uk CMAKE_PREFIX_PATH=${CMAKE_PREFIX_PATH}:/opt/ros/humble /usr/bin/cmake --install /home/lunet/kk0171/ros2_ws/build/rrrrr_finger
