[0.025s] Invoking command in '/home/lunet/kk0171/ros2_ws/build/rrrrr_finger': ANSYSLMD_LICENSE_FILE=1055@ansys.lboro.ac.uk CMAKE_PREFIX_PATH=${CMAKE_PREFIX_PATH}:/opt/ros/humble /usr/bin/cmake --build /home/lunet/kk0171/ros2_ws/build/rrrrr_finger -- -j32 -l32
[0.068s] Invoked command in '/home/lunet/kk0171/ros2_ws/build/rrrrr_finger' returned '0': ANSYSLMD_LICENSE_FILE=1055@ansys.lboro.ac.uk CMAKE_PREFIX_PATH=${CMAKE_PREFIX_PATH}:/opt/ros/humble /usr/bin/cmake --build /home/lunet/kk0171/ros2_ws/build/rrrrr_finger -- -j32 -l32
[0.080s] Invoking command in '/home/lunet/kk0171/ros2_ws/build/rrrrr_finger': ANSYSLMD_LICENSE_FILE=1055@ansys.lboro.ac.uk CMAKE_PREFIX_PATH=${CMAKE_PREFIX_PATH}:/opt/ros/humble /usr/bin/cmake --install /home/lunet/kk0171/ros2_ws/build/rrrrr_finger
[0.086s] -- Install configuration: ""
[0.087s] -- Up-to-date: /home/lunet/kk0171/ros2_ws/install/rrrrr_finger/share/rrrrr_finger/urdf
[0.089s] -- Up-to-date: /home/lunet/kk0171/ros2_ws/install/rrrrr_finger/share/rrrrr_finger/urdf/robot.urdf
[0.089s] -- Up-to-date: /home/lunet/kk0171/ros2_ws/install/rrrrr_finger/share/ament_index/resource_index/package_run_dependencies/rrrrr_finger
[0.091s] -- Up-to-date: /home/lunet/kk0171/ros2_ws/install/rrrrr_finger/share/ament_index/resource_index/parent_prefix_path/rrrrr_finger
[0.092s] -- Up-to-date: /home/lunet/kk0171/ros2_ws/install/rrrrr_finger/share/rrrrr_finger/environment/ament_prefix_path.sh
[0.093s] -- Up-to-date: /home/lunet/kk0171/ros2_ws/install/rrrrr_finger/share/rrrrr_finger/environment/ament_prefix_path.dsv
[0.093s] -- Up-to-date: /home/lunet/kk0171/ros2_ws/install/rrrrr_finger/share/rrrrr_finger/environment/path.sh
[0.094s] -- Up-to-date: /home/lunet/kk0171/ros2_ws/install/rrrrr_finger/share/rrrrr_finger/environment/path.dsv
[0.095s] -- Up-to-date: /home/lunet/kk0171/ros2_ws/install/rrrrr_finger/share/rrrrr_finger/local_setup.bash
[0.096s] -- Up-to-date: /home/lunet/kk0171/ros2_ws/install/rrrrr_finger/share/rrrrr_finger/local_setup.sh
[0.096s] -- Up-to-date: /home/lunet/kk0171/ros2_ws/install/rrrrr_finger/share/rrrrr_finger/local_setup.zsh
[0.098s] -- Up-to-date: /home/lunet/kk0171/ros2_ws/install/rrrrr_finger/share/rrrrr_finger/local_setup.dsv
[0.099s] -- Installing: /home/lunet/kk0171/ros2_ws/install/rrrrr_finger/share/rrrrr_finger/package.dsv
[0.104s] -- Up-to-date: /home/lunet/kk0171/ros2_ws/install/rrrrr_finger/share/ament_index/resource_index/packages/rrrrr_finger
[0.105s] -- Up-to-date: /home/lunet/kk0171/ros2_ws/install/rrrrr_finger/share/rrrrr_finger/cmake/rrrrr_fingerConfig.cmake
[0.106s] -- Up-to-date: /home/lunet/kk0171/ros2_ws/install/rrrrr_finger/share/rrrrr_finger/cmake/rrrrr_fingerConfig-version.cmake
[0.107s] -- Up-to-date: /home/lunet/kk0171/ros2_ws/install/rrrrr_finger/share/rrrrr_finger/package.xml
[0.111s] Invoked command in '/home/lunet/kk0171/ros2_ws/build/rrrrr_finger' returned '0': ANSYSLMD_LICENSE_FILE=1055@ansys.lboro.ac.uk CMAKE_PREFIX_PATH=${CMAKE_PREFIX_PATH}:/opt/ros/humble /usr/bin/cmake --install /home/lunet/kk0171/ros2_ws/build/rrrrr_finger
