[0.044s] Invoking command in '/home/lunet/kk0171/ros2_ws/build/rrrrr_finger': ANSYSLMD_LICENSE_FILE=1055@ansys.lboro.ac.uk CMAKE_PREFIX_PATH=${CMAKE_PREFIX_PATH}:/opt/ros/humble /usr/bin/cmake --build /home/lunet/kk0171/ros2_ws/build/rrrrr_finger -- -j32 -l32
[0.148s] Invoked command in '/home/lunet/kk0171/ros2_ws/build/rrrrr_finger' returned '0': ANSYSLMD_LICENSE_FILE=1055@ansys.lboro.ac.uk CMAKE_PREFIX_PATH=${CMAKE_PREFIX_PATH}:/opt/ros/humble /usr/bin/cmake --build /home/lunet/kk0171/ros2_ws/build/rrrrr_finger -- -j32 -l32
[0.176s] Invoking command in '/home/lunet/kk0171/ros2_ws/build/rrrrr_finger': ANSYSLMD_LICENSE_FILE=1055@ansys.lboro.ac.uk CMAKE_PREFIX_PATH=${CMAKE_PREFIX_PATH}:/opt/ros/humble /usr/bin/cmake --install /home/lunet/kk0171/ros2_ws/build/rrrrr_finger
[0.190s] -- Install configuration: ""
[0.190s] -- Up-to-date: /home/lunet/kk0171/ros2_ws/install/rrrrr_finger/share/rrrrr_finger/urdf
[0.193s] -- Up-to-date: /home/lunet/kk0171/ros2_ws/install/rrrrr_finger/share/rrrrr_finger/urdf/robot.urdf
[0.194s] -- Up-to-date: /home/lunet/kk0171/ros2_ws/install/rrrrr_finger/share/ament_index/resource_index/package_run_dependencies/rrrrr_finger
[0.198s] -- Up-to-date: /home/lunet/kk0171/ros2_ws/install/rrrrr_finger/share/ament_index/resource_index/parent_prefix_path/rrrrr_finger
[0.198s] -- Up-to-date: /home/lunet/kk0171/ros2_ws/install/rrrrr_finger/share/rrrrr_finger/environment/ament_prefix_path.sh
[0.198s] -- Up-to-date: /home/lunet/kk0171/ros2_ws/install/rrrrr_finger/share/rrrrr_finger/environment/ament_prefix_path.dsv
[0.199s] -- Up-to-date: /home/lunet/kk0171/ros2_ws/install/rrrrr_finger/share/rrrrr_finger/environment/path.sh
[0.200s] -- Up-to-date: /home/lunet/kk0171/ros2_ws/install/rrrrr_finger/share/rrrrr_finger/environment/path.dsv
[0.200s] -- Up-to-date: /home/lunet/kk0171/ros2_ws/install/rrrrr_finger/share/rrrrr_finger/local_setup.bash
[0.201s] -- Up-to-date: /home/lunet/kk0171/ros2_ws/install/rrrrr_finger/share/rrrrr_finger/local_setup.sh
[0.202s] -- Up-to-date: /home/lunet/kk0171/ros2_ws/install/rrrrr_finger/share/rrrrr_finger/local_setup.zsh
[0.203s] -- Up-to-date: /home/lunet/kk0171/ros2_ws/install/rrrrr_finger/share/rrrrr_finger/local_setup.dsv
[0.204s] -- Installing: /home/lunet/kk0171/ros2_ws/install/rrrrr_finger/share/rrrrr_finger/package.dsv
[0.211s] -- Up-to-date: /home/lunet/kk0171/ros2_ws/install/rrrrr_finger/share/ament_index/resource_index/packages/rrrrr_finger
[0.212s] -- Up-to-date: /home/lunet/kk0171/ros2_ws/install/rrrrr_finger/share/rrrrr_finger/cmake/rrrrr_fingerConfig.cmake
[0.213s] -- Up-to-date: /home/lunet/kk0171/ros2_ws/install/rrrrr_finger/share/rrrrr_finger/cmake/rrrrr_fingerConfig-version.cmake
[0.214s] -- Up-to-date: /home/lunet/kk0171/ros2_ws/install/rrrrr_finger/share/rrrrr_finger/package.xml
[0.217s] Invoked command in '/home/lunet/kk0171/ros2_ws/build/rrrrr_finger' returned '0': ANSYSLMD_LICENSE_FILE=1055@ansys.lboro.ac.uk CMAKE_PREFIX_PATH=${CMAKE_PREFIX_PATH}:/opt/ros/humble /usr/bin/cmake --install /home/lunet/kk0171/ros2_ws/build/rrrrr_finger
