[0.123s] Invoking command in '/home/lunet/kk0171/ros2_ws/build/scara_pkg': ANSYSLMD_LICENSE_FILE=1055@ansys.lboro.ac.uk CMAKE_PREFIX_PATH=${CMAKE_PREFIX_PATH}:/opt/ros/humble /usr/bin/cmake --build /home/lunet/kk0171/ros2_ws/build/scara_pkg -- -j32 -l32
[0.229s] Invoked command in '/home/lunet/kk0171/ros2_ws/build/scara_pkg' returned '0': ANSYSLMD_LICENSE_FILE=1055@ansys.lboro.ac.uk CMAKE_PREFIX_PATH=${CMAKE_PREFIX_PATH}:/opt/ros/humble /usr/bin/cmake --build /home/lunet/kk0171/ros2_ws/build/scara_pkg -- -j32 -l32
[0.261s] Invoking command in '/home/lunet/kk0171/ros2_ws/build/scara_pkg': ANSYSLMD_LICENSE_FILE=1055@ansys.lboro.ac.uk CMAKE_PREFIX_PATH=${CMAKE_PREFIX_PATH}:/opt/ros/humble /usr/bin/cmake --install /home/lunet/kk0171/ros2_ws/build/scara_pkg
[0.272s] -- Install configuration: ""
[0.273s] -- Up-to-date: /home/lunet/kk0171/ros2_ws/install/scara_pkg/share/scara_pkg/launch
[0.275s] -- Up-to-date: /home/lunet/kk0171/ros2_ws/install/scara_pkg/share/scara_pkg/launch/robot.launch.py
[0.276s] -- Up-to-date: /home/lunet/kk0171/ros2_ws/install/scara_pkg/share/scara_pkg/urdf
[0.281s] -- Up-to-date: /home/lunet/kk0171/ros2_ws/install/scara_pkg/share/scara_pkg/urdf/robot.urdf
[0.282s] -- Up-to-date: /home/lunet/kk0171/ros2_ws/install/scara_pkg/share/scara_pkg/meshes
[0.282s] -- Up-to-date: /home/lunet/kk0171/ros2_ws/install/scara_pkg/share/scara_pkg/meshes/base_link.dae
[0.282s] -- Up-to-date: /home/lunet/kk0171/ros2_ws/install/scara_pkg/share/scara_pkg/meshes/finger.dae
[0.282s] -- Up-to-date: /home/lunet/kk0171/ros2_ws/install/scara_pkg/share/scara_pkg/meshes/link3.dae
[0.282s] -- Up-to-date: /home/lunet/kk0171/ros2_ws/install/scara_pkg/share/scara_pkg/meshes/hand.dae
[0.283s] -- Installing: /home/lunet/kk0171/ros2_ws/install/scara_pkg/share/scara_pkg/meshes/link1.dae
[0.290s] -- Installing: /home/lunet/kk0171/ros2_ws/install/scara_pkg/share/scara_pkg/meshes/link2.dae
[0.295s] -- Up-to-date: /home/lunet/kk0171/ros2_ws/install/scara_pkg/share/ament_index/resource_index/package_run_dependencies/scara_pkg
[0.297s] -- Up-to-date: /home/lunet/kk0171/ros2_ws/install/scara_pkg/share/ament_index/resource_index/parent_prefix_path/scara_pkg
[0.298s] -- Installing: /home/lunet/kk0171/ros2_ws/install/scara_pkg/share/scara_pkg/environment/ament_prefix_path.sh
[0.304s] -- Up-to-date: /home/lunet/kk0171/ros2_ws/install/scara_pkg/share/scara_pkg/environment/ament_prefix_path.dsv
[0.305s] -- Installing: /home/lunet/kk0171/ros2_ws/install/scara_pkg/share/scara_pkg/environment/path.sh
[0.311s] -- Up-to-date: /home/lunet/kk0171/ros2_ws/install/scara_pkg/share/scara_pkg/environment/path.dsv
[0.312s] -- Up-to-date: /home/lunet/kk0171/ros2_ws/install/scara_pkg/share/scara_pkg/local_setup.bash
[0.312s] -- Up-to-date: /home/lunet/kk0171/ros2_ws/install/scara_pkg/share/scara_pkg/local_setup.sh
[0.313s] -- Up-to-date: /home/lunet/kk0171/ros2_ws/install/scara_pkg/share/scara_pkg/local_setup.zsh
[0.315s] -- Up-to-date: /home/lunet/kk0171/ros2_ws/install/scara_pkg/share/scara_pkg/local_setup.dsv
[0.316s] -- Installing: /home/lunet/kk0171/ros2_ws/install/scara_pkg/share/scara_pkg/package.dsv
[0.323s] -- Up-to-date: /home/lunet/kk0171/ros2_ws/install/scara_pkg/share/ament_index/resource_index/packages/scara_pkg
[0.324s] -- Up-to-date: /home/lunet/kk0171/ros2_ws/install/scara_pkg/share/scara_pkg/cmake/scara_pkgConfig.cmake
[0.324s] -- Up-to-date: /home/lunet/kk0171/ros2_ws/install/scara_pkg/share/scara_pkg/cmake/scara_pkgConfig-version.cmake
[0.325s] -- Up-to-date: /home/lunet/kk0171/ros2_ws/install/scara_pkg/share/scara_pkg/package.xml
[0.442s] Invoked command in '/home/lunet/kk0171/ros2_ws/build/scara_pkg' returned '0': ANSYSLMD_LICENSE_FILE=1055@ansys.lboro.ac.uk CMAKE_PREFIX_PATH=${CMAKE_PREFIX_PATH}:/opt/ros/humble /usr/bin/cmake --install /home/lunet/kk0171/ros2_ws/build/scara_pkg
