[0.081s] Invoking command in '/home/lunet/kk0171/ros2_ws/build/rrrrr_finger': ANSYSLMD_LICENSE_FILE=1055@ansys.lboro.ac.uk CMAKE_PREFIX_PATH=${CMAKE_PREFIX_PATH}:/opt/ros/humble /usr/bin/cmake --build /home/lunet/kk0171/ros2_ws/build/rrrrr_finger -- -j32 -l32
[0.322s] Invoked command in '/home/lunet/kk0171/ros2_ws/build/rrrrr_finger' returned '0': ANSYSLMD_LICENSE_FILE=1055@ansys.lboro.ac.uk CMAKE_PREFIX_PATH=${CMAKE_PREFIX_PATH}:/opt/ros/humble /usr/bin/cmake --build /home/lunet/kk0171/ros2_ws/build/rrrrr_finger -- -j32 -l32
[0.335s] Invoking command in '/home/lunet/kk0171/ros2_ws/build/rrrrr_finger': ANSYSLMD_LICENSE_FILE=1055@ansys.lboro.ac.uk CMAKE_PREFIX_PATH=${CMAKE_PREFIX_PATH}:/opt/ros/humble /usr/bin/cmake --install /home/lunet/kk0171/ros2_ws/build/rrrrr_finger
[0.351s] -- Install configuration: ""
[0.352s] -- Up-to-date: /home/lunet/kk0171/ros2_ws/install/rrrrr_finger/share/rrrrr_finger/urdf
[0.355s] -- Up-to-date: /home/lunet/kk0171/ros2_ws/install/rrrrr_finger/share/rrrrr_finger/urdf/robot.urdf
[0.356s] -- Up-to-date: /home/lunet/kk0171/ros2_ws/install/rrrrr_finger/share/ament_index/resource_index/package_run_dependencies/rrrrr_finger
[0.358s] -- Up-to-date: /home/lunet/kk0171/ros2_ws/install/rrrrr_finger/share/ament_index/resource_index/parent_prefix_path/rrrrr_finger
[0.360s] -- Up-to-date: /home/lunet/kk0171/ros2_ws/install/rrrrr_finger/share/rrrrr_finger/environment/ament_prefix_path.sh
[0.361s] -- Up-to-date: /home/lunet/kk0171/ros2_ws/install/rrrrr_finger/share/rrrrr_finger/environment/ament_prefix_path.dsv
[0.362s] -- Up-to-date: /home/lunet/kk0171/ros2_ws/install/rrrrr_finger/share/rrrrr_finger/environment/path.sh
[0.364s] -- Up-to-date: /home/lunet/kk0171/ros2_ws/install/rrrrr_finger/share/rrrrr_finger/environment/path.dsv
[0.365s] -- Up-to-date: /home/lunet/kk0171/ros2_ws/install/rrrrr_finger/share/rrrrr_finger/local_setup.bash
[0.366s] -- Up-to-date: /home/lunet/kk0171/ros2_ws/install/rrrrr_finger/share/rrrrr_finger/local_setup.sh
[0.367s] -- Up-to-date: /home/lunet/kk0171/ros2_ws/install/rrrrr_finger/share/rrrrr_finger/local_setup.zsh
[0.368s] -- Up-to-date: /home/lunet/kk0171/ros2_ws/install/rrrrr_finger/share/rrrrr_finger/local_setup.dsv
[0.370s] -- Installing: /home/lunet/kk0171/ros2_ws/install/rrrrr_finger/share/rrrrr_finger/package.dsv
[0.378s] -- Up-to-date: /home/lunet/kk0171/ros2_ws/install/rrrrr_finger/share/ament_index/resource_index/packages/rrrrr_finger
[0.379s] -- Up-to-date: /home/lunet/kk0171/ros2_ws/install/rrrrr_finger/share/rrrrr_finger/cmake/rrrrr_fingerConfig.cmake
[0.380s] -- Up-to-date: /home/lunet/kk0171/ros2_ws/install/rrrrr_finger/share/rrrrr_finger/cmake/rrrrr_fingerConfig-version.cmake
[0.381s] -- Up-to-date: /home/lunet/kk0171/ros2_ws/install/rrrrr_finger/share/rrrrr_finger/package.xml
[0.475s] Invoked command in '/home/lunet/kk0171/ros2_ws/build/rrrrr_finger' returned '0': ANSYSLMD_LICENSE_FILE=1055@ansys.lboro.ac.uk CMAKE_PREFIX_PATH=${CMAKE_PREFIX_PATH}:/opt/ros/humble /usr/bin/cmake --install /home/lunet/kk0171/ros2_ws/build/rrrrr_finger
