[0.052s] DEBUG:colcon:Command line arguments: ['/usr/bin/colcon', 'build']
[0.052s] DEBUG:colcon:Parsed command line arguments: Namespace(log_base=None, log_level=None, verb_name='build', build_base='build', install_base='install', merge_install=False, symlink_install=False, test_result_base=None, continue_on_error=False, executor='parallel', parallel_workers=32, event_handlers=None, ignore_user_meta=False, metas=['./colcon.meta'], base_paths=['.'], packages_ignore=None, packages_ignore_regex=None, paths=None, packages_up_to=None, packages_up_to_regex=None, packages_above=None, packages_above_and_dependencies=None, packages_above_depth=None, packages_select_by_dep=None, packages_skip_by_dep=None, packages_skip_up_to=None, packages_select_build_failed=False, packages_skip_build_finished=False, packages_select_test_failures=False, packages_skip_test_passed=False, packages_select=None, packages_skip=None, packages_select_regex=None, packages_skip_regex=None, packages_start=None, packages_end=None, allow_overriding=[], cmake_args=None, cmake_target=None, cmake_target_skip_unavailable=False, cmake_clean_cache=False, cmake_clean_first=False, cmake_force_configure=False, ament_cmake_args=None, catkin_cmake_args=None, catkin_skip_building_tests=False, mixin_files=None, mixin=None, verb_parser=<colcon_mixin.mixin.mixin_argument.MixinArgumentDecorator object at 0x7472d48661d0>, verb_extension=<colcon_core.verb.build.BuildVerb object at 0x7472d4973130>, main=<bound method BuildVerb.main of <colcon_core.verb.build.BuildVerb object at 0x7472d4973130>>, mixin_verb=('build',))
[0.128s] Level 1:colcon.colcon_core.package_discovery:discover_packages(colcon_meta) check parameters
[0.128s] Level 1:colcon.colcon_core.package_discovery:discover_packages(recursive) check parameters
[0.128s] Level 1:colcon.colcon_core.package_discovery:discover_packages(ignore) check parameters
[0.128s] Level 1:colcon.colcon_core.package_discovery:discover_packages(path) check parameters
[0.128s] Level 1:colcon.colcon_core.package_discovery:discover_packages(colcon_meta) discover
[0.128s] Level 1:colcon.colcon_core.package_discovery:discover_packages(recursive) discover
[0.128s] INFO:colcon.colcon_core.package_discovery:Crawling recursively for packages in '/home/lunet/kk0171/ros2_ws'
[0.129s] Level 1:colcon.colcon_core.package_identification:_identify(.) by extensions ['ignore', 'ignore_ament_install']
[0.129s] Level 1:colcon.colcon_core.package_identification:_identify(.) by extension 'ignore'
[0.129s] Level 1:colcon.colcon_core.package_identification:_identify(.) by extension 'ignore_ament_install'
[0.129s] Level 1:colcon.colcon_core.package_identification:_identify(.) by extensions ['colcon_pkg']
[0.129s] Level 1:colcon.colcon_core.package_identification:_identify(.) by extension 'colcon_pkg'
[0.129s] Level 1:colcon.colcon_core.package_identification:_identify(.) by extensions ['colcon_meta']
[0.129s] Level 1:colcon.colcon_core.package_identification:_identify(.) by extension 'colcon_meta'
[0.129s] Level 1:colcon.colcon_core.package_identification:_identify(.) by extensions ['ros']
[0.129s] Level 1:colcon.colcon_core.package_identification:_identify(.) by extension 'ros'
[0.134s] Level 1:colcon.colcon_core.package_identification:_identify(.) by extensions ['cmake', 'python']
[0.134s] Level 1:colcon.colcon_core.package_identification:_identify(.) by extension 'cmake'
[0.134s] Level 1:colcon.colcon_core.package_identification:_identify(.) by extension 'python'
[0.134s] Level 1:colcon.colcon_core.package_identification:_identify(.) by extensions ['python_setup_py']
[0.134s] Level 1:colcon.colcon_core.package_identification:_identify(.) by extension 'python_setup_py'
[0.134s] Level 1:colcon.colcon_core.package_identification:_identify(build) by extensions ['ignore', 'ignore_ament_install']
[0.134s] Level 1:colcon.colcon_core.package_identification:_identify(build) by extension 'ignore'
[0.134s] Level 1:colcon.colcon_core.package_identification:_identify(build) ignored
[0.135s] Level 1:colcon.colcon_core.package_identification:_identify(install) by extensions ['ignore', 'ignore_ament_install']
[0.135s] Level 1:colcon.colcon_core.package_identification:_identify(install) by extension 'ignore'
[0.135s] Level 1:colcon.colcon_core.package_identification:_identify(install) ignored
[0.136s] Level 1:colcon.colcon_core.package_identification:_identify(log) by extensions ['ignore', 'ignore_ament_install']
[0.136s] Level 1:colcon.colcon_core.package_identification:_identify(log) by extension 'ignore'
[0.136s] Level 1:colcon.colcon_core.package_identification:_identify(log) ignored
[0.137s] Level 1:colcon.colcon_core.package_identification:_identify(src) by extensions ['ignore', 'ignore_ament_install']
[0.137s] Level 1:colcon.colcon_core.package_identification:_identify(src) by extension 'ignore'
[0.137s] Level 1:colcon.colcon_core.package_identification:_identify(src) by extension 'ignore_ament_install'
[0.137s] Level 1:colcon.colcon_core.package_identification:_identify(src) by extensions ['colcon_pkg']
[0.137s] Level 1:colcon.colcon_core.package_identification:_identify(src) by extension 'colcon_pkg'
[0.137s] Level 1:colcon.colcon_core.package_identification:_identify(src) by extensions ['colcon_meta']
[0.137s] Level 1:colcon.colcon_core.package_identification:_identify(src) by extension 'colcon_meta'
[0.137s] Level 1:colcon.colcon_core.package_identification:_identify(src) by extensions ['ros']
[0.137s] Level 1:colcon.colcon_core.package_identification:_identify(src) by extension 'ros'
[0.137s] Level 1:colcon.colcon_core.package_identification:_identify(src) by extensions ['cmake', 'python']
[0.137s] Level 1:colcon.colcon_core.package_identification:_identify(src) by extension 'cmake'
[0.137s] Level 1:colcon.colcon_core.package_identification:_identify(src) by extension 'python'
[0.137s] Level 1:colcon.colcon_core.package_identification:_identify(src) by extensions ['python_setup_py']
[0.137s] Level 1:colcon.colcon_core.package_identification:_identify(src) by extension 'python_setup_py'
[0.137s] Level 1:colcon.colcon_core.package_identification:_identify(src/rrrrr_finger) by extensions ['ignore', 'ignore_ament_install']
[0.137s] Level 1:colcon.colcon_core.package_identification:_identify(src/rrrrr_finger) by extension 'ignore'
[0.137s] Level 1:colcon.colcon_core.package_identification:_identify(src/rrrrr_finger) by extension 'ignore_ament_install'
[0.138s] Level 1:colcon.colcon_core.package_identification:_identify(src/rrrrr_finger) by extensions ['colcon_pkg']
[0.138s] Level 1:colcon.colcon_core.package_identification:_identify(src/rrrrr_finger) by extension 'colcon_pkg'
[0.138s] Level 1:colcon.colcon_core.package_identification:_identify(src/rrrrr_finger) by extensions ['colcon_meta']
[0.138s] Level 1:colcon.colcon_core.package_identification:_identify(src/rrrrr_finger) by extension 'colcon_meta'
[0.138s] Level 1:colcon.colcon_core.package_identification:_identify(src/rrrrr_finger) by extensions ['ros']
[0.138s] Level 1:colcon.colcon_core.package_identification:_identify(src/rrrrr_finger) by extension 'ros'
[0.140s] DEBUG:colcon.colcon_core.package_identification:Package 'src/rrrrr_finger' with type 'ros.ament_cmake' and name 'rrrrr_finger'
[0.140s] Level 1:colcon.colcon_core.package_identification:_identify(src/scara_moveit_config) by extensions ['ignore', 'ignore_ament_install']
[0.140s] Level 1:colcon.colcon_core.package_identification:_identify(src/scara_moveit_config) by extension 'ignore'
[0.140s] Level 1:colcon.colcon_core.package_identification:_identify(src/scara_moveit_config) by extension 'ignore_ament_install'
[0.140s] Level 1:colcon.colcon_core.package_identification:_identify(src/scara_moveit_config) by extensions ['colcon_pkg']
[0.140s] Level 1:colcon.colcon_core.package_identification:_identify(src/scara_moveit_config) by extension 'colcon_pkg'
[0.140s] Level 1:colcon.colcon_core.package_identification:_identify(src/scara_moveit_config) by extensions ['colcon_meta']
[0.140s] Level 1:colcon.colcon_core.package_identification:_identify(src/scara_moveit_config) by extension 'colcon_meta'
[0.140s] Level 1:colcon.colcon_core.package_identification:_identify(src/scara_moveit_config) by extensions ['ros']
[0.140s] Level 1:colcon.colcon_core.package_identification:_identify(src/scara_moveit_config) by extension 'ros'
[0.142s] DEBUG:colcon.colcon_core.package_identification:Package 'src/scara_moveit_config' with type 'ros.ament_cmake' and name 'scara_moveit_config'
[0.142s] Level 1:colcon.colcon_core.package_identification:_identify(src/scara_pkg) by extensions ['ignore', 'ignore_ament_install']
[0.142s] Level 1:colcon.colcon_core.package_identification:_identify(src/scara_pkg) by extension 'ignore'
[0.142s] Level 1:colcon.colcon_core.package_identification:_identify(src/scara_pkg) by extension 'ignore_ament_install'
[0.142s] Level 1:colcon.colcon_core.package_identification:_identify(src/scara_pkg) by extensions ['colcon_pkg']
[0.142s] Level 1:colcon.colcon_core.package_identification:_identify(src/scara_pkg) by extension 'colcon_pkg'
[0.142s] Level 1:colcon.colcon_core.package_identification:_identify(src/scara_pkg) by extensions ['colcon_meta']
[0.142s] Level 1:colcon.colcon_core.package_identification:_identify(src/scara_pkg) by extension 'colcon_meta'
[0.142s] Level 1:colcon.colcon_core.package_identification:_identify(src/scara_pkg) by extensions ['ros']
[0.142s] Level 1:colcon.colcon_core.package_identification:_identify(src/scara_pkg) by extension 'ros'
[0.143s] DEBUG:colcon.colcon_core.package_identification:Package 'src/scara_pkg' with type 'ros.ament_cmake' and name 'scara_pkg'
[0.144s] Level 1:colcon.colcon_core.package_identification:_identify(src/simple_robot_moveit_config) by extensions ['ignore', 'ignore_ament_install']
[0.144s] Level 1:colcon.colcon_core.package_identification:_identify(src/simple_robot_moveit_config) by extension 'ignore'
[0.144s] Level 1:colcon.colcon_core.package_identification:_identify(src/simple_robot_moveit_config) by extension 'ignore_ament_install'
[0.144s] Level 1:colcon.colcon_core.package_identification:_identify(src/simple_robot_moveit_config) by extensions ['colcon_pkg']
[0.144s] Level 1:colcon.colcon_core.package_identification:_identify(src/simple_robot_moveit_config) by extension 'colcon_pkg'
[0.144s] Level 1:colcon.colcon_core.package_identification:_identify(src/simple_robot_moveit_config) by extensions ['colcon_meta']
[0.144s] Level 1:colcon.colcon_core.package_identification:_identify(src/simple_robot_moveit_config) by extension 'colcon_meta'
[0.144s] Level 1:colcon.colcon_core.package_identification:_identify(src/simple_robot_moveit_config) by extensions ['ros']
[0.144s] Level 1:colcon.colcon_core.package_identification:_identify(src/simple_robot_moveit_config) by extension 'ros'
[0.145s] DEBUG:colcon.colcon_core.package_identification:Package 'src/simple_robot_moveit_config' with type 'ros.ament_cmake' and name 'simple_robot_moveit_config'
[0.145s] Level 1:colcon.colcon_core.package_discovery:discover_packages(recursive) using defaults
[0.145s] Level 1:colcon.colcon_core.package_discovery:discover_packages(ignore) discover
[0.145s] Level 1:colcon.colcon_core.package_discovery:discover_packages(ignore) using defaults
[0.145s] Level 1:colcon.colcon_core.package_discovery:discover_packages(path) discover
[0.145s] Level 1:colcon.colcon_core.package_discovery:discover_packages(path) using defaults
[0.158s] Level 1:colcon.colcon_core.package_discovery:discover_packages(prefix_path) check parameters
[0.158s] Level 1:colcon.colcon_core.package_discovery:discover_packages(prefix_path) discover
[0.171s] DEBUG:colcon.colcon_installed_package_information.package_discovery:Found 4 installed packages in /home/lunet/kk0171/ros2_ws/install
[0.172s] DEBUG:colcon.colcon_installed_package_information.package_discovery:Found 424 installed packages in /opt/ros/humble
[0.173s] Level 1:colcon.colcon_core.package_discovery:discover_packages(prefix_path) using defaults
[0.206s] Level 5:colcon.colcon_core.verb:set package 'rrrrr_finger' build argument 'cmake_args' from command line to 'None'
[0.206s] Level 5:colcon.colcon_core.verb:set package 'rrrrr_finger' build argument 'cmake_target' from command line to 'None'
[0.206s] Level 5:colcon.colcon_core.verb:set package 'rrrrr_finger' build argument 'cmake_target_skip_unavailable' from command line to 'False'
[0.206s] Level 5:colcon.colcon_core.verb:set package 'rrrrr_finger' build argument 'cmake_clean_cache' from command line to 'False'
[0.206s] Level 5:colcon.colcon_core.verb:set package 'rrrrr_finger' build argument 'cmake_clean_first' from command line to 'False'
[0.206s] Level 5:colcon.colcon_core.verb:set package 'rrrrr_finger' build argument 'cmake_force_configure' from command line to 'False'
[0.206s] Level 5:colcon.colcon_core.verb:set package 'rrrrr_finger' build argument 'ament_cmake_args' from command line to 'None'
[0.206s] Level 5:colcon.colcon_core.verb:set package 'rrrrr_finger' build argument 'catkin_cmake_args' from command line to 'None'
[0.206s] Level 5:colcon.colcon_core.verb:set package 'rrrrr_finger' build argument 'catkin_skip_building_tests' from command line to 'False'
[0.206s] DEBUG:colcon.colcon_core.verb:Building package 'rrrrr_finger' with the following arguments: {'ament_cmake_args': None, 'build_base': '/home/lunet/kk0171/ros2_ws/build/rrrrr_finger', 'catkin_cmake_args': None, 'catkin_skip_building_tests': False, 'cmake_args': None, 'cmake_clean_cache': False, 'cmake_clean_first': False, 'cmake_force_configure': False, 'cmake_target': None, 'cmake_target_skip_unavailable': False, 'install_base': '/home/lunet/kk0171/ros2_ws/install/rrrrr_finger', 'merge_install': False, 'path': '/home/lunet/kk0171/ros2_ws/src/rrrrr_finger', 'symlink_install': False, 'test_result_base': None}
[0.206s] Level 5:colcon.colcon_core.verb:set package 'scara_pkg' build argument 'cmake_args' from command line to 'None'
[0.206s] Level 5:colcon.colcon_core.verb:set package 'scara_pkg' build argument 'cmake_target' from command line to 'None'
[0.206s] Level 5:colcon.colcon_core.verb:set package 'scara_pkg' build argument 'cmake_target_skip_unavailable' from command line to 'False'
[0.206s] Level 5:colcon.colcon_core.verb:set package 'scara_pkg' build argument 'cmake_clean_cache' from command line to 'False'
[0.206s] Level 5:colcon.colcon_core.verb:set package 'scara_pkg' build argument 'cmake_clean_first' from command line to 'False'
[0.206s] Level 5:colcon.colcon_core.verb:set package 'scara_pkg' build argument 'cmake_force_configure' from command line to 'False'
[0.206s] Level 5:colcon.colcon_core.verb:set package 'scara_pkg' build argument 'ament_cmake_args' from command line to 'None'
[0.206s] Level 5:colcon.colcon_core.verb:set package 'scara_pkg' build argument 'catkin_cmake_args' from command line to 'None'
[0.206s] Level 5:colcon.colcon_core.verb:set package 'scara_pkg' build argument 'catkin_skip_building_tests' from command line to 'False'
[0.206s] DEBUG:colcon.colcon_core.verb:Building package 'scara_pkg' with the following arguments: {'ament_cmake_args': None, 'build_base': '/home/lunet/kk0171/ros2_ws/build/scara_pkg', 'catkin_cmake_args': None, 'catkin_skip_building_tests': False, 'cmake_args': None, 'cmake_clean_cache': False, 'cmake_clean_first': False, 'cmake_force_configure': False, 'cmake_target': None, 'cmake_target_skip_unavailable': False, 'install_base': '/home/lunet/kk0171/ros2_ws/install/scara_pkg', 'merge_install': False, 'path': '/home/lunet/kk0171/ros2_ws/src/scara_pkg', 'symlink_install': False, 'test_result_base': None}
[0.206s] Level 5:colcon.colcon_core.verb:set package 'scara_moveit_config' build argument 'cmake_args' from command line to 'None'
[0.206s] Level 5:colcon.colcon_core.verb:set package 'scara_moveit_config' build argument 'cmake_target' from command line to 'None'
[0.206s] Level 5:colcon.colcon_core.verb:set package 'scara_moveit_config' build argument 'cmake_target_skip_unavailable' from command line to 'False'
[0.206s] Level 5:colcon.colcon_core.verb:set package 'scara_moveit_config' build argument 'cmake_clean_cache' from command line to 'False'
[0.206s] Level 5:colcon.colcon_core.verb:set package 'scara_moveit_config' build argument 'cmake_clean_first' from command line to 'False'
[0.206s] Level 5:colcon.colcon_core.verb:set package 'scara_moveit_config' build argument 'cmake_force_configure' from command line to 'False'
[0.206s] Level 5:colcon.colcon_core.verb:set package 'scara_moveit_config' build argument 'ament_cmake_args' from command line to 'None'
[0.206s] Level 5:colcon.colcon_core.verb:set package 'scara_moveit_config' build argument 'catkin_cmake_args' from command line to 'None'
[0.206s] Level 5:colcon.colcon_core.verb:set package 'scara_moveit_config' build argument 'catkin_skip_building_tests' from command line to 'False'
[0.206s] DEBUG:colcon.colcon_core.verb:Building package 'scara_moveit_config' with the following arguments: {'ament_cmake_args': None, 'build_base': '/home/lunet/kk0171/ros2_ws/build/scara_moveit_config', 'catkin_cmake_args': None, 'catkin_skip_building_tests': False, 'cmake_args': None, 'cmake_clean_cache': False, 'cmake_clean_first': False, 'cmake_force_configure': False, 'cmake_target': None, 'cmake_target_skip_unavailable': False, 'install_base': '/home/lunet/kk0171/ros2_ws/install/scara_moveit_config', 'merge_install': False, 'path': '/home/lunet/kk0171/ros2_ws/src/scara_moveit_config', 'symlink_install': False, 'test_result_base': None}
[0.206s] Level 5:colcon.colcon_core.verb:set package 'simple_robot_moveit_config' build argument 'cmake_args' from command line to 'None'
[0.206s] Level 5:colcon.colcon_core.verb:set package 'simple_robot_moveit_config' build argument 'cmake_target' from command line to 'None'
[0.206s] Level 5:colcon.colcon_core.verb:set package 'simple_robot_moveit_config' build argument 'cmake_target_skip_unavailable' from command line to 'False'
[0.206s] Level 5:colcon.colcon_core.verb:set package 'simple_robot_moveit_config' build argument 'cmake_clean_cache' from command line to 'False'
[0.206s] Level 5:colcon.colcon_core.verb:set package 'simple_robot_moveit_config' build argument 'cmake_clean_first' from command line to 'False'
[0.206s] Level 5:colcon.colcon_core.verb:set package 'simple_robot_moveit_config' build argument 'cmake_force_configure' from command line to 'False'
[0.206s] Level 5:colcon.colcon_core.verb:set package 'simple_robot_moveit_config' build argument 'ament_cmake_args' from command line to 'None'
[0.206s] Level 5:colcon.colcon_core.verb:set package 'simple_robot_moveit_config' build argument 'catkin_cmake_args' from command line to 'None'
[0.206s] Level 5:colcon.colcon_core.verb:set package 'simple_robot_moveit_config' build argument 'catkin_skip_building_tests' from command line to 'False'
[0.206s] DEBUG:colcon.colcon_core.verb:Building package 'simple_robot_moveit_config' with the following arguments: {'ament_cmake_args': None, 'build_base': '/home/lunet/kk0171/ros2_ws/build/simple_robot_moveit_config', 'catkin_cmake_args': None, 'catkin_skip_building_tests': False, 'cmake_args': None, 'cmake_clean_cache': False, 'cmake_clean_first': False, 'cmake_force_configure': False, 'cmake_target': None, 'cmake_target_skip_unavailable': False, 'install_base': '/home/lunet/kk0171/ros2_ws/install/simple_robot_moveit_config', 'merge_install': False, 'path': '/home/lunet/kk0171/ros2_ws/src/simple_robot_moveit_config', 'symlink_install': False, 'test_result_base': None}
[0.207s] INFO:colcon.colcon_core.executor:Executing jobs using 'parallel' executor
[0.207s] DEBUG:colcon.colcon_parallel_executor.executor.parallel:run_until_complete
[0.207s] INFO:colcon.colcon_ros.task.ament_cmake.build:Building ROS package in '/home/lunet/kk0171/ros2_ws/src/rrrrr_finger' with build type 'ament_cmake'
[0.207s] INFO:colcon.colcon_cmake.task.cmake.build:Building CMake package in '/home/lunet/kk0171/ros2_ws/src/rrrrr_finger'
[0.209s] INFO:colcon.colcon_core.plugin_system:Skipping extension 'colcon_core.shell.bat': Not used on non-Windows systems
[0.209s] INFO:colcon.colcon_core.shell:Skip shell extension 'powershell' for command environment: Not usable outside of PowerShell
[0.209s] DEBUG:colcon.colcon_core.shell:Skip shell extension 'dsv' for command environment
[0.216s] INFO:colcon.colcon_ros.task.ament_cmake.build:Building ROS package in '/home/lunet/kk0171/ros2_ws/src/scara_pkg' with build type 'ament_cmake'
[0.216s] INFO:colcon.colcon_cmake.task.cmake.build:Building CMake package in '/home/lunet/kk0171/ros2_ws/src/scara_pkg'
[0.216s] INFO:colcon.colcon_core.shell:Skip shell extension 'powershell' for command environment: Not usable outside of PowerShell
[0.216s] DEBUG:colcon.colcon_core.shell:Skip shell extension 'dsv' for command environment
[0.233s] DEBUG:colcon.colcon_core.event_handler.log_command:Invoking command in '/home/lunet/kk0171/ros2_ws/build/rrrrr_finger': ANSYSLMD_LICENSE_FILE=1055@ansys.lboro.ac.uk CMAKE_PREFIX_PATH=${CMAKE_PREFIX_PATH}:/opt/ros/humble /usr/bin/cmake --build /home/lunet/kk0171/ros2_ws/build/rrrrr_finger -- -j32 -l32
[0.242s] DEBUG:colcon.colcon_core.event_handler.log_command:Invoking command in '/home/lunet/kk0171/ros2_ws/build/scara_pkg': ANSYSLMD_LICENSE_FILE=1055@ansys.lboro.ac.uk CMAKE_PREFIX_PATH=${CMAKE_PREFIX_PATH}:/opt/ros/humble /usr/bin/cmake --build /home/lunet/kk0171/ros2_ws/build/scara_pkg -- -j32 -l32
[0.273s] DEBUG:colcon.colcon_core.event_handler.log_command:Invoked command in '/home/lunet/kk0171/ros2_ws/build/rrrrr_finger' returned '0': ANSYSLMD_LICENSE_FILE=1055@ansys.lboro.ac.uk CMAKE_PREFIX_PATH=${CMAKE_PREFIX_PATH}:/opt/ros/humble /usr/bin/cmake --build /home/lunet/kk0171/ros2_ws/build/rrrrr_finger -- -j32 -l32
[0.285s] DEBUG:colcon.colcon_core.event_handler.log_command:Invoking command in '/home/lunet/kk0171/ros2_ws/build/rrrrr_finger': ANSYSLMD_LICENSE_FILE=1055@ansys.lboro.ac.uk CMAKE_PREFIX_PATH=${CMAKE_PREFIX_PATH}:/opt/ros/humble /usr/bin/cmake --install /home/lunet/kk0171/ros2_ws/build/rrrrr_finger
[0.287s] DEBUG:colcon.colcon_core.event_handler.log_command:Invoked command in '/home/lunet/kk0171/ros2_ws/build/scara_pkg' returned '0': ANSYSLMD_LICENSE_FILE=1055@ansys.lboro.ac.uk CMAKE_PREFIX_PATH=${CMAKE_PREFIX_PATH}:/opt/ros/humble /usr/bin/cmake --build /home/lunet/kk0171/ros2_ws/build/scara_pkg -- -j32 -l32
[0.290s] DEBUG:colcon.colcon_core.event_handler.log_command:Invoking command in '/home/lunet/kk0171/ros2_ws/build/scara_pkg': ANSYSLMD_LICENSE_FILE=1055@ansys.lboro.ac.uk CMAKE_PREFIX_PATH=${CMAKE_PREFIX_PATH}:/opt/ros/humble /usr/bin/cmake --install /home/lunet/kk0171/ros2_ws/build/scara_pkg
[0.318s] Level 1:colcon.colcon_core.environment:create_environment_scripts_only(rrrrr_finger)
[0.318s] DEBUG:colcon.colcon_core.event_handler.log_command:Invoked command in '/home/lunet/kk0171/ros2_ws/build/rrrrr_finger' returned '0': ANSYSLMD_LICENSE_FILE=1055@ansys.lboro.ac.uk CMAKE_PREFIX_PATH=${CMAKE_PREFIX_PATH}:/opt/ros/humble /usr/bin/cmake --install /home/lunet/kk0171/ros2_ws/build/rrrrr_finger
[0.319s] Level 1:colcon.colcon_core.environment:checking '/home/lunet/kk0171/ros2_ws/install/rrrrr_finger' for CMake module files
[0.321s] Level 1:colcon.colcon_core.environment:checking '/home/lunet/kk0171/ros2_ws/install/rrrrr_finger' for CMake config files
[0.323s] Level 1:colcon.colcon_core.shell:create_environment_hook('rrrrr_finger', 'cmake_prefix_path')
[0.323s] INFO:colcon.colcon_core.shell:Creating environment hook '/home/lunet/kk0171/ros2_ws/install/rrrrr_finger/share/rrrrr_finger/hook/cmake_prefix_path.ps1'
[0.326s] INFO:colcon.colcon_core.shell:Creating environment descriptor '/home/lunet/kk0171/ros2_ws/install/rrrrr_finger/share/rrrrr_finger/hook/cmake_prefix_path.dsv'
[0.328s] INFO:colcon.colcon_core.shell:Creating environment hook '/home/lunet/kk0171/ros2_ws/install/rrrrr_finger/share/rrrrr_finger/hook/cmake_prefix_path.sh'
[0.331s] Level 1:colcon.colcon_core.environment:checking '/home/lunet/kk0171/ros2_ws/install/rrrrr_finger/bin'
[0.331s] Level 1:colcon.colcon_core.environment:checking '/home/lunet/kk0171/ros2_ws/install/rrrrr_finger/lib/pkgconfig/rrrrr_finger.pc'
[0.331s] Level 1:colcon.colcon_core.environment:checking '/home/lunet/kk0171/ros2_ws/install/rrrrr_finger/lib/python3.10/site-packages'
[0.331s] Level 1:colcon.colcon_core.environment:checking '/home/lunet/kk0171/ros2_ws/install/rrrrr_finger/bin'
[0.332s] INFO:colcon.colcon_core.shell:Creating package script '/home/lunet/kk0171/ros2_ws/install/rrrrr_finger/share/rrrrr_finger/package.ps1'
[0.334s] INFO:colcon.colcon_core.shell:Creating package descriptor '/home/lunet/kk0171/ros2_ws/install/rrrrr_finger/share/rrrrr_finger/package.dsv'
[0.336s] INFO:colcon.colcon_core.shell:Creating package script '/home/lunet/kk0171/ros2_ws/install/rrrrr_finger/share/rrrrr_finger/package.sh'
[0.338s] INFO:colcon.colcon_core.shell:Creating package script '/home/lunet/kk0171/ros2_ws/install/rrrrr_finger/share/rrrrr_finger/package.bash'
[0.341s] INFO:colcon.colcon_core.shell:Creating package script '/home/lunet/kk0171/ros2_ws/install/rrrrr_finger/share/rrrrr_finger/package.zsh'
[0.343s] Level 1:colcon.colcon_core.environment:create_file_with_runtime_dependencies(/home/lunet/kk0171/ros2_ws/install/rrrrr_finger/share/colcon-core/packages/rrrrr_finger)
[0.344s] Level 1:colcon.colcon_core.environment:create_environment_scripts_only(rrrrr_finger)
[0.344s] Level 1:colcon.colcon_core.environment:checking '/home/lunet/kk0171/ros2_ws/install/rrrrr_finger' for CMake module files
[0.346s] Level 1:colcon.colcon_core.environment:checking '/home/lunet/kk0171/ros2_ws/install/rrrrr_finger' for CMake config files
[0.348s] Level 1:colcon.colcon_core.shell:create_environment_hook('rrrrr_finger', 'cmake_prefix_path')
[0.348s] INFO:colcon.colcon_core.shell:Creating environment hook '/home/lunet/kk0171/ros2_ws/install/rrrrr_finger/share/rrrrr_finger/hook/cmake_prefix_path.ps1'
[0.350s] INFO:colcon.colcon_core.shell:Creating environment descriptor '/home/lunet/kk0171/ros2_ws/install/rrrrr_finger/share/rrrrr_finger/hook/cmake_prefix_path.dsv'
[0.352s] INFO:colcon.colcon_core.shell:Creating environment hook '/home/lunet/kk0171/ros2_ws/install/rrrrr_finger/share/rrrrr_finger/hook/cmake_prefix_path.sh'
[0.354s] Level 1:colcon.colcon_core.environment:checking '/home/lunet/kk0171/ros2_ws/install/rrrrr_finger/bin'
[0.354s] Level 1:colcon.colcon_core.environment:checking '/home/lunet/kk0171/ros2_ws/install/rrrrr_finger/lib/pkgconfig/rrrrr_finger.pc'
[0.355s] Level 1:colcon.colcon_core.environment:checking '/home/lunet/kk0171/ros2_ws/install/rrrrr_finger/lib/python3.10/site-packages'
[0.355s] Level 1:colcon.colcon_core.environment:checking '/home/lunet/kk0171/ros2_ws/install/rrrrr_finger/bin'
[0.355s] INFO:colcon.colcon_core.shell:Creating package script '/home/lunet/kk0171/ros2_ws/install/rrrrr_finger/share/rrrrr_finger/package.ps1'
[0.357s] INFO:colcon.colcon_core.shell:Creating package descriptor '/home/lunet/kk0171/ros2_ws/install/rrrrr_finger/share/rrrrr_finger/package.dsv'
[0.359s] INFO:colcon.colcon_core.shell:Creating package script '/home/lunet/kk0171/ros2_ws/install/rrrrr_finger/share/rrrrr_finger/package.sh'
[0.361s] INFO:colcon.colcon_core.shell:Creating package script '/home/lunet/kk0171/ros2_ws/install/rrrrr_finger/share/rrrrr_finger/package.bash'
[0.363s] INFO:colcon.colcon_core.shell:Creating package script '/home/lunet/kk0171/ros2_ws/install/rrrrr_finger/share/rrrrr_finger/package.zsh'
[0.386s] Level 1:colcon.colcon_core.environment:create_file_with_runtime_dependencies(/home/lunet/kk0171/ros2_ws/install/rrrrr_finger/share/colcon-core/packages/rrrrr_finger)
[0.387s] INFO:colcon.colcon_ros.task.ament_cmake.build:Building ROS package in '/home/lunet/kk0171/ros2_ws/src/simple_robot_moveit_config' with build type 'ament_cmake'
[0.387s] INFO:colcon.colcon_cmake.task.cmake.build:Building CMake package in '/home/lunet/kk0171/ros2_ws/src/simple_robot_moveit_config'
[0.387s] INFO:colcon.colcon_core.shell:Skip shell extension 'powershell' for command environment: Not usable outside of PowerShell
[0.388s] DEBUG:colcon.colcon_core.shell:Skip shell extension 'dsv' for command environment
[0.397s] Level 1:colcon.colcon_core.environment:create_environment_scripts_only(scara_pkg)
[0.397s] Level 1:colcon.colcon_core.environment:checking '/home/lunet/kk0171/ros2_ws/install/scara_pkg' for CMake module files
[0.397s] DEBUG:colcon.colcon_core.event_handler.log_command:Invoked command in '/home/lunet/kk0171/ros2_ws/build/scara_pkg' returned '0': ANSYSLMD_LICENSE_FILE=1055@ansys.lboro.ac.uk CMAKE_PREFIX_PATH=${CMAKE_PREFIX_PATH}:/opt/ros/humble /usr/bin/cmake --install /home/lunet/kk0171/ros2_ws/build/scara_pkg
[0.400s] Level 1:colcon.colcon_core.environment:checking '/home/lunet/kk0171/ros2_ws/install/scara_pkg' for CMake config files
[0.404s] Level 1:colcon.colcon_core.shell:create_environment_hook('scara_pkg', 'cmake_prefix_path')
[0.404s] INFO:colcon.colcon_core.shell:Creating environment hook '/home/lunet/kk0171/ros2_ws/install/scara_pkg/share/scara_pkg/hook/cmake_prefix_path.ps1'
[0.406s] INFO:colcon.colcon_core.shell:Creating environment descriptor '/home/lunet/kk0171/ros2_ws/install/scara_pkg/share/scara_pkg/hook/cmake_prefix_path.dsv'
[0.409s] INFO:colcon.colcon_core.shell:Creating environment hook '/home/lunet/kk0171/ros2_ws/install/scara_pkg/share/scara_pkg/hook/cmake_prefix_path.sh'
[0.411s] Level 1:colcon.colcon_core.environment:checking '/home/lunet/kk0171/ros2_ws/install/scara_pkg/bin'
[0.411s] Level 1:colcon.colcon_core.environment:checking '/home/lunet/kk0171/ros2_ws/install/scara_pkg/lib/pkgconfig/scara_pkg.pc'
[0.411s] Level 1:colcon.colcon_core.environment:checking '/home/lunet/kk0171/ros2_ws/install/scara_pkg/lib/python3.10/site-packages'
[0.412s] Level 1:colcon.colcon_core.environment:checking '/home/lunet/kk0171/ros2_ws/install/scara_pkg/bin'
[0.412s] INFO:colcon.colcon_core.shell:Creating package script '/home/lunet/kk0171/ros2_ws/install/scara_pkg/share/scara_pkg/package.ps1'
[0.414s] INFO:colcon.colcon_core.shell:Creating package descriptor '/home/lunet/kk0171/ros2_ws/install/scara_pkg/share/scara_pkg/package.dsv'
[0.416s] INFO:colcon.colcon_core.shell:Creating package script '/home/lunet/kk0171/ros2_ws/install/scara_pkg/share/scara_pkg/package.sh'
[0.418s] INFO:colcon.colcon_core.shell:Creating package script '/home/lunet/kk0171/ros2_ws/install/scara_pkg/share/scara_pkg/package.bash'
[0.420s] INFO:colcon.colcon_core.shell:Creating package script '/home/lunet/kk0171/ros2_ws/install/scara_pkg/share/scara_pkg/package.zsh'
[0.422s] Level 1:colcon.colcon_core.environment:create_file_with_runtime_dependencies(/home/lunet/kk0171/ros2_ws/install/scara_pkg/share/colcon-core/packages/scara_pkg)
[0.424s] Level 1:colcon.colcon_core.environment:create_environment_scripts_only(scara_pkg)
[0.424s] Level 1:colcon.colcon_core.environment:checking '/home/lunet/kk0171/ros2_ws/install/scara_pkg' for CMake module files
[0.426s] Level 1:colcon.colcon_core.environment:checking '/home/lunet/kk0171/ros2_ws/install/scara_pkg' for CMake config files
[0.428s] Level 1:colcon.colcon_core.shell:create_environment_hook('scara_pkg', 'cmake_prefix_path')
[0.429s] INFO:colcon.colcon_core.shell:Creating environment hook '/home/lunet/kk0171/ros2_ws/install/scara_pkg/share/scara_pkg/hook/cmake_prefix_path.ps1'
[0.431s] INFO:colcon.colcon_core.shell:Creating environment descriptor '/home/lunet/kk0171/ros2_ws/install/scara_pkg/share/scara_pkg/hook/cmake_prefix_path.dsv'
[0.433s] INFO:colcon.colcon_core.shell:Creating environment hook '/home/lunet/kk0171/ros2_ws/install/scara_pkg/share/scara_pkg/hook/cmake_prefix_path.sh'
[0.436s] Level 1:colcon.colcon_core.environment:checking '/home/lunet/kk0171/ros2_ws/install/scara_pkg/bin'
[0.436s] Level 1:colcon.colcon_core.environment:checking '/home/lunet/kk0171/ros2_ws/install/scara_pkg/lib/pkgconfig/scara_pkg.pc'
[0.436s] Level 1:colcon.colcon_core.environment:checking '/home/lunet/kk0171/ros2_ws/install/scara_pkg/lib/python3.10/site-packages'
[0.436s] Level 1:colcon.colcon_core.environment:checking '/home/lunet/kk0171/ros2_ws/install/scara_pkg/bin'
[0.436s] INFO:colcon.colcon_core.shell:Creating package script '/home/lunet/kk0171/ros2_ws/install/scara_pkg/share/scara_pkg/package.ps1'
[0.439s] INFO:colcon.colcon_core.shell:Creating package descriptor '/home/lunet/kk0171/ros2_ws/install/scara_pkg/share/scara_pkg/package.dsv'
[0.441s] INFO:colcon.colcon_core.shell:Creating package script '/home/lunet/kk0171/ros2_ws/install/scara_pkg/share/scara_pkg/package.sh'
[0.443s] INFO:colcon.colcon_core.shell:Creating package script '/home/lunet/kk0171/ros2_ws/install/scara_pkg/share/scara_pkg/package.bash'
[0.445s] INFO:colcon.colcon_core.shell:Creating package script '/home/lunet/kk0171/ros2_ws/install/scara_pkg/share/scara_pkg/package.zsh'
[0.447s] Level 1:colcon.colcon_core.environment:create_file_with_runtime_dependencies(/home/lunet/kk0171/ros2_ws/install/scara_pkg/share/colcon-core/packages/scara_pkg)
[0.449s] INFO:colcon.colcon_ros.task.ament_cmake.build:Building ROS package in '/home/lunet/kk0171/ros2_ws/src/scara_moveit_config' with build type 'ament_cmake'
[0.449s] INFO:colcon.colcon_cmake.task.cmake.build:Building CMake package in '/home/lunet/kk0171/ros2_ws/src/scara_moveit_config'
[0.449s] INFO:colcon.colcon_core.shell:Skip shell extension 'powershell' for command environment: Not usable outside of PowerShell
[0.449s] DEBUG:colcon.colcon_core.shell:Skip shell extension 'dsv' for command environment
[0.466s] DEBUG:colcon.colcon_core.event_handler.log_command:Invoking command in '/home/lunet/kk0171/ros2_ws/build/simple_robot_moveit_config': ANSYSLMD_LICENSE_FILE=1055@ansys.lboro.ac.uk CMAKE_PREFIX_PATH=/home/lunet/kk0171/ros2_ws/install/rrrrr_finger:/home/lunet/kk0171/ros2_ws/install/simple_robot_moveit_config:/home/lunet/kk0171/ros2_ws/install/scara_moveit_config:/home/lunet/kk0171/ros2_ws/install/scara_pkg:/opt/ros/humble /usr/bin/cmake --build /home/lunet/kk0171/ros2_ws/build/simple_robot_moveit_config -- -j32 -l32
[0.482s] DEBUG:colcon.colcon_core.event_handler.log_command:Invoking command in '/home/lunet/kk0171/ros2_ws/build/scara_moveit_config': ANSYSLMD_LICENSE_FILE=1055@ansys.lboro.ac.uk CMAKE_PREFIX_PATH=/home/lunet/kk0171/ros2_ws/install/scara_pkg:/home/lunet/kk0171/ros2_ws/install/simple_robot_moveit_config:/home/lunet/kk0171/ros2_ws/install/scara_moveit_config:/home/lunet/kk0171/ros2_ws/install/rrrrr_finger:/opt/ros/humble /usr/bin/cmake --build /home/lunet/kk0171/ros2_ws/build/scara_moveit_config -- -j32 -l32
[0.504s] DEBUG:colcon.colcon_core.event_handler.log_command:Invoked command in '/home/lunet/kk0171/ros2_ws/build/simple_robot_moveit_config' returned '0': ANSYSLMD_LICENSE_FILE=1055@ansys.lboro.ac.uk CMAKE_PREFIX_PATH=/home/lunet/kk0171/ros2_ws/install/rrrrr_finger:/home/lunet/kk0171/ros2_ws/install/simple_robot_moveit_config:/home/lunet/kk0171/ros2_ws/install/scara_moveit_config:/home/lunet/kk0171/ros2_ws/install/scara_pkg:/opt/ros/humble /usr/bin/cmake --build /home/lunet/kk0171/ros2_ws/build/simple_robot_moveit_config -- -j32 -l32
[0.511s] DEBUG:colcon.colcon_core.event_handler.log_command:Invoking command in '/home/lunet/kk0171/ros2_ws/build/simple_robot_moveit_config': ANSYSLMD_LICENSE_FILE=1055@ansys.lboro.ac.uk CMAKE_PREFIX_PATH=/home/lunet/kk0171/ros2_ws/install/rrrrr_finger:/home/lunet/kk0171/ros2_ws/install/simple_robot_moveit_config:/home/lunet/kk0171/ros2_ws/install/scara_moveit_config:/home/lunet/kk0171/ros2_ws/install/scara_pkg:/opt/ros/humble /usr/bin/cmake --install /home/lunet/kk0171/ros2_ws/build/simple_robot_moveit_config
[0.521s] DEBUG:colcon.colcon_core.event_handler.log_command:Invoked command in '/home/lunet/kk0171/ros2_ws/build/scara_moveit_config' returned '0': ANSYSLMD_LICENSE_FILE=1055@ansys.lboro.ac.uk CMAKE_PREFIX_PATH=/home/lunet/kk0171/ros2_ws/install/scara_pkg:/home/lunet/kk0171/ros2_ws/install/simple_robot_moveit_config:/home/lunet/kk0171/ros2_ws/install/scara_moveit_config:/home/lunet/kk0171/ros2_ws/install/rrrrr_finger:/opt/ros/humble /usr/bin/cmake --build /home/lunet/kk0171/ros2_ws/build/scara_moveit_config -- -j32 -l32
[0.525s] DEBUG:colcon.colcon_core.event_handler.log_command:Invoking command in '/home/lunet/kk0171/ros2_ws/build/scara_moveit_config': ANSYSLMD_LICENSE_FILE=1055@ansys.lboro.ac.uk CMAKE_PREFIX_PATH=/home/lunet/kk0171/ros2_ws/install/scara_pkg:/home/lunet/kk0171/ros2_ws/install/simple_robot_moveit_config:/home/lunet/kk0171/ros2_ws/install/scara_moveit_config:/home/lunet/kk0171/ros2_ws/install/rrrrr_finger:/opt/ros/humble /usr/bin/cmake --install /home/lunet/kk0171/ros2_ws/build/scara_moveit_config
[0.562s] Level 1:colcon.colcon_core.environment:create_environment_scripts_only(simple_robot_moveit_config)
[0.562s] Level 1:colcon.colcon_core.environment:checking '/home/lunet/kk0171/ros2_ws/install/simple_robot_moveit_config' for CMake module files
[0.562s] DEBUG:colcon.colcon_core.event_handler.log_command:Invoked command in '/home/lunet/kk0171/ros2_ws/build/simple_robot_moveit_config' returned '0': ANSYSLMD_LICENSE_FILE=1055@ansys.lboro.ac.uk CMAKE_PREFIX_PATH=/home/lunet/kk0171/ros2_ws/install/rrrrr_finger:/home/lunet/kk0171/ros2_ws/install/simple_robot_moveit_config:/home/lunet/kk0171/ros2_ws/install/scara_moveit_config:/home/lunet/kk0171/ros2_ws/install/scara_pkg:/opt/ros/humble /usr/bin/cmake --install /home/lunet/kk0171/ros2_ws/build/simple_robot_moveit_config
[0.564s] Level 1:colcon.colcon_core.environment:checking '/home/lunet/kk0171/ros2_ws/install/simple_robot_moveit_config' for CMake config files
[0.568s] Level 1:colcon.colcon_core.shell:create_environment_hook('simple_robot_moveit_config', 'cmake_prefix_path')
[0.568s] INFO:colcon.colcon_core.shell:Creating environment hook '/home/lunet/kk0171/ros2_ws/install/simple_robot_moveit_config/share/simple_robot_moveit_config/hook/cmake_prefix_path.ps1'
[0.570s] INFO:colcon.colcon_core.shell:Creating environment descriptor '/home/lunet/kk0171/ros2_ws/install/simple_robot_moveit_config/share/simple_robot_moveit_config/hook/cmake_prefix_path.dsv'
[0.573s] INFO:colcon.colcon_core.shell:Creating environment hook '/home/lunet/kk0171/ros2_ws/install/simple_robot_moveit_config/share/simple_robot_moveit_config/hook/cmake_prefix_path.sh'
[0.576s] Level 1:colcon.colcon_core.environment:checking '/home/lunet/kk0171/ros2_ws/install/simple_robot_moveit_config/bin'
[0.576s] Level 1:colcon.colcon_core.environment:checking '/home/lunet/kk0171/ros2_ws/install/simple_robot_moveit_config/lib/pkgconfig/simple_robot_moveit_config.pc'
[0.576s] Level 1:colcon.colcon_core.environment:checking '/home/lunet/kk0171/ros2_ws/install/simple_robot_moveit_config/lib/python3.10/site-packages'
[0.576s] Level 1:colcon.colcon_core.environment:checking '/home/lunet/kk0171/ros2_ws/install/simple_robot_moveit_config/bin'
[0.576s] INFO:colcon.colcon_core.shell:Creating package script '/home/lunet/kk0171/ros2_ws/install/simple_robot_moveit_config/share/simple_robot_moveit_config/package.ps1'
[0.578s] INFO:colcon.colcon_core.shell:Creating package descriptor '/home/lunet/kk0171/ros2_ws/install/simple_robot_moveit_config/share/simple_robot_moveit_config/package.dsv'
[0.580s] INFO:colcon.colcon_core.shell:Creating package script '/home/lunet/kk0171/ros2_ws/install/simple_robot_moveit_config/share/simple_robot_moveit_config/package.sh'
[0.582s] INFO:colcon.colcon_core.shell:Creating package script '/home/lunet/kk0171/ros2_ws/install/simple_robot_moveit_config/share/simple_robot_moveit_config/package.bash'
[0.584s] INFO:colcon.colcon_core.shell:Creating package script '/home/lunet/kk0171/ros2_ws/install/simple_robot_moveit_config/share/simple_robot_moveit_config/package.zsh'
[0.586s] Level 1:colcon.colcon_core.environment:create_file_with_runtime_dependencies(/home/lunet/kk0171/ros2_ws/install/simple_robot_moveit_config/share/colcon-core/packages/simple_robot_moveit_config)
[0.588s] Level 1:colcon.colcon_core.environment:create_environment_scripts_only(simple_robot_moveit_config)
[0.588s] Level 1:colcon.colcon_core.environment:checking '/home/lunet/kk0171/ros2_ws/install/simple_robot_moveit_config' for CMake module files
[0.589s] Level 1:colcon.colcon_core.environment:checking '/home/lunet/kk0171/ros2_ws/install/simple_robot_moveit_config' for CMake config files
[0.593s] Level 1:colcon.colcon_core.shell:create_environment_hook('simple_robot_moveit_config', 'cmake_prefix_path')
[0.593s] INFO:colcon.colcon_core.shell:Creating environment hook '/home/lunet/kk0171/ros2_ws/install/simple_robot_moveit_config/share/simple_robot_moveit_config/hook/cmake_prefix_path.ps1'
[0.595s] INFO:colcon.colcon_core.shell:Creating environment descriptor '/home/lunet/kk0171/ros2_ws/install/simple_robot_moveit_config/share/simple_robot_moveit_config/hook/cmake_prefix_path.dsv'
[0.597s] INFO:colcon.colcon_core.shell:Creating environment hook '/home/lunet/kk0171/ros2_ws/install/simple_robot_moveit_config/share/simple_robot_moveit_config/hook/cmake_prefix_path.sh'
[0.599s] Level 1:colcon.colcon_core.environment:checking '/home/lunet/kk0171/ros2_ws/install/simple_robot_moveit_config/bin'
[0.599s] Level 1:colcon.colcon_core.environment:checking '/home/lunet/kk0171/ros2_ws/install/simple_robot_moveit_config/lib/pkgconfig/simple_robot_moveit_config.pc'
[0.600s] Level 1:colcon.colcon_core.environment:checking '/home/lunet/kk0171/ros2_ws/install/simple_robot_moveit_config/lib/python3.10/site-packages'
[0.600s] Level 1:colcon.colcon_core.environment:checking '/home/lunet/kk0171/ros2_ws/install/simple_robot_moveit_config/bin'
[0.600s] INFO:colcon.colcon_core.shell:Creating package script '/home/lunet/kk0171/ros2_ws/install/simple_robot_moveit_config/share/simple_robot_moveit_config/package.ps1'
[0.602s] INFO:colcon.colcon_core.shell:Creating package descriptor '/home/lunet/kk0171/ros2_ws/install/simple_robot_moveit_config/share/simple_robot_moveit_config/package.dsv'
[0.604s] INFO:colcon.colcon_core.shell:Creating package script '/home/lunet/kk0171/ros2_ws/install/simple_robot_moveit_config/share/simple_robot_moveit_config/package.sh'
[0.614s] INFO:colcon.colcon_core.shell:Creating package script '/home/lunet/kk0171/ros2_ws/install/simple_robot_moveit_config/share/simple_robot_moveit_config/package.bash'
[0.616s] INFO:colcon.colcon_core.shell:Creating package script '/home/lunet/kk0171/ros2_ws/install/simple_robot_moveit_config/share/simple_robot_moveit_config/package.zsh'
[0.618s] Level 1:colcon.colcon_core.environment:create_file_with_runtime_dependencies(/home/lunet/kk0171/ros2_ws/install/simple_robot_moveit_config/share/colcon-core/packages/simple_robot_moveit_config)
[0.620s] Level 1:colcon.colcon_core.environment:create_environment_scripts_only(scara_moveit_config)
[0.620s] Level 1:colcon.colcon_core.environment:checking '/home/lunet/kk0171/ros2_ws/install/scara_moveit_config' for CMake module files
[0.622s] Level 1:colcon.colcon_core.environment:checking '/home/lunet/kk0171/ros2_ws/install/scara_moveit_config' for CMake config files
[0.626s] DEBUG:colcon.colcon_core.event_handler.log_command:Invoked command in '/home/lunet/kk0171/ros2_ws/build/scara_moveit_config' returned '0': ANSYSLMD_LICENSE_FILE=1055@ansys.lboro.ac.uk CMAKE_PREFIX_PATH=/home/lunet/kk0171/ros2_ws/install/scara_pkg:/home/lunet/kk0171/ros2_ws/install/simple_robot_moveit_config:/home/lunet/kk0171/ros2_ws/install/scara_moveit_config:/home/lunet/kk0171/ros2_ws/install/rrrrr_finger:/opt/ros/humble /usr/bin/cmake --install /home/lunet/kk0171/ros2_ws/build/scara_moveit_config
[0.626s] Level 1:colcon.colcon_core.shell:create_environment_hook('scara_moveit_config', 'cmake_prefix_path')
[0.627s] INFO:colcon.colcon_core.shell:Creating environment hook '/home/lunet/kk0171/ros2_ws/install/scara_moveit_config/share/scara_moveit_config/hook/cmake_prefix_path.ps1'
[0.629s] INFO:colcon.colcon_core.shell:Creating environment descriptor '/home/lunet/kk0171/ros2_ws/install/scara_moveit_config/share/scara_moveit_config/hook/cmake_prefix_path.dsv'
[0.631s] INFO:colcon.colcon_core.shell:Creating environment hook '/home/lunet/kk0171/ros2_ws/install/scara_moveit_config/share/scara_moveit_config/hook/cmake_prefix_path.sh'
[0.634s] Level 1:colcon.colcon_core.environment:checking '/home/lunet/kk0171/ros2_ws/install/scara_moveit_config/bin'
[0.634s] Level 1:colcon.colcon_core.environment:checking '/home/lunet/kk0171/ros2_ws/install/scara_moveit_config/lib/pkgconfig/scara_moveit_config.pc'
[0.634s] Level 1:colcon.colcon_core.environment:checking '/home/lunet/kk0171/ros2_ws/install/scara_moveit_config/lib/python3.10/site-packages'
[0.634s] Level 1:colcon.colcon_core.environment:checking '/home/lunet/kk0171/ros2_ws/install/scara_moveit_config/bin'
[0.635s] INFO:colcon.colcon_core.shell:Creating package script '/home/lunet/kk0171/ros2_ws/install/scara_moveit_config/share/scara_moveit_config/package.ps1'
[0.637s] INFO:colcon.colcon_core.shell:Creating package descriptor '/home/lunet/kk0171/ros2_ws/install/scara_moveit_config/share/scara_moveit_config/package.dsv'
[0.639s] INFO:colcon.colcon_core.shell:Creating package script '/home/lunet/kk0171/ros2_ws/install/scara_moveit_config/share/scara_moveit_config/package.sh'
[0.641s] INFO:colcon.colcon_core.shell:Creating package script '/home/lunet/kk0171/ros2_ws/install/scara_moveit_config/share/scara_moveit_config/package.bash'
[0.643s] INFO:colcon.colcon_core.shell:Creating package script '/home/lunet/kk0171/ros2_ws/install/scara_moveit_config/share/scara_moveit_config/package.zsh'
[0.645s] Level 1:colcon.colcon_core.environment:create_file_with_runtime_dependencies(/home/lunet/kk0171/ros2_ws/install/scara_moveit_config/share/colcon-core/packages/scara_moveit_config)
[0.647s] Level 1:colcon.colcon_core.environment:create_environment_scripts_only(scara_moveit_config)
[0.647s] Level 1:colcon.colcon_core.environment:checking '/home/lunet/kk0171/ros2_ws/install/scara_moveit_config' for CMake module files
[0.648s] Level 1:colcon.colcon_core.environment:checking '/home/lunet/kk0171/ros2_ws/install/scara_moveit_config' for CMake config files
[0.652s] Level 1:colcon.colcon_core.shell:create_environment_hook('scara_moveit_config', 'cmake_prefix_path')
[0.652s] INFO:colcon.colcon_core.shell:Creating environment hook '/home/lunet/kk0171/ros2_ws/install/scara_moveit_config/share/scara_moveit_config/hook/cmake_prefix_path.ps1'
[0.654s] INFO:colcon.colcon_core.shell:Creating environment descriptor '/home/lunet/kk0171/ros2_ws/install/scara_moveit_config/share/scara_moveit_config/hook/cmake_prefix_path.dsv'
[0.656s] INFO:colcon.colcon_core.shell:Creating environment hook '/home/lunet/kk0171/ros2_ws/install/scara_moveit_config/share/scara_moveit_config/hook/cmake_prefix_path.sh'
[0.658s] Level 1:colcon.colcon_core.environment:checking '/home/lunet/kk0171/ros2_ws/install/scara_moveit_config/bin'
[0.658s] Level 1:colcon.colcon_core.environment:checking '/home/lunet/kk0171/ros2_ws/install/scara_moveit_config/lib/pkgconfig/scara_moveit_config.pc'
[0.659s] Level 1:colcon.colcon_core.environment:checking '/home/lunet/kk0171/ros2_ws/install/scara_moveit_config/lib/python3.10/site-packages'
[0.659s] Level 1:colcon.colcon_core.environment:checking '/home/lunet/kk0171/ros2_ws/install/scara_moveit_config/bin'
[0.659s] INFO:colcon.colcon_core.shell:Creating package script '/home/lunet/kk0171/ros2_ws/install/scara_moveit_config/share/scara_moveit_config/package.ps1'
[0.669s] INFO:colcon.colcon_core.shell:Creating package descriptor '/home/lunet/kk0171/ros2_ws/install/scara_moveit_config/share/scara_moveit_config/package.dsv'
[0.671s] INFO:colcon.colcon_core.shell:Creating package script '/home/lunet/kk0171/ros2_ws/install/scara_moveit_config/share/scara_moveit_config/package.sh'
[0.673s] INFO:colcon.colcon_core.shell:Creating package script '/home/lunet/kk0171/ros2_ws/install/scara_moveit_config/share/scara_moveit_config/package.bash'
[0.676s] INFO:colcon.colcon_core.shell:Creating package script '/home/lunet/kk0171/ros2_ws/install/scara_moveit_config/share/scara_moveit_config/package.zsh'
[0.678s] Level 1:colcon.colcon_core.environment:create_file_with_runtime_dependencies(/home/lunet/kk0171/ros2_ws/install/scara_moveit_config/share/colcon-core/packages/scara_moveit_config)
[0.680s] DEBUG:colcon.colcon_parallel_executor.executor.parallel:closing loop
[0.680s] DEBUG:colcon.colcon_parallel_executor.executor.parallel:loop closed
[0.680s] DEBUG:colcon.colcon_parallel_executor.executor.parallel:run_until_complete finished with '0'
[0.680s] DEBUG:colcon.colcon_core.event_reactor:joining thread
[0.688s] INFO:colcon.colcon_core.plugin_system:Skipping extension 'colcon_notification.desktop_notification.terminal_notifier': Not used on non-Darwin systems
[0.688s] INFO:colcon.colcon_core.plugin_system:Skipping extension 'colcon_notification.desktop_notification.win32': Not used on non-Windows systems
[0.688s] INFO:colcon.colcon_notification.desktop_notification:Sending desktop notification using 'notify2'
[0.695s] DEBUG:colcon.colcon_core.event_reactor:joined thread
[0.695s] INFO:colcon.colcon_core.shell:Creating prefix script '/home/lunet/kk0171/ros2_ws/install/local_setup.ps1'
[0.698s] INFO:colcon.colcon_core.shell:Creating prefix util module '/home/lunet/kk0171/ros2_ws/install/_local_setup_util_ps1.py'
[0.700s] INFO:colcon.colcon_core.shell:Creating prefix chain script '/home/lunet/kk0171/ros2_ws/install/setup.ps1'
[0.704s] INFO:colcon.colcon_core.shell:Creating prefix script '/home/lunet/kk0171/ros2_ws/install/local_setup.sh'
[0.706s] INFO:colcon.colcon_core.shell:Creating prefix util module '/home/lunet/kk0171/ros2_ws/install/_local_setup_util_sh.py'
[0.709s] INFO:colcon.colcon_core.shell:Creating prefix chain script '/home/lunet/kk0171/ros2_ws/install/setup.sh'
[0.712s] INFO:colcon.colcon_core.shell:Creating prefix script '/home/lunet/kk0171/ros2_ws/install/local_setup.bash'
[0.714s] INFO:colcon.colcon_core.shell:Creating prefix chain script '/home/lunet/kk0171/ros2_ws/install/setup.bash'
[0.718s] INFO:colcon.colcon_core.shell:Creating prefix script '/home/lunet/kk0171/ros2_ws/install/local_setup.zsh'
[0.721s] INFO:colcon.colcon_core.shell:Creating prefix chain script '/home/lunet/kk0171/ros2_ws/install/setup.zsh'
