[0.081s] DEBUG:colcon:Command line arguments: ['/usr/bin/colcon', 'build']
[0.081s] DEBUG:colcon:Parsed command line arguments: Namespace(log_base=None, log_level=None, verb_name='build', build_base='build', install_base='install', merge_install=False, symlink_install=False, test_result_base=None, continue_on_error=False, executor='parallel', parallel_workers=32, event_handlers=None, ignore_user_meta=False, metas=['./colcon.meta'], base_paths=['.'], packages_ignore=None, packages_ignore_regex=None, paths=None, packages_up_to=None, packages_up_to_regex=None, packages_above=None, packages_above_and_dependencies=None, packages_above_depth=None, packages_select_by_dep=None, packages_skip_by_dep=None, packages_skip_up_to=None, packages_select_build_failed=False, packages_skip_build_finished=False, packages_select_test_failures=False, packages_skip_test_passed=False, packages_select=None, packages_skip=None, packages_select_regex=None, packages_skip_regex=None, packages_start=None, packages_end=None, allow_overriding=[], cmake_args=None, cmake_target=None, cmake_target_skip_unavailable=False, cmake_clean_cache=False, cmake_clean_first=False, cmake_force_configure=False, ament_cmake_args=None, catkin_cmake_args=None, catkin_skip_building_tests=False, mixin_files=None, mixin=None, verb_parser=<colcon_mixin.mixin.mixin_argument.MixinArgumentDecorator object at 0x7f4580a622c0>, verb_extension=<colcon_core.verb.build.BuildVerb object at 0x7f4580b77250>, main=<bound method BuildVerb.main of <colcon_core.verb.build.BuildVerb object at 0x7f4580b77250>>, mixin_verb=('build',))
[0.197s] Level 1:colcon.colcon_core.package_discovery:discover_packages(colcon_meta) check parameters
[0.197s] Level 1:colcon.colcon_core.package_discovery:discover_packages(recursive) check parameters
[0.197s] Level 1:colcon.colcon_core.package_discovery:discover_packages(ignore) check parameters
[0.197s] Level 1:colcon.colcon_core.package_discovery:discover_packages(path) check parameters
[0.197s] Level 1:colcon.colcon_core.package_discovery:discover_packages(colcon_meta) discover
[0.197s] Level 1:colcon.colcon_core.package_discovery:discover_packages(recursive) discover
[0.197s] INFO:colcon.colcon_core.package_discovery:Crawling recursively for packages in '/home/lunet/kk0171/ros2_ws'
[0.198s] Level 1:colcon.colcon_core.package_identification:_identify(.) by extensions ['ignore', 'ignore_ament_install']
[0.198s] Level 1:colcon.colcon_core.package_identification:_identify(.) by extension 'ignore'
[0.198s] Level 1:colcon.colcon_core.package_identification:_identify(.) by extension 'ignore_ament_install'
[0.199s] Level 1:colcon.colcon_core.package_identification:_identify(.) by extensions ['colcon_pkg']
[0.199s] Level 1:colcon.colcon_core.package_identification:_identify(.) by extension 'colcon_pkg'
[0.199s] Level 1:colcon.colcon_core.package_identification:_identify(.) by extensions ['colcon_meta']
[0.199s] Level 1:colcon.colcon_core.package_identification:_identify(.) by extension 'colcon_meta'
[0.199s] Level 1:colcon.colcon_core.package_identification:_identify(.) by extensions ['ros']
[0.199s] Level 1:colcon.colcon_core.package_identification:_identify(.) by extension 'ros'
[0.207s] Level 1:colcon.colcon_core.package_identification:_identify(.) by extensions ['cmake', 'python']
[0.207s] Level 1:colcon.colcon_core.package_identification:_identify(.) by extension 'cmake'
[0.208s] Level 1:colcon.colcon_core.package_identification:_identify(.) by extension 'python'
[0.208s] Level 1:colcon.colcon_core.package_identification:_identify(.) by extensions ['python_setup_py']
[0.208s] Level 1:colcon.colcon_core.package_identification:_identify(.) by extension 'python_setup_py'
[0.209s] Level 1:colcon.colcon_core.package_identification:_identify(build) by extensions ['ignore', 'ignore_ament_install']
[0.209s] Level 1:colcon.colcon_core.package_identification:_identify(build) by extension 'ignore'
[0.209s] Level 1:colcon.colcon_core.package_identification:_identify(build) ignored
[0.210s] Level 1:colcon.colcon_core.package_identification:_identify(install) by extensions ['ignore', 'ignore_ament_install']
[0.210s] Level 1:colcon.colcon_core.package_identification:_identify(install) by extension 'ignore'
[0.210s] Level 1:colcon.colcon_core.package_identification:_identify(install) ignored
[0.211s] Level 1:colcon.colcon_core.package_identification:_identify(log) by extensions ['ignore', 'ignore_ament_install']
[0.211s] Level 1:colcon.colcon_core.package_identification:_identify(log) by extension 'ignore'
[0.211s] Level 1:colcon.colcon_core.package_identification:_identify(log) ignored
[0.211s] Level 1:colcon.colcon_core.package_identification:_identify(src) by extensions ['ignore', 'ignore_ament_install']
[0.211s] Level 1:colcon.colcon_core.package_identification:_identify(src) by extension 'ignore'
[0.212s] Level 1:colcon.colcon_core.package_identification:_identify(src) by extension 'ignore_ament_install'
[0.212s] Level 1:colcon.colcon_core.package_identification:_identify(src) by extensions ['colcon_pkg']
[0.212s] Level 1:colcon.colcon_core.package_identification:_identify(src) by extension 'colcon_pkg'
[0.213s] Level 1:colcon.colcon_core.package_identification:_identify(src) by extensions ['colcon_meta']
[0.213s] Level 1:colcon.colcon_core.package_identification:_identify(src) by extension 'colcon_meta'
[0.213s] Level 1:colcon.colcon_core.package_identification:_identify(src) by extensions ['ros']
[0.213s] Level 1:colcon.colcon_core.package_identification:_identify(src) by extension 'ros'
[0.214s] Level 1:colcon.colcon_core.package_identification:_identify(src) by extensions ['cmake', 'python']
[0.214s] Level 1:colcon.colcon_core.package_identification:_identify(src) by extension 'cmake'
[0.215s] Level 1:colcon.colcon_core.package_identification:_identify(src) by extension 'python'
[0.215s] Level 1:colcon.colcon_core.package_identification:_identify(src) by extensions ['python_setup_py']
[0.215s] Level 1:colcon.colcon_core.package_identification:_identify(src) by extension 'python_setup_py'
[0.216s] Level 1:colcon.colcon_core.package_identification:_identify(src/rrrrr_finger) by extensions ['ignore', 'ignore_ament_install']
[0.216s] Level 1:colcon.colcon_core.package_identification:_identify(src/rrrrr_finger) by extension 'ignore'
[0.216s] Level 1:colcon.colcon_core.package_identification:_identify(src/rrrrr_finger) by extension 'ignore_ament_install'
[0.217s] Level 1:colcon.colcon_core.package_identification:_identify(src/rrrrr_finger) by extensions ['colcon_pkg']
[0.217s] Level 1:colcon.colcon_core.package_identification:_identify(src/rrrrr_finger) by extension 'colcon_pkg'
[0.217s] Level 1:colcon.colcon_core.package_identification:_identify(src/rrrrr_finger) by extensions ['colcon_meta']
[0.217s] Level 1:colcon.colcon_core.package_identification:_identify(src/rrrrr_finger) by extension 'colcon_meta'
[0.217s] Level 1:colcon.colcon_core.package_identification:_identify(src/rrrrr_finger) by extensions ['ros']
[0.217s] Level 1:colcon.colcon_core.package_identification:_identify(src/rrrrr_finger) by extension 'ros'
[0.230s] DEBUG:colcon.colcon_core.package_identification:Package 'src/rrrrr_finger' with type 'ros.ament_cmake' and name 'rrrrr_finger'
[0.236s] Level 1:colcon.colcon_core.package_identification:_identify(src/scara_moveit_config) by extensions ['ignore', 'ignore_ament_install']
[0.237s] Level 1:colcon.colcon_core.package_identification:_identify(src/scara_moveit_config) by extension 'ignore'
[0.237s] Level 1:colcon.colcon_core.package_identification:_identify(src/scara_moveit_config) by extension 'ignore_ament_install'
[0.238s] Level 1:colcon.colcon_core.package_identification:_identify(src/scara_moveit_config) by extensions ['colcon_pkg']
[0.238s] Level 1:colcon.colcon_core.package_identification:_identify(src/scara_moveit_config) by extension 'colcon_pkg'
[0.238s] Level 1:colcon.colcon_core.package_identification:_identify(src/scara_moveit_config) by extensions ['colcon_meta']
[0.238s] Level 1:colcon.colcon_core.package_identification:_identify(src/scara_moveit_config) by extension 'colcon_meta'
[0.238s] Level 1:colcon.colcon_core.package_identification:_identify(src/scara_moveit_config) by extensions ['ros']
[0.238s] Level 1:colcon.colcon_core.package_identification:_identify(src/scara_moveit_config) by extension 'ros'
[0.255s] DEBUG:colcon.colcon_core.package_identification:Package 'src/scara_moveit_config' with type 'ros.ament_cmake' and name 'scara_moveit_config'
[0.256s] Level 1:colcon.colcon_core.package_identification:_identify(src/scara_pkg) by extensions ['ignore', 'ignore_ament_install']
[0.256s] Level 1:colcon.colcon_core.package_identification:_identify(src/scara_pkg) by extension 'ignore'
[0.256s] Level 1:colcon.colcon_core.package_identification:_identify(src/scara_pkg) by extension 'ignore_ament_install'
[0.257s] Level 1:colcon.colcon_core.package_identification:_identify(src/scara_pkg) by extensions ['colcon_pkg']
[0.257s] Level 1:colcon.colcon_core.package_identification:_identify(src/scara_pkg) by extension 'colcon_pkg'
[0.257s] Level 1:colcon.colcon_core.package_identification:_identify(src/scara_pkg) by extensions ['colcon_meta']
[0.257s] Level 1:colcon.colcon_core.package_identification:_identify(src/scara_pkg) by extension 'colcon_meta'
[0.257s] Level 1:colcon.colcon_core.package_identification:_identify(src/scara_pkg) by extensions ['ros']
[0.257s] Level 1:colcon.colcon_core.package_identification:_identify(src/scara_pkg) by extension 'ros'
[0.269s] DEBUG:colcon.colcon_core.package_identification:Package 'src/scara_pkg' with type 'ros.ament_cmake' and name 'scara_pkg'
[0.270s] Level 1:colcon.colcon_core.package_identification:_identify(src/simple_robot_moveit_config) by extensions ['ignore', 'ignore_ament_install']
[0.270s] Level 1:colcon.colcon_core.package_identification:_identify(src/simple_robot_moveit_config) by extension 'ignore'
[0.270s] Level 1:colcon.colcon_core.package_identification:_identify(src/simple_robot_moveit_config) by extension 'ignore_ament_install'
[0.271s] Level 1:colcon.colcon_core.package_identification:_identify(src/simple_robot_moveit_config) by extensions ['colcon_pkg']
[0.271s] Level 1:colcon.colcon_core.package_identification:_identify(src/simple_robot_moveit_config) by extension 'colcon_pkg'
[0.271s] Level 1:colcon.colcon_core.package_identification:_identify(src/simple_robot_moveit_config) by extensions ['colcon_meta']
[0.271s] Level 1:colcon.colcon_core.package_identification:_identify(src/simple_robot_moveit_config) by extension 'colcon_meta'
[0.271s] Level 1:colcon.colcon_core.package_identification:_identify(src/simple_robot_moveit_config) by extensions ['ros']
[0.271s] Level 1:colcon.colcon_core.package_identification:_identify(src/simple_robot_moveit_config) by extension 'ros'
[0.288s] DEBUG:colcon.colcon_core.package_identification:Package 'src/simple_robot_moveit_config' with type 'ros.ament_cmake' and name 'simple_robot_moveit_config'
[0.288s] Level 1:colcon.colcon_core.package_discovery:discover_packages(recursive) using defaults
[0.288s] Level 1:colcon.colcon_core.package_discovery:discover_packages(ignore) discover
[0.288s] Level 1:colcon.colcon_core.package_discovery:discover_packages(ignore) using defaults
[0.288s] Level 1:colcon.colcon_core.package_discovery:discover_packages(path) discover
[0.288s] Level 1:colcon.colcon_core.package_discovery:discover_packages(path) using defaults
[0.305s] Level 1:colcon.colcon_core.package_discovery:discover_packages(prefix_path) check parameters
[0.305s] Level 1:colcon.colcon_core.package_discovery:discover_packages(prefix_path) discover
[0.321s] DEBUG:colcon.colcon_installed_package_information.package_discovery:Found 4 installed packages in /home/lunet/kk0171/ros2_ws/install
[0.322s] DEBUG:colcon.colcon_installed_package_information.package_discovery:Found 425 installed packages in /opt/ros/humble
[0.323s] Level 1:colcon.colcon_core.package_discovery:discover_packages(prefix_path) using defaults
[0.361s] Level 5:colcon.colcon_core.verb:set package 'rrrrr_finger' build argument 'cmake_args' from command line to 'None'
[0.361s] Level 5:colcon.colcon_core.verb:set package 'rrrrr_finger' build argument 'cmake_target' from command line to 'None'
[0.361s] Level 5:colcon.colcon_core.verb:set package 'rrrrr_finger' build argument 'cmake_target_skip_unavailable' from command line to 'False'
[0.361s] Level 5:colcon.colcon_core.verb:set package 'rrrrr_finger' build argument 'cmake_clean_cache' from command line to 'False'
[0.361s] Level 5:colcon.colcon_core.verb:set package 'rrrrr_finger' build argument 'cmake_clean_first' from command line to 'False'
[0.362s] Level 5:colcon.colcon_core.verb:set package 'rrrrr_finger' build argument 'cmake_force_configure' from command line to 'False'
[0.362s] Level 5:colcon.colcon_core.verb:set package 'rrrrr_finger' build argument 'ament_cmake_args' from command line to 'None'
[0.362s] Level 5:colcon.colcon_core.verb:set package 'rrrrr_finger' build argument 'catkin_cmake_args' from command line to 'None'
[0.362s] Level 5:colcon.colcon_core.verb:set package 'rrrrr_finger' build argument 'catkin_skip_building_tests' from command line to 'False'
[0.362s] DEBUG:colcon.colcon_core.verb:Building package 'rrrrr_finger' with the following arguments: {'ament_cmake_args': None, 'build_base': '/home/lunet/kk0171/ros2_ws/build/rrrrr_finger', 'catkin_cmake_args': None, 'catkin_skip_building_tests': False, 'cmake_args': None, 'cmake_clean_cache': False, 'cmake_clean_first': False, 'cmake_force_configure': False, 'cmake_target': None, 'cmake_target_skip_unavailable': False, 'install_base': '/home/lunet/kk0171/ros2_ws/install/rrrrr_finger', 'merge_install': False, 'path': '/home/lunet/kk0171/ros2_ws/src/rrrrr_finger', 'symlink_install': False, 'test_result_base': None}
[0.362s] Level 5:colcon.colcon_core.verb:set package 'scara_pkg' build argument 'cmake_args' from command line to 'None'
[0.362s] Level 5:colcon.colcon_core.verb:set package 'scara_pkg' build argument 'cmake_target' from command line to 'None'
[0.362s] Level 5:colcon.colcon_core.verb:set package 'scara_pkg' build argument 'cmake_target_skip_unavailable' from command line to 'False'
[0.362s] Level 5:colcon.colcon_core.verb:set package 'scara_pkg' build argument 'cmake_clean_cache' from command line to 'False'
[0.362s] Level 5:colcon.colcon_core.verb:set package 'scara_pkg' build argument 'cmake_clean_first' from command line to 'False'
[0.362s] Level 5:colcon.colcon_core.verb:set package 'scara_pkg' build argument 'cmake_force_configure' from command line to 'False'
[0.362s] Level 5:colcon.colcon_core.verb:set package 'scara_pkg' build argument 'ament_cmake_args' from command line to 'None'
[0.362s] Level 5:colcon.colcon_core.verb:set package 'scara_pkg' build argument 'catkin_cmake_args' from command line to 'None'
[0.362s] Level 5:colcon.colcon_core.verb:set package 'scara_pkg' build argument 'catkin_skip_building_tests' from command line to 'False'
[0.362s] DEBUG:colcon.colcon_core.verb:Building package 'scara_pkg' with the following arguments: {'ament_cmake_args': None, 'build_base': '/home/lunet/kk0171/ros2_ws/build/scara_pkg', 'catkin_cmake_args': None, 'catkin_skip_building_tests': False, 'cmake_args': None, 'cmake_clean_cache': False, 'cmake_clean_first': False, 'cmake_force_configure': False, 'cmake_target': None, 'cmake_target_skip_unavailable': False, 'install_base': '/home/lunet/kk0171/ros2_ws/install/scara_pkg', 'merge_install': False, 'path': '/home/lunet/kk0171/ros2_ws/src/scara_pkg', 'symlink_install': False, 'test_result_base': None}
[0.362s] Level 5:colcon.colcon_core.verb:set package 'scara_moveit_config' build argument 'cmake_args' from command line to 'None'
[0.362s] Level 5:colcon.colcon_core.verb:set package 'scara_moveit_config' build argument 'cmake_target' from command line to 'None'
[0.362s] Level 5:colcon.colcon_core.verb:set package 'scara_moveit_config' build argument 'cmake_target_skip_unavailable' from command line to 'False'
[0.362s] Level 5:colcon.colcon_core.verb:set package 'scara_moveit_config' build argument 'cmake_clean_cache' from command line to 'False'
[0.362s] Level 5:colcon.colcon_core.verb:set package 'scara_moveit_config' build argument 'cmake_clean_first' from command line to 'False'
[0.362s] Level 5:colcon.colcon_core.verb:set package 'scara_moveit_config' build argument 'cmake_force_configure' from command line to 'False'
[0.362s] Level 5:colcon.colcon_core.verb:set package 'scara_moveit_config' build argument 'ament_cmake_args' from command line to 'None'
[0.362s] Level 5:colcon.colcon_core.verb:set package 'scara_moveit_config' build argument 'catkin_cmake_args' from command line to 'None'
[0.362s] Level 5:colcon.colcon_core.verb:set package 'scara_moveit_config' build argument 'catkin_skip_building_tests' from command line to 'False'
[0.362s] DEBUG:colcon.colcon_core.verb:Building package 'scara_moveit_config' with the following arguments: {'ament_cmake_args': None, 'build_base': '/home/lunet/kk0171/ros2_ws/build/scara_moveit_config', 'catkin_cmake_args': None, 'catkin_skip_building_tests': False, 'cmake_args': None, 'cmake_clean_cache': False, 'cmake_clean_first': False, 'cmake_force_configure': False, 'cmake_target': None, 'cmake_target_skip_unavailable': False, 'install_base': '/home/lunet/kk0171/ros2_ws/install/scara_moveit_config', 'merge_install': False, 'path': '/home/lunet/kk0171/ros2_ws/src/scara_moveit_config', 'symlink_install': False, 'test_result_base': None}
[0.362s] Level 5:colcon.colcon_core.verb:set package 'simple_robot_moveit_config' build argument 'cmake_args' from command line to 'None'
[0.362s] Level 5:colcon.colcon_core.verb:set package 'simple_robot_moveit_config' build argument 'cmake_target' from command line to 'None'
[0.362s] Level 5:colcon.colcon_core.verb:set package 'simple_robot_moveit_config' build argument 'cmake_target_skip_unavailable' from command line to 'False'
[0.362s] Level 5:colcon.colcon_core.verb:set package 'simple_robot_moveit_config' build argument 'cmake_clean_cache' from command line to 'False'
[0.362s] Level 5:colcon.colcon_core.verb:set package 'simple_robot_moveit_config' build argument 'cmake_clean_first' from command line to 'False'
[0.362s] Level 5:colcon.colcon_core.verb:set package 'simple_robot_moveit_config' build argument 'cmake_force_configure' from command line to 'False'
[0.362s] Level 5:colcon.colcon_core.verb:set package 'simple_robot_moveit_config' build argument 'ament_cmake_args' from command line to 'None'
[0.362s] Level 5:colcon.colcon_core.verb:set package 'simple_robot_moveit_config' build argument 'catkin_cmake_args' from command line to 'None'
[0.362s] Level 5:colcon.colcon_core.verb:set package 'simple_robot_moveit_config' build argument 'catkin_skip_building_tests' from command line to 'False'
[0.362s] DEBUG:colcon.colcon_core.verb:Building package 'simple_robot_moveit_config' with the following arguments: {'ament_cmake_args': None, 'build_base': '/home/lunet/kk0171/ros2_ws/build/simple_robot_moveit_config', 'catkin_cmake_args': None, 'catkin_skip_building_tests': False, 'cmake_args': None, 'cmake_clean_cache': False, 'cmake_clean_first': False, 'cmake_force_configure': False, 'cmake_target': None, 'cmake_target_skip_unavailable': False, 'install_base': '/home/lunet/kk0171/ros2_ws/install/simple_robot_moveit_config', 'merge_install': False, 'path': '/home/lunet/kk0171/ros2_ws/src/simple_robot_moveit_config', 'symlink_install': False, 'test_result_base': None}
[0.362s] INFO:colcon.colcon_core.executor:Executing jobs using 'parallel' executor
[0.363s] DEBUG:colcon.colcon_parallel_executor.executor.parallel:run_until_complete
[0.363s] INFO:colcon.colcon_ros.task.ament_cmake.build:Building ROS package in '/home/lunet/kk0171/ros2_ws/src/rrrrr_finger' with build type 'ament_cmake'
[0.363s] INFO:colcon.colcon_cmake.task.cmake.build:Building CMake package in '/home/lunet/kk0171/ros2_ws/src/rrrrr_finger'
[0.365s] INFO:colcon.colcon_core.plugin_system:Skipping extension 'colcon_core.shell.bat': Not used on non-Windows systems
[0.365s] INFO:colcon.colcon_core.shell:Skip shell extension 'powershell' for command environment: Not usable outside of PowerShell
[0.365s] DEBUG:colcon.colcon_core.shell:Skip shell extension 'dsv' for command environment
[0.373s] INFO:colcon.colcon_ros.task.ament_cmake.build:Building ROS package in '/home/lunet/kk0171/ros2_ws/src/scara_pkg' with build type 'ament_cmake'
[0.374s] INFO:colcon.colcon_cmake.task.cmake.build:Building CMake package in '/home/lunet/kk0171/ros2_ws/src/scara_pkg'
[0.374s] INFO:colcon.colcon_core.shell:Skip shell extension 'powershell' for command environment: Not usable outside of PowerShell
[0.374s] DEBUG:colcon.colcon_core.shell:Skip shell extension 'dsv' for command environment
[0.455s] DEBUG:colcon.colcon_core.event_handler.log_command:Invoking command in '/home/lunet/kk0171/ros2_ws/build/rrrrr_finger': ANSYSLMD_LICENSE_FILE=1055@ansys.lboro.ac.uk CMAKE_PREFIX_PATH=${CMAKE_PREFIX_PATH}:/opt/ros/humble /usr/bin/cmake --build /home/lunet/kk0171/ros2_ws/build/rrrrr_finger -- -j32 -l32
[0.497s] DEBUG:colcon.colcon_core.event_handler.log_command:Invoking command in '/home/lunet/kk0171/ros2_ws/build/scara_pkg': ANSYSLMD_LICENSE_FILE=1055@ansys.lboro.ac.uk CMAKE_PREFIX_PATH=${CMAKE_PREFIX_PATH}:/opt/ros/humble /usr/bin/cmake --build /home/lunet/kk0171/ros2_ws/build/scara_pkg -- -j32 -l32
[0.603s] DEBUG:colcon.colcon_core.event_handler.log_command:Invoked command in '/home/lunet/kk0171/ros2_ws/build/scara_pkg' returned '0': ANSYSLMD_LICENSE_FILE=1055@ansys.lboro.ac.uk CMAKE_PREFIX_PATH=${CMAKE_PREFIX_PATH}:/opt/ros/humble /usr/bin/cmake --build /home/lunet/kk0171/ros2_ws/build/scara_pkg -- -j32 -l32
[0.635s] DEBUG:colcon.colcon_core.event_handler.log_command:Invoking command in '/home/lunet/kk0171/ros2_ws/build/scara_pkg': ANSYSLMD_LICENSE_FILE=1055@ansys.lboro.ac.uk CMAKE_PREFIX_PATH=${CMAKE_PREFIX_PATH}:/opt/ros/humble /usr/bin/cmake --install /home/lunet/kk0171/ros2_ws/build/scara_pkg
[0.635s] DEBUG:colcon.colcon_core.event_handler.log_command:Invoked command in '/home/lunet/kk0171/ros2_ws/build/rrrrr_finger' returned '0': ANSYSLMD_LICENSE_FILE=1055@ansys.lboro.ac.uk CMAKE_PREFIX_PATH=${CMAKE_PREFIX_PATH}:/opt/ros/humble /usr/bin/cmake --build /home/lunet/kk0171/ros2_ws/build/rrrrr_finger -- -j32 -l32
[0.655s] DEBUG:colcon.colcon_core.event_handler.log_command:Invoking command in '/home/lunet/kk0171/ros2_ws/build/rrrrr_finger': ANSYSLMD_LICENSE_FILE=1055@ansys.lboro.ac.uk CMAKE_PREFIX_PATH=${CMAKE_PREFIX_PATH}:/opt/ros/humble /usr/bin/cmake --install /home/lunet/kk0171/ros2_ws/build/rrrrr_finger
[0.702s] Level 1:colcon.colcon_core.environment:create_environment_scripts_only(rrrrr_finger)
[0.702s] DEBUG:colcon.colcon_core.event_handler.log_command:Invoked command in '/home/lunet/kk0171/ros2_ws/build/rrrrr_finger' returned '0': ANSYSLMD_LICENSE_FILE=1055@ansys.lboro.ac.uk CMAKE_PREFIX_PATH=${CMAKE_PREFIX_PATH}:/opt/ros/humble /usr/bin/cmake --install /home/lunet/kk0171/ros2_ws/build/rrrrr_finger
[0.704s] Level 1:colcon.colcon_core.environment:checking '/home/lunet/kk0171/ros2_ws/install/rrrrr_finger' for CMake module files
[0.708s] Level 1:colcon.colcon_core.environment:checking '/home/lunet/kk0171/ros2_ws/install/rrrrr_finger' for CMake config files
[0.712s] Level 1:colcon.colcon_core.shell:create_environment_hook('rrrrr_finger', 'cmake_prefix_path')
[0.712s] INFO:colcon.colcon_core.shell:Creating environment hook '/home/lunet/kk0171/ros2_ws/install/rrrrr_finger/share/rrrrr_finger/hook/cmake_prefix_path.ps1'
[0.714s] INFO:colcon.colcon_core.shell:Creating environment descriptor '/home/lunet/kk0171/ros2_ws/install/rrrrr_finger/share/rrrrr_finger/hook/cmake_prefix_path.dsv'
[0.717s] INFO:colcon.colcon_core.shell:Creating environment hook '/home/lunet/kk0171/ros2_ws/install/rrrrr_finger/share/rrrrr_finger/hook/cmake_prefix_path.sh'
[0.720s] Level 1:colcon.colcon_core.environment:checking '/home/lunet/kk0171/ros2_ws/install/rrrrr_finger/bin'
[0.720s] Level 1:colcon.colcon_core.environment:checking '/home/lunet/kk0171/ros2_ws/install/rrrrr_finger/lib/pkgconfig/rrrrr_finger.pc'
[0.720s] Level 1:colcon.colcon_core.environment:checking '/home/lunet/kk0171/ros2_ws/install/rrrrr_finger/lib/python3.10/site-packages'
[0.720s] Level 1:colcon.colcon_core.environment:checking '/home/lunet/kk0171/ros2_ws/install/rrrrr_finger/bin'
[0.720s] INFO:colcon.colcon_core.shell:Creating package script '/home/lunet/kk0171/ros2_ws/install/rrrrr_finger/share/rrrrr_finger/package.ps1'
[0.723s] INFO:colcon.colcon_core.shell:Creating package descriptor '/home/lunet/kk0171/ros2_ws/install/rrrrr_finger/share/rrrrr_finger/package.dsv'
[0.725s] INFO:colcon.colcon_core.shell:Creating package script '/home/lunet/kk0171/ros2_ws/install/rrrrr_finger/share/rrrrr_finger/package.sh'
[0.727s] INFO:colcon.colcon_core.shell:Creating package script '/home/lunet/kk0171/ros2_ws/install/rrrrr_finger/share/rrrrr_finger/package.bash'
[0.729s] INFO:colcon.colcon_core.shell:Creating package script '/home/lunet/kk0171/ros2_ws/install/rrrrr_finger/share/rrrrr_finger/package.zsh'
[0.731s] Level 1:colcon.colcon_core.environment:create_file_with_runtime_dependencies(/home/lunet/kk0171/ros2_ws/install/rrrrr_finger/share/colcon-core/packages/rrrrr_finger)
[0.734s] Level 1:colcon.colcon_core.environment:create_environment_scripts_only(rrrrr_finger)
[0.734s] Level 1:colcon.colcon_core.environment:checking '/home/lunet/kk0171/ros2_ws/install/rrrrr_finger' for CMake module files
[0.735s] Level 1:colcon.colcon_core.environment:checking '/home/lunet/kk0171/ros2_ws/install/rrrrr_finger' for CMake config files
[0.737s] Level 1:colcon.colcon_core.shell:create_environment_hook('rrrrr_finger', 'cmake_prefix_path')
[0.737s] INFO:colcon.colcon_core.shell:Creating environment hook '/home/lunet/kk0171/ros2_ws/install/rrrrr_finger/share/rrrrr_finger/hook/cmake_prefix_path.ps1'
[0.739s] INFO:colcon.colcon_core.shell:Creating environment descriptor '/home/lunet/kk0171/ros2_ws/install/rrrrr_finger/share/rrrrr_finger/hook/cmake_prefix_path.dsv'
[0.741s] INFO:colcon.colcon_core.shell:Creating environment hook '/home/lunet/kk0171/ros2_ws/install/rrrrr_finger/share/rrrrr_finger/hook/cmake_prefix_path.sh'
[0.743s] Level 1:colcon.colcon_core.environment:checking '/home/lunet/kk0171/ros2_ws/install/rrrrr_finger/bin'
[0.743s] Level 1:colcon.colcon_core.environment:checking '/home/lunet/kk0171/ros2_ws/install/rrrrr_finger/lib/pkgconfig/rrrrr_finger.pc'
[0.743s] Level 1:colcon.colcon_core.environment:checking '/home/lunet/kk0171/ros2_ws/install/rrrrr_finger/lib/python3.10/site-packages'
[0.743s] Level 1:colcon.colcon_core.environment:checking '/home/lunet/kk0171/ros2_ws/install/rrrrr_finger/bin'
[0.743s] INFO:colcon.colcon_core.shell:Creating package script '/home/lunet/kk0171/ros2_ws/install/rrrrr_finger/share/rrrrr_finger/package.ps1'
[0.792s] INFO:colcon.colcon_core.shell:Creating package descriptor '/home/lunet/kk0171/ros2_ws/install/rrrrr_finger/share/rrrrr_finger/package.dsv'
[0.794s] INFO:colcon.colcon_core.shell:Creating package script '/home/lunet/kk0171/ros2_ws/install/rrrrr_finger/share/rrrrr_finger/package.sh'
[0.796s] INFO:colcon.colcon_core.shell:Creating package script '/home/lunet/kk0171/ros2_ws/install/rrrrr_finger/share/rrrrr_finger/package.bash'
[0.798s] INFO:colcon.colcon_core.shell:Creating package script '/home/lunet/kk0171/ros2_ws/install/rrrrr_finger/share/rrrrr_finger/package.zsh'
[0.804s] Level 1:colcon.colcon_core.environment:create_file_with_runtime_dependencies(/home/lunet/kk0171/ros2_ws/install/rrrrr_finger/share/colcon-core/packages/rrrrr_finger)
[0.805s] INFO:colcon.colcon_ros.task.ament_cmake.build:Building ROS package in '/home/lunet/kk0171/ros2_ws/src/simple_robot_moveit_config' with build type 'ament_cmake'
[0.805s] INFO:colcon.colcon_cmake.task.cmake.build:Building CMake package in '/home/lunet/kk0171/ros2_ws/src/simple_robot_moveit_config'
[0.806s] INFO:colcon.colcon_core.shell:Skip shell extension 'powershell' for command environment: Not usable outside of PowerShell
[0.806s] DEBUG:colcon.colcon_core.shell:Skip shell extension 'dsv' for command environment
[0.815s] Level 1:colcon.colcon_core.environment:create_environment_scripts_only(scara_pkg)
[0.815s] Level 1:colcon.colcon_core.environment:checking '/home/lunet/kk0171/ros2_ws/install/scara_pkg' for CMake module files
[0.815s] DEBUG:colcon.colcon_core.event_handler.log_command:Invoked command in '/home/lunet/kk0171/ros2_ws/build/scara_pkg' returned '0': ANSYSLMD_LICENSE_FILE=1055@ansys.lboro.ac.uk CMAKE_PREFIX_PATH=${CMAKE_PREFIX_PATH}:/opt/ros/humble /usr/bin/cmake --install /home/lunet/kk0171/ros2_ws/build/scara_pkg
[0.819s] Level 1:colcon.colcon_core.environment:checking '/home/lunet/kk0171/ros2_ws/install/scara_pkg' for CMake config files
[0.823s] Level 1:colcon.colcon_core.shell:create_environment_hook('scara_pkg', 'cmake_prefix_path')
[0.823s] INFO:colcon.colcon_core.shell:Creating environment hook '/home/lunet/kk0171/ros2_ws/install/scara_pkg/share/scara_pkg/hook/cmake_prefix_path.ps1'
[0.825s] INFO:colcon.colcon_core.shell:Creating environment descriptor '/home/lunet/kk0171/ros2_ws/install/scara_pkg/share/scara_pkg/hook/cmake_prefix_path.dsv'
[0.827s] INFO:colcon.colcon_core.shell:Creating environment hook '/home/lunet/kk0171/ros2_ws/install/scara_pkg/share/scara_pkg/hook/cmake_prefix_path.sh'
[0.830s] Level 1:colcon.colcon_core.environment:checking '/home/lunet/kk0171/ros2_ws/install/scara_pkg/bin'
[0.830s] Level 1:colcon.colcon_core.environment:checking '/home/lunet/kk0171/ros2_ws/install/scara_pkg/lib/pkgconfig/scara_pkg.pc'
[0.830s] Level 1:colcon.colcon_core.environment:checking '/home/lunet/kk0171/ros2_ws/install/scara_pkg/lib/python3.10/site-packages'
[0.830s] Level 1:colcon.colcon_core.environment:checking '/home/lunet/kk0171/ros2_ws/install/scara_pkg/bin'
[0.830s] INFO:colcon.colcon_core.shell:Creating package script '/home/lunet/kk0171/ros2_ws/install/scara_pkg/share/scara_pkg/package.ps1'
[0.833s] INFO:colcon.colcon_core.shell:Creating package descriptor '/home/lunet/kk0171/ros2_ws/install/scara_pkg/share/scara_pkg/package.dsv'
[0.834s] INFO:colcon.colcon_core.shell:Creating package script '/home/lunet/kk0171/ros2_ws/install/scara_pkg/share/scara_pkg/package.sh'
[0.836s] INFO:colcon.colcon_core.shell:Creating package script '/home/lunet/kk0171/ros2_ws/install/scara_pkg/share/scara_pkg/package.bash'
[0.838s] INFO:colcon.colcon_core.shell:Creating package script '/home/lunet/kk0171/ros2_ws/install/scara_pkg/share/scara_pkg/package.zsh'
[0.840s] Level 1:colcon.colcon_core.environment:create_file_with_runtime_dependencies(/home/lunet/kk0171/ros2_ws/install/scara_pkg/share/colcon-core/packages/scara_pkg)
[0.843s] Level 1:colcon.colcon_core.environment:create_environment_scripts_only(scara_pkg)
[0.843s] Level 1:colcon.colcon_core.environment:checking '/home/lunet/kk0171/ros2_ws/install/scara_pkg' for CMake module files
[0.845s] Level 1:colcon.colcon_core.environment:checking '/home/lunet/kk0171/ros2_ws/install/scara_pkg' for CMake config files
[0.848s] Level 1:colcon.colcon_core.shell:create_environment_hook('scara_pkg', 'cmake_prefix_path')
[0.848s] INFO:colcon.colcon_core.shell:Creating environment hook '/home/lunet/kk0171/ros2_ws/install/scara_pkg/share/scara_pkg/hook/cmake_prefix_path.ps1'
[0.849s] INFO:colcon.colcon_core.shell:Creating environment descriptor '/home/lunet/kk0171/ros2_ws/install/scara_pkg/share/scara_pkg/hook/cmake_prefix_path.dsv'
[0.851s] INFO:colcon.colcon_core.shell:Creating environment hook '/home/lunet/kk0171/ros2_ws/install/scara_pkg/share/scara_pkg/hook/cmake_prefix_path.sh'
[0.853s] Level 1:colcon.colcon_core.environment:checking '/home/lunet/kk0171/ros2_ws/install/scara_pkg/bin'
[0.853s] Level 1:colcon.colcon_core.environment:checking '/home/lunet/kk0171/ros2_ws/install/scara_pkg/lib/pkgconfig/scara_pkg.pc'
[0.853s] Level 1:colcon.colcon_core.environment:checking '/home/lunet/kk0171/ros2_ws/install/scara_pkg/lib/python3.10/site-packages'
[0.854s] Level 1:colcon.colcon_core.environment:checking '/home/lunet/kk0171/ros2_ws/install/scara_pkg/bin'
[0.854s] INFO:colcon.colcon_core.shell:Creating package script '/home/lunet/kk0171/ros2_ws/install/scara_pkg/share/scara_pkg/package.ps1'
[0.885s] INFO:colcon.colcon_core.shell:Creating package descriptor '/home/lunet/kk0171/ros2_ws/install/scara_pkg/share/scara_pkg/package.dsv'
[0.887s] INFO:colcon.colcon_core.shell:Creating package script '/home/lunet/kk0171/ros2_ws/install/scara_pkg/share/scara_pkg/package.sh'
[0.889s] INFO:colcon.colcon_core.shell:Creating package script '/home/lunet/kk0171/ros2_ws/install/scara_pkg/share/scara_pkg/package.bash'
[0.904s] INFO:colcon.colcon_core.shell:Creating package script '/home/lunet/kk0171/ros2_ws/install/scara_pkg/share/scara_pkg/package.zsh'
[0.906s] Level 1:colcon.colcon_core.environment:create_file_with_runtime_dependencies(/home/lunet/kk0171/ros2_ws/install/scara_pkg/share/colcon-core/packages/scara_pkg)
[0.908s] INFO:colcon.colcon_ros.task.ament_cmake.build:Building ROS package in '/home/lunet/kk0171/ros2_ws/src/scara_moveit_config' with build type 'ament_cmake'
[0.908s] INFO:colcon.colcon_cmake.task.cmake.build:Building CMake package in '/home/lunet/kk0171/ros2_ws/src/scara_moveit_config'
[0.908s] INFO:colcon.colcon_core.shell:Skip shell extension 'powershell' for command environment: Not usable outside of PowerShell
[0.908s] DEBUG:colcon.colcon_core.shell:Skip shell extension 'dsv' for command environment
[0.970s] DEBUG:colcon.colcon_core.event_handler.log_command:Invoking command in '/home/lunet/kk0171/ros2_ws/build/simple_robot_moveit_config': ANSYSLMD_LICENSE_FILE=1055@ansys.lboro.ac.uk CMAKE_PREFIX_PATH=/home/lunet/kk0171/ros2_ws/install/rrrrr_finger:/home/lunet/kk0171/ros2_ws/install/simple_robot_moveit_config:/home/lunet/kk0171/ros2_ws/install/scara_moveit_config:/home/lunet/kk0171/ros2_ws/install/scara_pkg:/opt/ros/humble /usr/bin/cmake --build /home/lunet/kk0171/ros2_ws/build/simple_robot_moveit_config -- -j32 -l32
[1.026s] DEBUG:colcon.colcon_core.event_handler.log_command:Invoking command in '/home/lunet/kk0171/ros2_ws/build/scara_moveit_config': ANSYSLMD_LICENSE_FILE=1055@ansys.lboro.ac.uk CMAKE_PREFIX_PATH=/home/lunet/kk0171/ros2_ws/install/scara_pkg:/home/lunet/kk0171/ros2_ws/install/simple_robot_moveit_config:/home/lunet/kk0171/ros2_ws/install/scara_moveit_config:/home/lunet/kk0171/ros2_ws/install/rrrrr_finger:/opt/ros/humble /usr/bin/cmake --build /home/lunet/kk0171/ros2_ws/build/scara_moveit_config -- -j32 -l32
[1.068s] DEBUG:colcon.colcon_core.event_handler.log_command:Invoked command in '/home/lunet/kk0171/ros2_ws/build/simple_robot_moveit_config' returned '0': ANSYSLMD_LICENSE_FILE=1055@ansys.lboro.ac.uk CMAKE_PREFIX_PATH=/home/lunet/kk0171/ros2_ws/install/rrrrr_finger:/home/lunet/kk0171/ros2_ws/install/simple_robot_moveit_config:/home/lunet/kk0171/ros2_ws/install/scara_moveit_config:/home/lunet/kk0171/ros2_ws/install/scara_pkg:/opt/ros/humble /usr/bin/cmake --build /home/lunet/kk0171/ros2_ws/build/simple_robot_moveit_config -- -j32 -l32
[1.092s] DEBUG:colcon.colcon_core.event_handler.log_command:Invoking command in '/home/lunet/kk0171/ros2_ws/build/simple_robot_moveit_config': ANSYSLMD_LICENSE_FILE=1055@ansys.lboro.ac.uk CMAKE_PREFIX_PATH=/home/lunet/kk0171/ros2_ws/install/rrrrr_finger:/home/lunet/kk0171/ros2_ws/install/simple_robot_moveit_config:/home/lunet/kk0171/ros2_ws/install/scara_moveit_config:/home/lunet/kk0171/ros2_ws/install/scara_pkg:/opt/ros/humble /usr/bin/cmake --install /home/lunet/kk0171/ros2_ws/build/simple_robot_moveit_config
[1.125s] DEBUG:colcon.colcon_core.event_handler.log_command:Invoked command in '/home/lunet/kk0171/ros2_ws/build/scara_moveit_config' returned '0': ANSYSLMD_LICENSE_FILE=1055@ansys.lboro.ac.uk CMAKE_PREFIX_PATH=/home/lunet/kk0171/ros2_ws/install/scara_pkg:/home/lunet/kk0171/ros2_ws/install/simple_robot_moveit_config:/home/lunet/kk0171/ros2_ws/install/scara_moveit_config:/home/lunet/kk0171/ros2_ws/install/rrrrr_finger:/opt/ros/humble /usr/bin/cmake --build /home/lunet/kk0171/ros2_ws/build/scara_moveit_config -- -j32 -l32
[1.146s] DEBUG:colcon.colcon_core.event_handler.log_command:Invoking command in '/home/lunet/kk0171/ros2_ws/build/scara_moveit_config': ANSYSLMD_LICENSE_FILE=1055@ansys.lboro.ac.uk CMAKE_PREFIX_PATH=/home/lunet/kk0171/ros2_ws/install/scara_pkg:/home/lunet/kk0171/ros2_ws/install/simple_robot_moveit_config:/home/lunet/kk0171/ros2_ws/install/scara_moveit_config:/home/lunet/kk0171/ros2_ws/install/rrrrr_finger:/opt/ros/humble /usr/bin/cmake --install /home/lunet/kk0171/ros2_ws/build/scara_moveit_config
[1.166s] Level 1:colcon.colcon_core.environment:create_environment_scripts_only(simple_robot_moveit_config)
[1.166s] DEBUG:colcon.colcon_core.event_handler.log_command:Invoked command in '/home/lunet/kk0171/ros2_ws/build/simple_robot_moveit_config' returned '0': ANSYSLMD_LICENSE_FILE=1055@ansys.lboro.ac.uk CMAKE_PREFIX_PATH=/home/lunet/kk0171/ros2_ws/install/rrrrr_finger:/home/lunet/kk0171/ros2_ws/install/simple_robot_moveit_config:/home/lunet/kk0171/ros2_ws/install/scara_moveit_config:/home/lunet/kk0171/ros2_ws/install/scara_pkg:/opt/ros/humble /usr/bin/cmake --install /home/lunet/kk0171/ros2_ws/build/simple_robot_moveit_config
[1.167s] Level 1:colcon.colcon_core.environment:checking '/home/lunet/kk0171/ros2_ws/install/simple_robot_moveit_config' for CMake module files
[1.171s] Level 1:colcon.colcon_core.environment:checking '/home/lunet/kk0171/ros2_ws/install/simple_robot_moveit_config' for CMake config files
[1.177s] Level 1:colcon.colcon_core.shell:create_environment_hook('simple_robot_moveit_config', 'cmake_prefix_path')
[1.177s] INFO:colcon.colcon_core.shell:Creating environment hook '/home/lunet/kk0171/ros2_ws/install/simple_robot_moveit_config/share/simple_robot_moveit_config/hook/cmake_prefix_path.ps1'
[1.180s] INFO:colcon.colcon_core.shell:Creating environment descriptor '/home/lunet/kk0171/ros2_ws/install/simple_robot_moveit_config/share/simple_robot_moveit_config/hook/cmake_prefix_path.dsv'
[1.182s] INFO:colcon.colcon_core.shell:Creating environment hook '/home/lunet/kk0171/ros2_ws/install/simple_robot_moveit_config/share/simple_robot_moveit_config/hook/cmake_prefix_path.sh'
[1.185s] Level 1:colcon.colcon_core.environment:checking '/home/lunet/kk0171/ros2_ws/install/simple_robot_moveit_config/bin'
[1.185s] Level 1:colcon.colcon_core.environment:checking '/home/lunet/kk0171/ros2_ws/install/simple_robot_moveit_config/lib/pkgconfig/simple_robot_moveit_config.pc'
[1.185s] Level 1:colcon.colcon_core.environment:checking '/home/lunet/kk0171/ros2_ws/install/simple_robot_moveit_config/lib/python3.10/site-packages'
[1.186s] Level 1:colcon.colcon_core.environment:checking '/home/lunet/kk0171/ros2_ws/install/simple_robot_moveit_config/bin'
[1.186s] INFO:colcon.colcon_core.shell:Creating package script '/home/lunet/kk0171/ros2_ws/install/simple_robot_moveit_config/share/simple_robot_moveit_config/package.ps1'
[1.188s] INFO:colcon.colcon_core.shell:Creating package descriptor '/home/lunet/kk0171/ros2_ws/install/simple_robot_moveit_config/share/simple_robot_moveit_config/package.dsv'
[1.190s] INFO:colcon.colcon_core.shell:Creating package script '/home/lunet/kk0171/ros2_ws/install/simple_robot_moveit_config/share/simple_robot_moveit_config/package.sh'
[1.192s] INFO:colcon.colcon_core.shell:Creating package script '/home/lunet/kk0171/ros2_ws/install/simple_robot_moveit_config/share/simple_robot_moveit_config/package.bash'
[1.194s] INFO:colcon.colcon_core.shell:Creating package script '/home/lunet/kk0171/ros2_ws/install/simple_robot_moveit_config/share/simple_robot_moveit_config/package.zsh'
[1.206s] Level 1:colcon.colcon_core.environment:create_file_with_runtime_dependencies(/home/lunet/kk0171/ros2_ws/install/simple_robot_moveit_config/share/colcon-core/packages/simple_robot_moveit_config)
[1.210s] Level 1:colcon.colcon_core.environment:create_environment_scripts_only(simple_robot_moveit_config)
[1.210s] Level 1:colcon.colcon_core.environment:checking '/home/lunet/kk0171/ros2_ws/install/simple_robot_moveit_config' for CMake module files
[1.211s] Level 1:colcon.colcon_core.environment:checking '/home/lunet/kk0171/ros2_ws/install/simple_robot_moveit_config' for CMake config files
[1.216s] Level 1:colcon.colcon_core.shell:create_environment_hook('simple_robot_moveit_config', 'cmake_prefix_path')
[1.217s] INFO:colcon.colcon_core.shell:Creating environment hook '/home/lunet/kk0171/ros2_ws/install/simple_robot_moveit_config/share/simple_robot_moveit_config/hook/cmake_prefix_path.ps1'
[1.219s] INFO:colcon.colcon_core.shell:Creating environment descriptor '/home/lunet/kk0171/ros2_ws/install/simple_robot_moveit_config/share/simple_robot_moveit_config/hook/cmake_prefix_path.dsv'
[1.221s] INFO:colcon.colcon_core.shell:Creating environment hook '/home/lunet/kk0171/ros2_ws/install/simple_robot_moveit_config/share/simple_robot_moveit_config/hook/cmake_prefix_path.sh'
[1.223s] Level 1:colcon.colcon_core.environment:checking '/home/lunet/kk0171/ros2_ws/install/simple_robot_moveit_config/bin'
[1.223s] Level 1:colcon.colcon_core.environment:checking '/home/lunet/kk0171/ros2_ws/install/simple_robot_moveit_config/lib/pkgconfig/simple_robot_moveit_config.pc'
[1.223s] Level 1:colcon.colcon_core.environment:checking '/home/lunet/kk0171/ros2_ws/install/simple_robot_moveit_config/lib/python3.10/site-packages'
[1.223s] Level 1:colcon.colcon_core.environment:checking '/home/lunet/kk0171/ros2_ws/install/simple_robot_moveit_config/bin'
[1.223s] INFO:colcon.colcon_core.shell:Creating package script '/home/lunet/kk0171/ros2_ws/install/simple_robot_moveit_config/share/simple_robot_moveit_config/package.ps1'
[1.225s] INFO:colcon.colcon_core.shell:Creating package descriptor '/home/lunet/kk0171/ros2_ws/install/simple_robot_moveit_config/share/simple_robot_moveit_config/package.dsv'
[1.227s] INFO:colcon.colcon_core.shell:Creating package script '/home/lunet/kk0171/ros2_ws/install/simple_robot_moveit_config/share/simple_robot_moveit_config/package.sh'
[1.229s] INFO:colcon.colcon_core.shell:Creating package script '/home/lunet/kk0171/ros2_ws/install/simple_robot_moveit_config/share/simple_robot_moveit_config/package.bash'
[1.231s] INFO:colcon.colcon_core.shell:Creating package script '/home/lunet/kk0171/ros2_ws/install/simple_robot_moveit_config/share/simple_robot_moveit_config/package.zsh'
[1.252s] Level 1:colcon.colcon_core.environment:create_file_with_runtime_dependencies(/home/lunet/kk0171/ros2_ws/install/simple_robot_moveit_config/share/colcon-core/packages/simple_robot_moveit_config)
[1.259s] Level 1:colcon.colcon_core.environment:create_environment_scripts_only(scara_moveit_config)
[1.259s] Level 1:colcon.colcon_core.environment:checking '/home/lunet/kk0171/ros2_ws/install/scara_moveit_config' for CMake module files
[1.260s] DEBUG:colcon.colcon_core.event_handler.log_command:Invoked command in '/home/lunet/kk0171/ros2_ws/build/scara_moveit_config' returned '0': ANSYSLMD_LICENSE_FILE=1055@ansys.lboro.ac.uk CMAKE_PREFIX_PATH=/home/lunet/kk0171/ros2_ws/install/scara_pkg:/home/lunet/kk0171/ros2_ws/install/simple_robot_moveit_config:/home/lunet/kk0171/ros2_ws/install/scara_moveit_config:/home/lunet/kk0171/ros2_ws/install/rrrrr_finger:/opt/ros/humble /usr/bin/cmake --install /home/lunet/kk0171/ros2_ws/build/scara_moveit_config
[1.263s] Level 1:colcon.colcon_core.environment:checking '/home/lunet/kk0171/ros2_ws/install/scara_moveit_config' for CMake config files
[1.269s] Level 1:colcon.colcon_core.shell:create_environment_hook('scara_moveit_config', 'cmake_prefix_path')
[1.269s] INFO:colcon.colcon_core.shell:Creating environment hook '/home/lunet/kk0171/ros2_ws/install/scara_moveit_config/share/scara_moveit_config/hook/cmake_prefix_path.ps1'
[1.272s] INFO:colcon.colcon_core.shell:Creating environment descriptor '/home/lunet/kk0171/ros2_ws/install/scara_moveit_config/share/scara_moveit_config/hook/cmake_prefix_path.dsv'
[1.274s] INFO:colcon.colcon_core.shell:Creating environment hook '/home/lunet/kk0171/ros2_ws/install/scara_moveit_config/share/scara_moveit_config/hook/cmake_prefix_path.sh'
[1.277s] Level 1:colcon.colcon_core.environment:checking '/home/lunet/kk0171/ros2_ws/install/scara_moveit_config/bin'
[1.277s] Level 1:colcon.colcon_core.environment:checking '/home/lunet/kk0171/ros2_ws/install/scara_moveit_config/lib/pkgconfig/scara_moveit_config.pc'
[1.277s] Level 1:colcon.colcon_core.environment:checking '/home/lunet/kk0171/ros2_ws/install/scara_moveit_config/lib/python3.10/site-packages'
[1.277s] Level 1:colcon.colcon_core.environment:checking '/home/lunet/kk0171/ros2_ws/install/scara_moveit_config/bin'
[1.277s] INFO:colcon.colcon_core.shell:Creating package script '/home/lunet/kk0171/ros2_ws/install/scara_moveit_config/share/scara_moveit_config/package.ps1'
[1.279s] INFO:colcon.colcon_core.shell:Creating package descriptor '/home/lunet/kk0171/ros2_ws/install/scara_moveit_config/share/scara_moveit_config/package.dsv'
[1.281s] INFO:colcon.colcon_core.shell:Creating package script '/home/lunet/kk0171/ros2_ws/install/scara_moveit_config/share/scara_moveit_config/package.sh'
[1.283s] INFO:colcon.colcon_core.shell:Creating package script '/home/lunet/kk0171/ros2_ws/install/scara_moveit_config/share/scara_moveit_config/package.bash'
[1.285s] INFO:colcon.colcon_core.shell:Creating package script '/home/lunet/kk0171/ros2_ws/install/scara_moveit_config/share/scara_moveit_config/package.zsh'
[1.287s] Level 1:colcon.colcon_core.environment:create_file_with_runtime_dependencies(/home/lunet/kk0171/ros2_ws/install/scara_moveit_config/share/colcon-core/packages/scara_moveit_config)
[1.290s] Level 1:colcon.colcon_core.environment:create_environment_scripts_only(scara_moveit_config)
[1.290s] Level 1:colcon.colcon_core.environment:checking '/home/lunet/kk0171/ros2_ws/install/scara_moveit_config' for CMake module files
[1.291s] Level 1:colcon.colcon_core.environment:checking '/home/lunet/kk0171/ros2_ws/install/scara_moveit_config' for CMake config files
[1.296s] Level 1:colcon.colcon_core.shell:create_environment_hook('scara_moveit_config', 'cmake_prefix_path')
[1.296s] INFO:colcon.colcon_core.shell:Creating environment hook '/home/lunet/kk0171/ros2_ws/install/scara_moveit_config/share/scara_moveit_config/hook/cmake_prefix_path.ps1'
[1.298s] INFO:colcon.colcon_core.shell:Creating environment descriptor '/home/lunet/kk0171/ros2_ws/install/scara_moveit_config/share/scara_moveit_config/hook/cmake_prefix_path.dsv'
[1.300s] INFO:colcon.colcon_core.shell:Creating environment hook '/home/lunet/kk0171/ros2_ws/install/scara_moveit_config/share/scara_moveit_config/hook/cmake_prefix_path.sh'
[1.302s] Level 1:colcon.colcon_core.environment:checking '/home/lunet/kk0171/ros2_ws/install/scara_moveit_config/bin'
[1.302s] Level 1:colcon.colcon_core.environment:checking '/home/lunet/kk0171/ros2_ws/install/scara_moveit_config/lib/pkgconfig/scara_moveit_config.pc'
[1.302s] Level 1:colcon.colcon_core.environment:checking '/home/lunet/kk0171/ros2_ws/install/scara_moveit_config/lib/python3.10/site-packages'
[1.302s] Level 1:colcon.colcon_core.environment:checking '/home/lunet/kk0171/ros2_ws/install/scara_moveit_config/bin'
[1.302s] INFO:colcon.colcon_core.shell:Creating package script '/home/lunet/kk0171/ros2_ws/install/scara_moveit_config/share/scara_moveit_config/package.ps1'
[1.304s] INFO:colcon.colcon_core.shell:Creating package descriptor '/home/lunet/kk0171/ros2_ws/install/scara_moveit_config/share/scara_moveit_config/package.dsv'
[1.306s] INFO:colcon.colcon_core.shell:Creating package script '/home/lunet/kk0171/ros2_ws/install/scara_moveit_config/share/scara_moveit_config/package.sh'
[1.316s] INFO:colcon.colcon_core.shell:Creating package script '/home/lunet/kk0171/ros2_ws/install/scara_moveit_config/share/scara_moveit_config/package.bash'
[1.331s] INFO:colcon.colcon_core.shell:Creating package script '/home/lunet/kk0171/ros2_ws/install/scara_moveit_config/share/scara_moveit_config/package.zsh'
[1.333s] Level 1:colcon.colcon_core.environment:create_file_with_runtime_dependencies(/home/lunet/kk0171/ros2_ws/install/scara_moveit_config/share/colcon-core/packages/scara_moveit_config)
[1.334s] DEBUG:colcon.colcon_parallel_executor.executor.parallel:closing loop
[1.334s] DEBUG:colcon.colcon_parallel_executor.executor.parallel:loop closed
[1.334s] DEBUG:colcon.colcon_parallel_executor.executor.parallel:run_until_complete finished with '0'
[1.335s] DEBUG:colcon.colcon_core.event_reactor:joining thread
[1.348s] INFO:colcon.colcon_core.plugin_system:Skipping extension 'colcon_notification.desktop_notification.terminal_notifier': Not used on non-Darwin systems
[1.349s] INFO:colcon.colcon_core.plugin_system:Skipping extension 'colcon_notification.desktop_notification.win32': Not used on non-Windows systems
[1.349s] INFO:colcon.colcon_notification.desktop_notification:Sending desktop notification using 'notify2'
[1.360s] DEBUG:colcon.colcon_core.event_reactor:joined thread
[1.361s] INFO:colcon.colcon_core.shell:Creating prefix script '/home/lunet/kk0171/ros2_ws/install/local_setup.ps1'
[1.363s] INFO:colcon.colcon_core.shell:Creating prefix util module '/home/lunet/kk0171/ros2_ws/install/_local_setup_util_ps1.py'
[1.365s] INFO:colcon.colcon_core.shell:Creating prefix chain script '/home/lunet/kk0171/ros2_ws/install/setup.ps1'
[1.369s] INFO:colcon.colcon_core.shell:Creating prefix script '/home/lunet/kk0171/ros2_ws/install/local_setup.sh'
[1.371s] INFO:colcon.colcon_core.shell:Creating prefix util module '/home/lunet/kk0171/ros2_ws/install/_local_setup_util_sh.py'
[1.373s] INFO:colcon.colcon_core.shell:Creating prefix chain script '/home/lunet/kk0171/ros2_ws/install/setup.sh'
[1.377s] INFO:colcon.colcon_core.shell:Creating prefix script '/home/lunet/kk0171/ros2_ws/install/local_setup.bash'
[1.379s] INFO:colcon.colcon_core.shell:Creating prefix chain script '/home/lunet/kk0171/ros2_ws/install/setup.bash'
[1.383s] INFO:colcon.colcon_core.shell:Creating prefix script '/home/lunet/kk0171/ros2_ws/install/local_setup.zsh'
[1.385s] INFO:colcon.colcon_core.shell:Creating prefix chain script '/home/lunet/kk0171/ros2_ws/install/setup.zsh'
