[0.084s] DEBUG:colcon:Command line arguments: ['/usr/bin/colcon', 'build']
[0.084s] DEBUG:colcon:Parsed command line arguments: Namespace(log_base=None, log_level=None, verb_name='build', build_base='build', install_base='install', merge_install=False, symlink_install=False, test_result_base=None, continue_on_error=False, executor='parallel', parallel_workers=32, event_handlers=None, ignore_user_meta=False, metas=['./colcon.meta'], base_paths=['.'], packages_ignore=None, packages_ignore_regex=None, paths=None, packages_up_to=None, packages_up_to_regex=None, packages_above=None, packages_above_and_dependencies=None, packages_above_depth=None, packages_select_by_dep=None, packages_skip_by_dep=None, packages_skip_up_to=None, packages_select_build_failed=False, packages_skip_build_finished=False, packages_select_test_failures=False, packages_skip_test_passed=False, packages_select=None, packages_skip=None, packages_select_regex=None, packages_skip_regex=None, packages_start=None, packages_end=None, allow_overriding=[], cmake_args=None, cmake_target=None, cmake_target_skip_unavailable=False, cmake_clean_cache=False, cmake_clean_first=False, cmake_force_configure=False, ament_cmake_args=None, catkin_cmake_args=None, catkin_skip_building_tests=False, mixin_files=None, mixin=None, verb_parser=<colcon_mixin.mixin.mixin_argument.MixinArgumentDecorator object at 0x7daee23ca0e0>, verb_extension=<colcon_core.verb.build.BuildVerb object at 0x7daee24df100>, main=<bound method BuildVerb.main of <colcon_core.verb.build.BuildVerb object at 0x7daee24df100>>, mixin_verb=('build',))
[0.210s] Level 1:colcon.colcon_core.package_discovery:discover_packages(colcon_meta) check parameters
[0.211s] Level 1:colcon.colcon_core.package_discovery:discover_packages(recursive) check parameters
[0.211s] Level 1:colcon.colcon_core.package_discovery:discover_packages(ignore) check parameters
[0.211s] Level 1:colcon.colcon_core.package_discovery:discover_packages(path) check parameters
[0.211s] Level 1:colcon.colcon_core.package_discovery:discover_packages(colcon_meta) discover
[0.211s] Level 1:colcon.colcon_core.package_discovery:discover_packages(recursive) discover
[0.211s] INFO:colcon.colcon_core.package_discovery:Crawling recursively for packages in '/home/lunet/kk0171/ros2_ws'
[0.212s] Level 1:colcon.colcon_core.package_identification:_identify(.) by extensions ['ignore', 'ignore_ament_install']
[0.212s] Level 1:colcon.colcon_core.package_identification:_identify(.) by extension 'ignore'
[0.212s] Level 1:colcon.colcon_core.package_identification:_identify(.) by extension 'ignore_ament_install'
[0.213s] Level 1:colcon.colcon_core.package_identification:_identify(.) by extensions ['colcon_pkg']
[0.213s] Level 1:colcon.colcon_core.package_identification:_identify(.) by extension 'colcon_pkg'
[0.213s] Level 1:colcon.colcon_core.package_identification:_identify(.) by extensions ['colcon_meta']
[0.213s] Level 1:colcon.colcon_core.package_identification:_identify(.) by extension 'colcon_meta'
[0.213s] Level 1:colcon.colcon_core.package_identification:_identify(.) by extensions ['ros']
[0.213s] Level 1:colcon.colcon_core.package_identification:_identify(.) by extension 'ros'
[0.225s] Level 1:colcon.colcon_core.package_identification:_identify(.) by extensions ['cmake', 'python']
[0.225s] Level 1:colcon.colcon_core.package_identification:_identify(.) by extension 'cmake'
[0.225s] Level 1:colcon.colcon_core.package_identification:_identify(.) by extension 'python'
[0.225s] Level 1:colcon.colcon_core.package_identification:_identify(.) by extensions ['python_setup_py']
[0.226s] Level 1:colcon.colcon_core.package_identification:_identify(.) by extension 'python_setup_py'
[0.227s] Level 1:colcon.colcon_core.package_identification:_identify(build) by extensions ['ignore', 'ignore_ament_install']
[0.227s] Level 1:colcon.colcon_core.package_identification:_identify(build) by extension 'ignore'
[0.227s] Level 1:colcon.colcon_core.package_identification:_identify(build) ignored
[0.227s] Level 1:colcon.colcon_core.package_identification:_identify(install) by extensions ['ignore', 'ignore_ament_install']
[0.227s] Level 1:colcon.colcon_core.package_identification:_identify(install) by extension 'ignore'
[0.227s] Level 1:colcon.colcon_core.package_identification:_identify(install) ignored
[0.228s] Level 1:colcon.colcon_core.package_identification:_identify(log) by extensions ['ignore', 'ignore_ament_install']
[0.228s] Level 1:colcon.colcon_core.package_identification:_identify(log) by extension 'ignore'
[0.228s] Level 1:colcon.colcon_core.package_identification:_identify(log) ignored
[0.229s] Level 1:colcon.colcon_core.package_identification:_identify(src) by extensions ['ignore', 'ignore_ament_install']
[0.229s] Level 1:colcon.colcon_core.package_identification:_identify(src) by extension 'ignore'
[0.230s] Level 1:colcon.colcon_core.package_identification:_identify(src) by extension 'ignore_ament_install'
[0.230s] Level 1:colcon.colcon_core.package_identification:_identify(src) by extensions ['colcon_pkg']
[0.231s] Level 1:colcon.colcon_core.package_identification:_identify(src) by extension 'colcon_pkg'
[0.231s] Level 1:colcon.colcon_core.package_identification:_identify(src) by extensions ['colcon_meta']
[0.231s] Level 1:colcon.colcon_core.package_identification:_identify(src) by extension 'colcon_meta'
[0.231s] Level 1:colcon.colcon_core.package_identification:_identify(src) by extensions ['ros']
[0.231s] Level 1:colcon.colcon_core.package_identification:_identify(src) by extension 'ros'
[0.232s] Level 1:colcon.colcon_core.package_identification:_identify(src) by extensions ['cmake', 'python']
[0.232s] Level 1:colcon.colcon_core.package_identification:_identify(src) by extension 'cmake'
[0.233s] Level 1:colcon.colcon_core.package_identification:_identify(src) by extension 'python'
[0.233s] Level 1:colcon.colcon_core.package_identification:_identify(src) by extensions ['python_setup_py']
[0.233s] Level 1:colcon.colcon_core.package_identification:_identify(src) by extension 'python_setup_py'
[0.234s] Level 1:colcon.colcon_core.package_identification:_identify(src/rrrrr_finger) by extensions ['ignore', 'ignore_ament_install']
[0.234s] Level 1:colcon.colcon_core.package_identification:_identify(src/rrrrr_finger) by extension 'ignore'
[0.235s] Level 1:colcon.colcon_core.package_identification:_identify(src/rrrrr_finger) by extension 'ignore_ament_install'
[0.235s] Level 1:colcon.colcon_core.package_identification:_identify(src/rrrrr_finger) by extensions ['colcon_pkg']
[0.236s] Level 1:colcon.colcon_core.package_identification:_identify(src/rrrrr_finger) by extension 'colcon_pkg'
[0.236s] Level 1:colcon.colcon_core.package_identification:_identify(src/rrrrr_finger) by extensions ['colcon_meta']
[0.236s] Level 1:colcon.colcon_core.package_identification:_identify(src/rrrrr_finger) by extension 'colcon_meta'
[0.236s] Level 1:colcon.colcon_core.package_identification:_identify(src/rrrrr_finger) by extensions ['ros']
[0.236s] Level 1:colcon.colcon_core.package_identification:_identify(src/rrrrr_finger) by extension 'ros'
[0.253s] DEBUG:colcon.colcon_core.package_identification:Package 'src/rrrrr_finger' with type 'ros.ament_cmake' and name 'rrrrr_finger'
[0.254s] Level 1:colcon.colcon_core.package_identification:_identify(src/scara_moveit_config) by extensions ['ignore', 'ignore_ament_install']
[0.254s] Level 1:colcon.colcon_core.package_identification:_identify(src/scara_moveit_config) by extension 'ignore'
[0.254s] Level 1:colcon.colcon_core.package_identification:_identify(src/scara_moveit_config) by extension 'ignore_ament_install'
[0.255s] Level 1:colcon.colcon_core.package_identification:_identify(src/scara_moveit_config) by extensions ['colcon_pkg']
[0.255s] Level 1:colcon.colcon_core.package_identification:_identify(src/scara_moveit_config) by extension 'colcon_pkg'
[0.255s] Level 1:colcon.colcon_core.package_identification:_identify(src/scara_moveit_config) by extensions ['colcon_meta']
[0.255s] Level 1:colcon.colcon_core.package_identification:_identify(src/scara_moveit_config) by extension 'colcon_meta'
[0.255s] Level 1:colcon.colcon_core.package_identification:_identify(src/scara_moveit_config) by extensions ['ros']
[0.255s] Level 1:colcon.colcon_core.package_identification:_identify(src/scara_moveit_config) by extension 'ros'
[0.264s] DEBUG:colcon.colcon_core.package_identification:Package 'src/scara_moveit_config' with type 'ros.ament_cmake' and name 'scara_moveit_config'
[0.265s] Level 1:colcon.colcon_core.package_identification:_identify(src/scara_pkg) by extensions ['ignore', 'ignore_ament_install']
[0.265s] Level 1:colcon.colcon_core.package_identification:_identify(src/scara_pkg) by extension 'ignore'
[0.266s] Level 1:colcon.colcon_core.package_identification:_identify(src/scara_pkg) by extension 'ignore_ament_install'
[0.266s] Level 1:colcon.colcon_core.package_identification:_identify(src/scara_pkg) by extensions ['colcon_pkg']
[0.266s] Level 1:colcon.colcon_core.package_identification:_identify(src/scara_pkg) by extension 'colcon_pkg'
[0.267s] Level 1:colcon.colcon_core.package_identification:_identify(src/scara_pkg) by extensions ['colcon_meta']
[0.267s] Level 1:colcon.colcon_core.package_identification:_identify(src/scara_pkg) by extension 'colcon_meta'
[0.267s] Level 1:colcon.colcon_core.package_identification:_identify(src/scara_pkg) by extensions ['ros']
[0.267s] Level 1:colcon.colcon_core.package_identification:_identify(src/scara_pkg) by extension 'ros'
[0.274s] DEBUG:colcon.colcon_core.package_identification:Package 'src/scara_pkg' with type 'ros.ament_cmake' and name 'scara_pkg'
[0.276s] Level 1:colcon.colcon_core.package_identification:_identify(src/simple_robot_moveit_config) by extensions ['ignore', 'ignore_ament_install']
[0.276s] Level 1:colcon.colcon_core.package_identification:_identify(src/simple_robot_moveit_config) by extension 'ignore'
[0.276s] Level 1:colcon.colcon_core.package_identification:_identify(src/simple_robot_moveit_config) by extension 'ignore_ament_install'
[0.277s] Level 1:colcon.colcon_core.package_identification:_identify(src/simple_robot_moveit_config) by extensions ['colcon_pkg']
[0.277s] Level 1:colcon.colcon_core.package_identification:_identify(src/simple_robot_moveit_config) by extension 'colcon_pkg'
[0.277s] Level 1:colcon.colcon_core.package_identification:_identify(src/simple_robot_moveit_config) by extensions ['colcon_meta']
[0.277s] Level 1:colcon.colcon_core.package_identification:_identify(src/simple_robot_moveit_config) by extension 'colcon_meta'
[0.277s] Level 1:colcon.colcon_core.package_identification:_identify(src/simple_robot_moveit_config) by extensions ['ros']
[0.277s] Level 1:colcon.colcon_core.package_identification:_identify(src/simple_robot_moveit_config) by extension 'ros'
[0.287s] DEBUG:colcon.colcon_core.package_identification:Package 'src/simple_robot_moveit_config' with type 'ros.ament_cmake' and name 'simple_robot_moveit_config'
[0.287s] Level 1:colcon.colcon_core.package_discovery:discover_packages(recursive) using defaults
[0.287s] Level 1:colcon.colcon_core.package_discovery:discover_packages(ignore) discover
[0.287s] Level 1:colcon.colcon_core.package_discovery:discover_packages(ignore) using defaults
[0.287s] Level 1:colcon.colcon_core.package_discovery:discover_packages(path) discover
[0.287s] Level 1:colcon.colcon_core.package_discovery:discover_packages(path) using defaults
[0.304s] Level 1:colcon.colcon_core.package_discovery:discover_packages(prefix_path) check parameters
[0.304s] Level 1:colcon.colcon_core.package_discovery:discover_packages(prefix_path) discover
[0.321s] DEBUG:colcon.colcon_installed_package_information.package_discovery:Found 4 installed packages in /home/lunet/kk0171/ros2_ws/install
[0.322s] DEBUG:colcon.colcon_installed_package_information.package_discovery:Found 424 installed packages in /opt/ros/humble
[0.323s] Level 1:colcon.colcon_core.package_discovery:discover_packages(prefix_path) using defaults
[0.361s] Level 5:colcon.colcon_core.verb:set package 'rrrrr_finger' build argument 'cmake_args' from command line to 'None'
[0.361s] Level 5:colcon.colcon_core.verb:set package 'rrrrr_finger' build argument 'cmake_target' from command line to 'None'
[0.361s] Level 5:colcon.colcon_core.verb:set package 'rrrrr_finger' build argument 'cmake_target_skip_unavailable' from command line to 'False'
[0.361s] Level 5:colcon.colcon_core.verb:set package 'rrrrr_finger' build argument 'cmake_clean_cache' from command line to 'False'
[0.361s] Level 5:colcon.colcon_core.verb:set package 'rrrrr_finger' build argument 'cmake_clean_first' from command line to 'False'
[0.361s] Level 5:colcon.colcon_core.verb:set package 'rrrrr_finger' build argument 'cmake_force_configure' from command line to 'False'
[0.361s] Level 5:colcon.colcon_core.verb:set package 'rrrrr_finger' build argument 'ament_cmake_args' from command line to 'None'
[0.361s] Level 5:colcon.colcon_core.verb:set package 'rrrrr_finger' build argument 'catkin_cmake_args' from command line to 'None'
[0.361s] Level 5:colcon.colcon_core.verb:set package 'rrrrr_finger' build argument 'catkin_skip_building_tests' from command line to 'False'
[0.362s] DEBUG:colcon.colcon_core.verb:Building package 'rrrrr_finger' with the following arguments: {'ament_cmake_args': None, 'build_base': '/home/lunet/kk0171/ros2_ws/build/rrrrr_finger', 'catkin_cmake_args': None, 'catkin_skip_building_tests': False, 'cmake_args': None, 'cmake_clean_cache': False, 'cmake_clean_first': False, 'cmake_force_configure': False, 'cmake_target': None, 'cmake_target_skip_unavailable': False, 'install_base': '/home/lunet/kk0171/ros2_ws/install/rrrrr_finger', 'merge_install': False, 'path': '/home/lunet/kk0171/ros2_ws/src/rrrrr_finger', 'symlink_install': False, 'test_result_base': None}
[0.362s] Level 5:colcon.colcon_core.verb:set package 'scara_pkg' build argument 'cmake_args' from command line to 'None'
[0.362s] Level 5:colcon.colcon_core.verb:set package 'scara_pkg' build argument 'cmake_target' from command line to 'None'
[0.362s] Level 5:colcon.colcon_core.verb:set package 'scara_pkg' build argument 'cmake_target_skip_unavailable' from command line to 'False'
[0.362s] Level 5:colcon.colcon_core.verb:set package 'scara_pkg' build argument 'cmake_clean_cache' from command line to 'False'
[0.362s] Level 5:colcon.colcon_core.verb:set package 'scara_pkg' build argument 'cmake_clean_first' from command line to 'False'
[0.362s] Level 5:colcon.colcon_core.verb:set package 'scara_pkg' build argument 'cmake_force_configure' from command line to 'False'
[0.362s] Level 5:colcon.colcon_core.verb:set package 'scara_pkg' build argument 'ament_cmake_args' from command line to 'None'
[0.362s] Level 5:colcon.colcon_core.verb:set package 'scara_pkg' build argument 'catkin_cmake_args' from command line to 'None'
[0.362s] Level 5:colcon.colcon_core.verb:set package 'scara_pkg' build argument 'catkin_skip_building_tests' from command line to 'False'
[0.362s] DEBUG:colcon.colcon_core.verb:Building package 'scara_pkg' with the following arguments: {'ament_cmake_args': None, 'build_base': '/home/lunet/kk0171/ros2_ws/build/scara_pkg', 'catkin_cmake_args': None, 'catkin_skip_building_tests': False, 'cmake_args': None, 'cmake_clean_cache': False, 'cmake_clean_first': False, 'cmake_force_configure': False, 'cmake_target': None, 'cmake_target_skip_unavailable': False, 'install_base': '/home/lunet/kk0171/ros2_ws/install/scara_pkg', 'merge_install': False, 'path': '/home/lunet/kk0171/ros2_ws/src/scara_pkg', 'symlink_install': False, 'test_result_base': None}
[0.362s] Level 5:colcon.colcon_core.verb:set package 'scara_moveit_config' build argument 'cmake_args' from command line to 'None'
[0.362s] Level 5:colcon.colcon_core.verb:set package 'scara_moveit_config' build argument 'cmake_target' from command line to 'None'
[0.362s] Level 5:colcon.colcon_core.verb:set package 'scara_moveit_config' build argument 'cmake_target_skip_unavailable' from command line to 'False'
[0.362s] Level 5:colcon.colcon_core.verb:set package 'scara_moveit_config' build argument 'cmake_clean_cache' from command line to 'False'
[0.362s] Level 5:colcon.colcon_core.verb:set package 'scara_moveit_config' build argument 'cmake_clean_first' from command line to 'False'
[0.362s] Level 5:colcon.colcon_core.verb:set package 'scara_moveit_config' build argument 'cmake_force_configure' from command line to 'False'
[0.362s] Level 5:colcon.colcon_core.verb:set package 'scara_moveit_config' build argument 'ament_cmake_args' from command line to 'None'
[0.362s] Level 5:colcon.colcon_core.verb:set package 'scara_moveit_config' build argument 'catkin_cmake_args' from command line to 'None'
[0.362s] Level 5:colcon.colcon_core.verb:set package 'scara_moveit_config' build argument 'catkin_skip_building_tests' from command line to 'False'
[0.362s] DEBUG:colcon.colcon_core.verb:Building package 'scara_moveit_config' with the following arguments: {'ament_cmake_args': None, 'build_base': '/home/lunet/kk0171/ros2_ws/build/scara_moveit_config', 'catkin_cmake_args': None, 'catkin_skip_building_tests': False, 'cmake_args': None, 'cmake_clean_cache': False, 'cmake_clean_first': False, 'cmake_force_configure': False, 'cmake_target': None, 'cmake_target_skip_unavailable': False, 'install_base': '/home/lunet/kk0171/ros2_ws/install/scara_moveit_config', 'merge_install': False, 'path': '/home/lunet/kk0171/ros2_ws/src/scara_moveit_config', 'symlink_install': False, 'test_result_base': None}
[0.362s] Level 5:colcon.colcon_core.verb:set package 'simple_robot_moveit_config' build argument 'cmake_args' from command line to 'None'
[0.362s] Level 5:colcon.colcon_core.verb:set package 'simple_robot_moveit_config' build argument 'cmake_target' from command line to 'None'
[0.362s] Level 5:colcon.colcon_core.verb:set package 'simple_robot_moveit_config' build argument 'cmake_target_skip_unavailable' from command line to 'False'
[0.362s] Level 5:colcon.colcon_core.verb:set package 'simple_robot_moveit_config' build argument 'cmake_clean_cache' from command line to 'False'
[0.362s] Level 5:colcon.colcon_core.verb:set package 'simple_robot_moveit_config' build argument 'cmake_clean_first' from command line to 'False'
[0.362s] Level 5:colcon.colcon_core.verb:set package 'simple_robot_moveit_config' build argument 'cmake_force_configure' from command line to 'False'
[0.362s] Level 5:colcon.colcon_core.verb:set package 'simple_robot_moveit_config' build argument 'ament_cmake_args' from command line to 'None'
[0.362s] Level 5:colcon.colcon_core.verb:set package 'simple_robot_moveit_config' build argument 'catkin_cmake_args' from command line to 'None'
[0.362s] Level 5:colcon.colcon_core.verb:set package 'simple_robot_moveit_config' build argument 'catkin_skip_building_tests' from command line to 'False'
[0.362s] DEBUG:colcon.colcon_core.verb:Building package 'simple_robot_moveit_config' with the following arguments: {'ament_cmake_args': None, 'build_base': '/home/lunet/kk0171/ros2_ws/build/simple_robot_moveit_config', 'catkin_cmake_args': None, 'catkin_skip_building_tests': False, 'cmake_args': None, 'cmake_clean_cache': False, 'cmake_clean_first': False, 'cmake_force_configure': False, 'cmake_target': None, 'cmake_target_skip_unavailable': False, 'install_base': '/home/lunet/kk0171/ros2_ws/install/simple_robot_moveit_config', 'merge_install': False, 'path': '/home/lunet/kk0171/ros2_ws/src/simple_robot_moveit_config', 'symlink_install': False, 'test_result_base': None}
[0.362s] INFO:colcon.colcon_core.executor:Executing jobs using 'parallel' executor
[0.363s] DEBUG:colcon.colcon_parallel_executor.executor.parallel:run_until_complete
[0.363s] INFO:colcon.colcon_ros.task.ament_cmake.build:Building ROS package in '/home/lunet/kk0171/ros2_ws/src/rrrrr_finger' with build type 'ament_cmake'
[0.363s] INFO:colcon.colcon_cmake.task.cmake.build:Building CMake package in '/home/lunet/kk0171/ros2_ws/src/rrrrr_finger'
[0.365s] INFO:colcon.colcon_core.plugin_system:Skipping extension 'colcon_core.shell.bat': Not used on non-Windows systems
[0.365s] INFO:colcon.colcon_core.shell:Skip shell extension 'powershell' for command environment: Not usable outside of PowerShell
[0.365s] DEBUG:colcon.colcon_core.shell:Skip shell extension 'dsv' for command environment
[0.373s] INFO:colcon.colcon_ros.task.ament_cmake.build:Building ROS package in '/home/lunet/kk0171/ros2_ws/src/scara_pkg' with build type 'ament_cmake'
[0.373s] INFO:colcon.colcon_cmake.task.cmake.build:Building CMake package in '/home/lunet/kk0171/ros2_ws/src/scara_pkg'
[0.374s] INFO:colcon.colcon_core.shell:Skip shell extension 'powershell' for command environment: Not usable outside of PowerShell
[0.374s] DEBUG:colcon.colcon_core.shell:Skip shell extension 'dsv' for command environment
[0.408s] DEBUG:colcon.colcon_core.event_handler.log_command:Invoking command in '/home/lunet/kk0171/ros2_ws/build/rrrrr_finger': ANSYSLMD_LICENSE_FILE=1055@ansys.lboro.ac.uk CMAKE_PREFIX_PATH=${CMAKE_PREFIX_PATH}:/opt/ros/humble /usr/bin/cmake --build /home/lunet/kk0171/ros2_ws/build/rrrrr_finger -- -j32 -l32
[0.434s] DEBUG:colcon.colcon_core.event_handler.log_command:Invoking command in '/home/lunet/kk0171/ros2_ws/build/scara_pkg': ANSYSLMD_LICENSE_FILE=1055@ansys.lboro.ac.uk CMAKE_PREFIX_PATH=${CMAKE_PREFIX_PATH}:/opt/ros/humble /usr/bin/cmake --build /home/lunet/kk0171/ros2_ws/build/scara_pkg -- -j32 -l32
[0.511s] DEBUG:colcon.colcon_core.event_handler.log_command:Invoked command in '/home/lunet/kk0171/ros2_ws/build/rrrrr_finger' returned '0': ANSYSLMD_LICENSE_FILE=1055@ansys.lboro.ac.uk CMAKE_PREFIX_PATH=${CMAKE_PREFIX_PATH}:/opt/ros/humble /usr/bin/cmake --build /home/lunet/kk0171/ros2_ws/build/rrrrr_finger -- -j32 -l32
[0.540s] DEBUG:colcon.colcon_core.event_handler.log_command:Invoking command in '/home/lunet/kk0171/ros2_ws/build/rrrrr_finger': ANSYSLMD_LICENSE_FILE=1055@ansys.lboro.ac.uk CMAKE_PREFIX_PATH=${CMAKE_PREFIX_PATH}:/opt/ros/humble /usr/bin/cmake --install /home/lunet/kk0171/ros2_ws/build/rrrrr_finger
[0.540s] DEBUG:colcon.colcon_core.event_handler.log_command:Invoked command in '/home/lunet/kk0171/ros2_ws/build/scara_pkg' returned '0': ANSYSLMD_LICENSE_FILE=1055@ansys.lboro.ac.uk CMAKE_PREFIX_PATH=${CMAKE_PREFIX_PATH}:/opt/ros/humble /usr/bin/cmake --build /home/lunet/kk0171/ros2_ws/build/scara_pkg -- -j32 -l32
[0.562s] DEBUG:colcon.colcon_core.event_handler.log_command:Invoking command in '/home/lunet/kk0171/ros2_ws/build/scara_pkg': ANSYSLMD_LICENSE_FILE=1055@ansys.lboro.ac.uk CMAKE_PREFIX_PATH=${CMAKE_PREFIX_PATH}:/opt/ros/humble /usr/bin/cmake --install /home/lunet/kk0171/ros2_ws/build/scara_pkg
[0.581s] Level 1:colcon.colcon_core.environment:create_environment_scripts_only(rrrrr_finger)
[0.581s] DEBUG:colcon.colcon_core.event_handler.log_command:Invoked command in '/home/lunet/kk0171/ros2_ws/build/rrrrr_finger' returned '0': ANSYSLMD_LICENSE_FILE=1055@ansys.lboro.ac.uk CMAKE_PREFIX_PATH=${CMAKE_PREFIX_PATH}:/opt/ros/humble /usr/bin/cmake --install /home/lunet/kk0171/ros2_ws/build/rrrrr_finger
[0.584s] Level 1:colcon.colcon_core.environment:checking '/home/lunet/kk0171/ros2_ws/install/rrrrr_finger' for CMake module files
[0.587s] Level 1:colcon.colcon_core.environment:checking '/home/lunet/kk0171/ros2_ws/install/rrrrr_finger' for CMake config files
[0.591s] Level 1:colcon.colcon_core.shell:create_environment_hook('rrrrr_finger', 'cmake_prefix_path')
[0.591s] INFO:colcon.colcon_core.shell:Creating environment hook '/home/lunet/kk0171/ros2_ws/install/rrrrr_finger/share/rrrrr_finger/hook/cmake_prefix_path.ps1'
[0.594s] INFO:colcon.colcon_core.shell:Creating environment descriptor '/home/lunet/kk0171/ros2_ws/install/rrrrr_finger/share/rrrrr_finger/hook/cmake_prefix_path.dsv'
[0.596s] INFO:colcon.colcon_core.shell:Creating environment hook '/home/lunet/kk0171/ros2_ws/install/rrrrr_finger/share/rrrrr_finger/hook/cmake_prefix_path.sh'
[0.599s] Level 1:colcon.colcon_core.environment:checking '/home/lunet/kk0171/ros2_ws/install/rrrrr_finger/bin'
[0.599s] Level 1:colcon.colcon_core.environment:checking '/home/lunet/kk0171/ros2_ws/install/rrrrr_finger/lib/pkgconfig/rrrrr_finger.pc'
[0.600s] Level 1:colcon.colcon_core.environment:checking '/home/lunet/kk0171/ros2_ws/install/rrrrr_finger/lib/python3.10/site-packages'
[0.600s] Level 1:colcon.colcon_core.environment:checking '/home/lunet/kk0171/ros2_ws/install/rrrrr_finger/bin'
[0.600s] INFO:colcon.colcon_core.shell:Creating package script '/home/lunet/kk0171/ros2_ws/install/rrrrr_finger/share/rrrrr_finger/package.ps1'
[0.602s] INFO:colcon.colcon_core.shell:Creating package descriptor '/home/lunet/kk0171/ros2_ws/install/rrrrr_finger/share/rrrrr_finger/package.dsv'
[0.604s] INFO:colcon.colcon_core.shell:Creating package script '/home/lunet/kk0171/ros2_ws/install/rrrrr_finger/share/rrrrr_finger/package.sh'
[0.607s] INFO:colcon.colcon_core.shell:Creating package script '/home/lunet/kk0171/ros2_ws/install/rrrrr_finger/share/rrrrr_finger/package.bash'
[0.609s] INFO:colcon.colcon_core.shell:Creating package script '/home/lunet/kk0171/ros2_ws/install/rrrrr_finger/share/rrrrr_finger/package.zsh'
[0.611s] Level 1:colcon.colcon_core.environment:create_file_with_runtime_dependencies(/home/lunet/kk0171/ros2_ws/install/rrrrr_finger/share/colcon-core/packages/rrrrr_finger)
[0.613s] Level 1:colcon.colcon_core.environment:create_environment_scripts_only(rrrrr_finger)
[0.613s] Level 1:colcon.colcon_core.environment:checking '/home/lunet/kk0171/ros2_ws/install/rrrrr_finger' for CMake module files
[0.615s] Level 1:colcon.colcon_core.environment:checking '/home/lunet/kk0171/ros2_ws/install/rrrrr_finger' for CMake config files
[0.617s] Level 1:colcon.colcon_core.shell:create_environment_hook('rrrrr_finger', 'cmake_prefix_path')
[0.617s] INFO:colcon.colcon_core.shell:Creating environment hook '/home/lunet/kk0171/ros2_ws/install/rrrrr_finger/share/rrrrr_finger/hook/cmake_prefix_path.ps1'
[0.619s] INFO:colcon.colcon_core.shell:Creating environment descriptor '/home/lunet/kk0171/ros2_ws/install/rrrrr_finger/share/rrrrr_finger/hook/cmake_prefix_path.dsv'
[0.621s] INFO:colcon.colcon_core.shell:Creating environment hook '/home/lunet/kk0171/ros2_ws/install/rrrrr_finger/share/rrrrr_finger/hook/cmake_prefix_path.sh'
[0.623s] Level 1:colcon.colcon_core.environment:checking '/home/lunet/kk0171/ros2_ws/install/rrrrr_finger/bin'
[0.623s] Level 1:colcon.colcon_core.environment:checking '/home/lunet/kk0171/ros2_ws/install/rrrrr_finger/lib/pkgconfig/rrrrr_finger.pc'
[0.623s] Level 1:colcon.colcon_core.environment:checking '/home/lunet/kk0171/ros2_ws/install/rrrrr_finger/lib/python3.10/site-packages'
[0.623s] Level 1:colcon.colcon_core.environment:checking '/home/lunet/kk0171/ros2_ws/install/rrrrr_finger/bin'
[0.623s] INFO:colcon.colcon_core.shell:Creating package script '/home/lunet/kk0171/ros2_ws/install/rrrrr_finger/share/rrrrr_finger/package.ps1'
[0.625s] INFO:colcon.colcon_core.shell:Creating package descriptor '/home/lunet/kk0171/ros2_ws/install/rrrrr_finger/share/rrrrr_finger/package.dsv'
[0.627s] INFO:colcon.colcon_core.shell:Creating package script '/home/lunet/kk0171/ros2_ws/install/rrrrr_finger/share/rrrrr_finger/package.sh'
[0.629s] INFO:colcon.colcon_core.shell:Creating package script '/home/lunet/kk0171/ros2_ws/install/rrrrr_finger/share/rrrrr_finger/package.bash'
[0.631s] INFO:colcon.colcon_core.shell:Creating package script '/home/lunet/kk0171/ros2_ws/install/rrrrr_finger/share/rrrrr_finger/package.zsh'
[0.655s] Level 1:colcon.colcon_core.environment:create_file_with_runtime_dependencies(/home/lunet/kk0171/ros2_ws/install/rrrrr_finger/share/colcon-core/packages/rrrrr_finger)
[0.656s] INFO:colcon.colcon_ros.task.ament_cmake.build:Building ROS package in '/home/lunet/kk0171/ros2_ws/src/simple_robot_moveit_config' with build type 'ament_cmake'
[0.656s] INFO:colcon.colcon_cmake.task.cmake.build:Building CMake package in '/home/lunet/kk0171/ros2_ws/src/simple_robot_moveit_config'
[0.657s] INFO:colcon.colcon_core.shell:Skip shell extension 'powershell' for command environment: Not usable outside of PowerShell
[0.657s] DEBUG:colcon.colcon_core.shell:Skip shell extension 'dsv' for command environment
[0.666s] Level 1:colcon.colcon_core.environment:create_environment_scripts_only(scara_pkg)
[0.666s] Level 1:colcon.colcon_core.environment:checking '/home/lunet/kk0171/ros2_ws/install/scara_pkg' for CMake module files
[0.667s] DEBUG:colcon.colcon_core.event_handler.log_command:Invoked command in '/home/lunet/kk0171/ros2_ws/build/scara_pkg' returned '0': ANSYSLMD_LICENSE_FILE=1055@ansys.lboro.ac.uk CMAKE_PREFIX_PATH=${CMAKE_PREFIX_PATH}:/opt/ros/humble /usr/bin/cmake --install /home/lunet/kk0171/ros2_ws/build/scara_pkg
[0.670s] Level 1:colcon.colcon_core.environment:checking '/home/lunet/kk0171/ros2_ws/install/scara_pkg' for CMake config files
[0.686s] Level 1:colcon.colcon_core.shell:create_environment_hook('scara_pkg', 'cmake_prefix_path')
[0.687s] INFO:colcon.colcon_core.shell:Creating environment hook '/home/lunet/kk0171/ros2_ws/install/scara_pkg/share/scara_pkg/hook/cmake_prefix_path.ps1'
[0.689s] INFO:colcon.colcon_core.shell:Creating environment descriptor '/home/lunet/kk0171/ros2_ws/install/scara_pkg/share/scara_pkg/hook/cmake_prefix_path.dsv'
[0.691s] INFO:colcon.colcon_core.shell:Creating environment hook '/home/lunet/kk0171/ros2_ws/install/scara_pkg/share/scara_pkg/hook/cmake_prefix_path.sh'
[0.694s] Level 1:colcon.colcon_core.environment:checking '/home/lunet/kk0171/ros2_ws/install/scara_pkg/bin'
[0.694s] Level 1:colcon.colcon_core.environment:checking '/home/lunet/kk0171/ros2_ws/install/scara_pkg/lib/pkgconfig/scara_pkg.pc'
[0.694s] Level 1:colcon.colcon_core.environment:checking '/home/lunet/kk0171/ros2_ws/install/scara_pkg/lib/python3.10/site-packages'
[0.694s] Level 1:colcon.colcon_core.environment:checking '/home/lunet/kk0171/ros2_ws/install/scara_pkg/bin'
[0.694s] INFO:colcon.colcon_core.shell:Creating package script '/home/lunet/kk0171/ros2_ws/install/scara_pkg/share/scara_pkg/package.ps1'
[0.697s] INFO:colcon.colcon_core.shell:Creating package descriptor '/home/lunet/kk0171/ros2_ws/install/scara_pkg/share/scara_pkg/package.dsv'
[0.698s] INFO:colcon.colcon_core.shell:Creating package script '/home/lunet/kk0171/ros2_ws/install/scara_pkg/share/scara_pkg/package.sh'
[0.700s] INFO:colcon.colcon_core.shell:Creating package script '/home/lunet/kk0171/ros2_ws/install/scara_pkg/share/scara_pkg/package.bash'
[0.702s] INFO:colcon.colcon_core.shell:Creating package script '/home/lunet/kk0171/ros2_ws/install/scara_pkg/share/scara_pkg/package.zsh'
[0.704s] Level 1:colcon.colcon_core.environment:create_file_with_runtime_dependencies(/home/lunet/kk0171/ros2_ws/install/scara_pkg/share/colcon-core/packages/scara_pkg)
[0.708s] Level 1:colcon.colcon_core.environment:create_environment_scripts_only(scara_pkg)
[0.708s] Level 1:colcon.colcon_core.environment:checking '/home/lunet/kk0171/ros2_ws/install/scara_pkg' for CMake module files
[0.710s] Level 1:colcon.colcon_core.environment:checking '/home/lunet/kk0171/ros2_ws/install/scara_pkg' for CMake config files
[0.713s] Level 1:colcon.colcon_core.shell:create_environment_hook('scara_pkg', 'cmake_prefix_path')
[0.713s] INFO:colcon.colcon_core.shell:Creating environment hook '/home/lunet/kk0171/ros2_ws/install/scara_pkg/share/scara_pkg/hook/cmake_prefix_path.ps1'
[0.715s] INFO:colcon.colcon_core.shell:Creating environment descriptor '/home/lunet/kk0171/ros2_ws/install/scara_pkg/share/scara_pkg/hook/cmake_prefix_path.dsv'
[0.717s] INFO:colcon.colcon_core.shell:Creating environment hook '/home/lunet/kk0171/ros2_ws/install/scara_pkg/share/scara_pkg/hook/cmake_prefix_path.sh'
[0.719s] Level 1:colcon.colcon_core.environment:checking '/home/lunet/kk0171/ros2_ws/install/scara_pkg/bin'
[0.719s] Level 1:colcon.colcon_core.environment:checking '/home/lunet/kk0171/ros2_ws/install/scara_pkg/lib/pkgconfig/scara_pkg.pc'
[0.719s] Level 1:colcon.colcon_core.environment:checking '/home/lunet/kk0171/ros2_ws/install/scara_pkg/lib/python3.10/site-packages'
[0.719s] Level 1:colcon.colcon_core.environment:checking '/home/lunet/kk0171/ros2_ws/install/scara_pkg/bin'
[0.720s] INFO:colcon.colcon_core.shell:Creating package script '/home/lunet/kk0171/ros2_ws/install/scara_pkg/share/scara_pkg/package.ps1'
[0.729s] INFO:colcon.colcon_core.shell:Creating package descriptor '/home/lunet/kk0171/ros2_ws/install/scara_pkg/share/scara_pkg/package.dsv'
[0.731s] INFO:colcon.colcon_core.shell:Creating package script '/home/lunet/kk0171/ros2_ws/install/scara_pkg/share/scara_pkg/package.sh'
[0.737s] INFO:colcon.colcon_core.shell:Creating package script '/home/lunet/kk0171/ros2_ws/install/scara_pkg/share/scara_pkg/package.bash'
[0.745s] INFO:colcon.colcon_core.shell:Creating package script '/home/lunet/kk0171/ros2_ws/install/scara_pkg/share/scara_pkg/package.zsh'
[0.747s] Level 1:colcon.colcon_core.environment:create_file_with_runtime_dependencies(/home/lunet/kk0171/ros2_ws/install/scara_pkg/share/colcon-core/packages/scara_pkg)
[0.749s] INFO:colcon.colcon_ros.task.ament_cmake.build:Building ROS package in '/home/lunet/kk0171/ros2_ws/src/scara_moveit_config' with build type 'ament_cmake'
[0.749s] INFO:colcon.colcon_cmake.task.cmake.build:Building CMake package in '/home/lunet/kk0171/ros2_ws/src/scara_moveit_config'
[0.750s] INFO:colcon.colcon_core.shell:Skip shell extension 'powershell' for command environment: Not usable outside of PowerShell
[0.750s] DEBUG:colcon.colcon_core.shell:Skip shell extension 'dsv' for command environment
[0.784s] DEBUG:colcon.colcon_core.event_handler.log_command:Invoking command in '/home/lunet/kk0171/ros2_ws/build/simple_robot_moveit_config': ANSYSLMD_LICENSE_FILE=1055@ansys.lboro.ac.uk CMAKE_PREFIX_PATH=/home/lunet/kk0171/ros2_ws/install/rrrrr_finger:/home/lunet/kk0171/ros2_ws/install/simple_robot_moveit_config:/home/lunet/kk0171/ros2_ws/install/scara_moveit_config:/home/lunet/kk0171/ros2_ws/install/scara_pkg:/opt/ros/humble /usr/bin/cmake --build /home/lunet/kk0171/ros2_ws/build/simple_robot_moveit_config -- -j32 -l32
[0.800s] DEBUG:colcon.colcon_core.event_handler.log_command:Invoking command in '/home/lunet/kk0171/ros2_ws/build/scara_moveit_config': ANSYSLMD_LICENSE_FILE=1055@ansys.lboro.ac.uk CMAKE_PREFIX_PATH=/home/lunet/kk0171/ros2_ws/install/scara_pkg:/home/lunet/kk0171/ros2_ws/install/simple_robot_moveit_config:/home/lunet/kk0171/ros2_ws/install/scara_moveit_config:/home/lunet/kk0171/ros2_ws/install/rrrrr_finger:/opt/ros/humble /usr/bin/cmake --build /home/lunet/kk0171/ros2_ws/build/scara_moveit_config -- -j32 -l32
[0.861s] DEBUG:colcon.colcon_core.event_handler.log_command:Invoked command in '/home/lunet/kk0171/ros2_ws/build/simple_robot_moveit_config' returned '0': ANSYSLMD_LICENSE_FILE=1055@ansys.lboro.ac.uk CMAKE_PREFIX_PATH=/home/lunet/kk0171/ros2_ws/install/rrrrr_finger:/home/lunet/kk0171/ros2_ws/install/simple_robot_moveit_config:/home/lunet/kk0171/ros2_ws/install/scara_moveit_config:/home/lunet/kk0171/ros2_ws/install/scara_pkg:/opt/ros/humble /usr/bin/cmake --build /home/lunet/kk0171/ros2_ws/build/simple_robot_moveit_config -- -j32 -l32
[0.901s] DEBUG:colcon.colcon_core.event_handler.log_command:Invoking command in '/home/lunet/kk0171/ros2_ws/build/simple_robot_moveit_config': ANSYSLMD_LICENSE_FILE=1055@ansys.lboro.ac.uk CMAKE_PREFIX_PATH=/home/lunet/kk0171/ros2_ws/install/rrrrr_finger:/home/lunet/kk0171/ros2_ws/install/simple_robot_moveit_config:/home/lunet/kk0171/ros2_ws/install/scara_moveit_config:/home/lunet/kk0171/ros2_ws/install/scara_pkg:/opt/ros/humble /usr/bin/cmake --install /home/lunet/kk0171/ros2_ws/build/simple_robot_moveit_config
[0.901s] DEBUG:colcon.colcon_core.event_handler.log_command:Invoked command in '/home/lunet/kk0171/ros2_ws/build/scara_moveit_config' returned '0': ANSYSLMD_LICENSE_FILE=1055@ansys.lboro.ac.uk CMAKE_PREFIX_PATH=/home/lunet/kk0171/ros2_ws/install/scara_pkg:/home/lunet/kk0171/ros2_ws/install/simple_robot_moveit_config:/home/lunet/kk0171/ros2_ws/install/scara_moveit_config:/home/lunet/kk0171/ros2_ws/install/rrrrr_finger:/opt/ros/humble /usr/bin/cmake --build /home/lunet/kk0171/ros2_ws/build/scara_moveit_config -- -j32 -l32
[0.921s] DEBUG:colcon.colcon_core.event_handler.log_command:Invoking command in '/home/lunet/kk0171/ros2_ws/build/scara_moveit_config': ANSYSLMD_LICENSE_FILE=1055@ansys.lboro.ac.uk CMAKE_PREFIX_PATH=/home/lunet/kk0171/ros2_ws/install/scara_pkg:/home/lunet/kk0171/ros2_ws/install/simple_robot_moveit_config:/home/lunet/kk0171/ros2_ws/install/scara_moveit_config:/home/lunet/kk0171/ros2_ws/install/rrrrr_finger:/opt/ros/humble /usr/bin/cmake --install /home/lunet/kk0171/ros2_ws/build/scara_moveit_config
[0.959s] Level 1:colcon.colcon_core.environment:create_environment_scripts_only(simple_robot_moveit_config)
[0.959s] Level 1:colcon.colcon_core.environment:checking '/home/lunet/kk0171/ros2_ws/install/simple_robot_moveit_config' for CMake module files
[0.959s] DEBUG:colcon.colcon_core.event_handler.log_command:Invoked command in '/home/lunet/kk0171/ros2_ws/build/simple_robot_moveit_config' returned '0': ANSYSLMD_LICENSE_FILE=1055@ansys.lboro.ac.uk CMAKE_PREFIX_PATH=/home/lunet/kk0171/ros2_ws/install/rrrrr_finger:/home/lunet/kk0171/ros2_ws/install/simple_robot_moveit_config:/home/lunet/kk0171/ros2_ws/install/scara_moveit_config:/home/lunet/kk0171/ros2_ws/install/scara_pkg:/opt/ros/humble /usr/bin/cmake --install /home/lunet/kk0171/ros2_ws/build/simple_robot_moveit_config
[0.963s] Level 1:colcon.colcon_core.environment:checking '/home/lunet/kk0171/ros2_ws/install/simple_robot_moveit_config' for CMake config files
[0.970s] Level 1:colcon.colcon_core.shell:create_environment_hook('simple_robot_moveit_config', 'cmake_prefix_path')
[0.970s] INFO:colcon.colcon_core.shell:Creating environment hook '/home/lunet/kk0171/ros2_ws/install/simple_robot_moveit_config/share/simple_robot_moveit_config/hook/cmake_prefix_path.ps1'
[0.972s] INFO:colcon.colcon_core.shell:Creating environment descriptor '/home/lunet/kk0171/ros2_ws/install/simple_robot_moveit_config/share/simple_robot_moveit_config/hook/cmake_prefix_path.dsv'
[0.974s] INFO:colcon.colcon_core.shell:Creating environment hook '/home/lunet/kk0171/ros2_ws/install/simple_robot_moveit_config/share/simple_robot_moveit_config/hook/cmake_prefix_path.sh'
[0.977s] Level 1:colcon.colcon_core.environment:checking '/home/lunet/kk0171/ros2_ws/install/simple_robot_moveit_config/bin'
[0.977s] Level 1:colcon.colcon_core.environment:checking '/home/lunet/kk0171/ros2_ws/install/simple_robot_moveit_config/lib/pkgconfig/simple_robot_moveit_config.pc'
[0.977s] Level 1:colcon.colcon_core.environment:checking '/home/lunet/kk0171/ros2_ws/install/simple_robot_moveit_config/lib/python3.10/site-packages'
[0.977s] Level 1:colcon.colcon_core.environment:checking '/home/lunet/kk0171/ros2_ws/install/simple_robot_moveit_config/bin'
[0.977s] INFO:colcon.colcon_core.shell:Creating package script '/home/lunet/kk0171/ros2_ws/install/simple_robot_moveit_config/share/simple_robot_moveit_config/package.ps1'
[0.980s] INFO:colcon.colcon_core.shell:Creating package descriptor '/home/lunet/kk0171/ros2_ws/install/simple_robot_moveit_config/share/simple_robot_moveit_config/package.dsv'
[0.982s] INFO:colcon.colcon_core.shell:Creating package script '/home/lunet/kk0171/ros2_ws/install/simple_robot_moveit_config/share/simple_robot_moveit_config/package.sh'
[0.984s] INFO:colcon.colcon_core.shell:Creating package script '/home/lunet/kk0171/ros2_ws/install/simple_robot_moveit_config/share/simple_robot_moveit_config/package.bash'
[0.986s] INFO:colcon.colcon_core.shell:Creating package script '/home/lunet/kk0171/ros2_ws/install/simple_robot_moveit_config/share/simple_robot_moveit_config/package.zsh'
[0.988s] Level 1:colcon.colcon_core.environment:create_file_with_runtime_dependencies(/home/lunet/kk0171/ros2_ws/install/simple_robot_moveit_config/share/colcon-core/packages/simple_robot_moveit_config)
[0.991s] Level 1:colcon.colcon_core.environment:create_environment_scripts_only(simple_robot_moveit_config)
[0.991s] Level 1:colcon.colcon_core.environment:checking '/home/lunet/kk0171/ros2_ws/install/simple_robot_moveit_config' for CMake module files
[0.992s] Level 1:colcon.colcon_core.environment:checking '/home/lunet/kk0171/ros2_ws/install/simple_robot_moveit_config' for CMake config files
[0.997s] Level 1:colcon.colcon_core.shell:create_environment_hook('simple_robot_moveit_config', 'cmake_prefix_path')
[0.997s] INFO:colcon.colcon_core.shell:Creating environment hook '/home/lunet/kk0171/ros2_ws/install/simple_robot_moveit_config/share/simple_robot_moveit_config/hook/cmake_prefix_path.ps1'
[0.999s] INFO:colcon.colcon_core.shell:Creating environment descriptor '/home/lunet/kk0171/ros2_ws/install/simple_robot_moveit_config/share/simple_robot_moveit_config/hook/cmake_prefix_path.dsv'
[1.001s] INFO:colcon.colcon_core.shell:Creating environment hook '/home/lunet/kk0171/ros2_ws/install/simple_robot_moveit_config/share/simple_robot_moveit_config/hook/cmake_prefix_path.sh'
[1.003s] Level 1:colcon.colcon_core.environment:checking '/home/lunet/kk0171/ros2_ws/install/simple_robot_moveit_config/bin'
[1.003s] Level 1:colcon.colcon_core.environment:checking '/home/lunet/kk0171/ros2_ws/install/simple_robot_moveit_config/lib/pkgconfig/simple_robot_moveit_config.pc'
[1.004s] Level 1:colcon.colcon_core.environment:checking '/home/lunet/kk0171/ros2_ws/install/simple_robot_moveit_config/lib/python3.10/site-packages'
[1.004s] Level 1:colcon.colcon_core.environment:checking '/home/lunet/kk0171/ros2_ws/install/simple_robot_moveit_config/bin'
[1.004s] INFO:colcon.colcon_core.shell:Creating package script '/home/lunet/kk0171/ros2_ws/install/simple_robot_moveit_config/share/simple_robot_moveit_config/package.ps1'
[1.006s] INFO:colcon.colcon_core.shell:Creating package descriptor '/home/lunet/kk0171/ros2_ws/install/simple_robot_moveit_config/share/simple_robot_moveit_config/package.dsv'
[1.008s] INFO:colcon.colcon_core.shell:Creating package script '/home/lunet/kk0171/ros2_ws/install/simple_robot_moveit_config/share/simple_robot_moveit_config/package.sh'
[1.010s] INFO:colcon.colcon_core.shell:Creating package script '/home/lunet/kk0171/ros2_ws/install/simple_robot_moveit_config/share/simple_robot_moveit_config/package.bash'
[1.011s] INFO:colcon.colcon_core.shell:Creating package script '/home/lunet/kk0171/ros2_ws/install/simple_robot_moveit_config/share/simple_robot_moveit_config/package.zsh'
[1.013s] Level 1:colcon.colcon_core.environment:create_file_with_runtime_dependencies(/home/lunet/kk0171/ros2_ws/install/simple_robot_moveit_config/share/colcon-core/packages/simple_robot_moveit_config)
[1.015s] Level 1:colcon.colcon_core.environment:create_environment_scripts_only(scara_moveit_config)
[1.016s] Level 1:colcon.colcon_core.environment:checking '/home/lunet/kk0171/ros2_ws/install/scara_moveit_config' for CMake module files
[1.020s] DEBUG:colcon.colcon_core.event_handler.log_command:Invoked command in '/home/lunet/kk0171/ros2_ws/build/scara_moveit_config' returned '0': ANSYSLMD_LICENSE_FILE=1055@ansys.lboro.ac.uk CMAKE_PREFIX_PATH=/home/lunet/kk0171/ros2_ws/install/scara_pkg:/home/lunet/kk0171/ros2_ws/install/simple_robot_moveit_config:/home/lunet/kk0171/ros2_ws/install/scara_moveit_config:/home/lunet/kk0171/ros2_ws/install/rrrrr_finger:/opt/ros/humble /usr/bin/cmake --install /home/lunet/kk0171/ros2_ws/build/scara_moveit_config
[1.021s] Level 1:colcon.colcon_core.environment:checking '/home/lunet/kk0171/ros2_ws/install/scara_moveit_config' for CMake config files
[1.026s] Level 1:colcon.colcon_core.shell:create_environment_hook('scara_moveit_config', 'cmake_prefix_path')
[1.026s] INFO:colcon.colcon_core.shell:Creating environment hook '/home/lunet/kk0171/ros2_ws/install/scara_moveit_config/share/scara_moveit_config/hook/cmake_prefix_path.ps1'
[1.029s] INFO:colcon.colcon_core.shell:Creating environment descriptor '/home/lunet/kk0171/ros2_ws/install/scara_moveit_config/share/scara_moveit_config/hook/cmake_prefix_path.dsv'
[1.031s] INFO:colcon.colcon_core.shell:Creating environment hook '/home/lunet/kk0171/ros2_ws/install/scara_moveit_config/share/scara_moveit_config/hook/cmake_prefix_path.sh'
[1.033s] Level 1:colcon.colcon_core.environment:checking '/home/lunet/kk0171/ros2_ws/install/scara_moveit_config/bin'
[1.033s] Level 1:colcon.colcon_core.environment:checking '/home/lunet/kk0171/ros2_ws/install/scara_moveit_config/lib/pkgconfig/scara_moveit_config.pc'
[1.034s] Level 1:colcon.colcon_core.environment:checking '/home/lunet/kk0171/ros2_ws/install/scara_moveit_config/lib/python3.10/site-packages'
[1.034s] Level 1:colcon.colcon_core.environment:checking '/home/lunet/kk0171/ros2_ws/install/scara_moveit_config/bin'
[1.034s] INFO:colcon.colcon_core.shell:Creating package script '/home/lunet/kk0171/ros2_ws/install/scara_moveit_config/share/scara_moveit_config/package.ps1'
[1.036s] INFO:colcon.colcon_core.shell:Creating package descriptor '/home/lunet/kk0171/ros2_ws/install/scara_moveit_config/share/scara_moveit_config/package.dsv'
[1.038s] INFO:colcon.colcon_core.shell:Creating package script '/home/lunet/kk0171/ros2_ws/install/scara_moveit_config/share/scara_moveit_config/package.sh'
[1.040s] INFO:colcon.colcon_core.shell:Creating package script '/home/lunet/kk0171/ros2_ws/install/scara_moveit_config/share/scara_moveit_config/package.bash'
[1.042s] INFO:colcon.colcon_core.shell:Creating package script '/home/lunet/kk0171/ros2_ws/install/scara_moveit_config/share/scara_moveit_config/package.zsh'
[1.044s] Level 1:colcon.colcon_core.environment:create_file_with_runtime_dependencies(/home/lunet/kk0171/ros2_ws/install/scara_moveit_config/share/colcon-core/packages/scara_moveit_config)
[1.047s] Level 1:colcon.colcon_core.environment:create_environment_scripts_only(scara_moveit_config)
[1.047s] Level 1:colcon.colcon_core.environment:checking '/home/lunet/kk0171/ros2_ws/install/scara_moveit_config' for CMake module files
[1.048s] Level 1:colcon.colcon_core.environment:checking '/home/lunet/kk0171/ros2_ws/install/scara_moveit_config' for CMake config files
[1.053s] Level 1:colcon.colcon_core.shell:create_environment_hook('scara_moveit_config', 'cmake_prefix_path')
[1.053s] INFO:colcon.colcon_core.shell:Creating environment hook '/home/lunet/kk0171/ros2_ws/install/scara_moveit_config/share/scara_moveit_config/hook/cmake_prefix_path.ps1'
[1.055s] INFO:colcon.colcon_core.shell:Creating environment descriptor '/home/lunet/kk0171/ros2_ws/install/scara_moveit_config/share/scara_moveit_config/hook/cmake_prefix_path.dsv'
[1.056s] INFO:colcon.colcon_core.shell:Creating environment hook '/home/lunet/kk0171/ros2_ws/install/scara_moveit_config/share/scara_moveit_config/hook/cmake_prefix_path.sh'
[1.059s] Level 1:colcon.colcon_core.environment:checking '/home/lunet/kk0171/ros2_ws/install/scara_moveit_config/bin'
[1.059s] Level 1:colcon.colcon_core.environment:checking '/home/lunet/kk0171/ros2_ws/install/scara_moveit_config/lib/pkgconfig/scara_moveit_config.pc'
[1.059s] Level 1:colcon.colcon_core.environment:checking '/home/lunet/kk0171/ros2_ws/install/scara_moveit_config/lib/python3.10/site-packages'
[1.059s] Level 1:colcon.colcon_core.environment:checking '/home/lunet/kk0171/ros2_ws/install/scara_moveit_config/bin'
[1.059s] INFO:colcon.colcon_core.shell:Creating package script '/home/lunet/kk0171/ros2_ws/install/scara_moveit_config/share/scara_moveit_config/package.ps1'
[1.061s] INFO:colcon.colcon_core.shell:Creating package descriptor '/home/lunet/kk0171/ros2_ws/install/scara_moveit_config/share/scara_moveit_config/package.dsv'
[1.063s] INFO:colcon.colcon_core.shell:Creating package script '/home/lunet/kk0171/ros2_ws/install/scara_moveit_config/share/scara_moveit_config/package.sh'
[1.065s] INFO:colcon.colcon_core.shell:Creating package script '/home/lunet/kk0171/ros2_ws/install/scara_moveit_config/share/scara_moveit_config/package.bash'
[1.067s] INFO:colcon.colcon_core.shell:Creating package script '/home/lunet/kk0171/ros2_ws/install/scara_moveit_config/share/scara_moveit_config/package.zsh'
[1.069s] Level 1:colcon.colcon_core.environment:create_file_with_runtime_dependencies(/home/lunet/kk0171/ros2_ws/install/scara_moveit_config/share/colcon-core/packages/scara_moveit_config)
[1.071s] DEBUG:colcon.colcon_parallel_executor.executor.parallel:closing loop
[1.071s] DEBUG:colcon.colcon_parallel_executor.executor.parallel:loop closed
[1.071s] DEBUG:colcon.colcon_parallel_executor.executor.parallel:run_until_complete finished with '0'
[1.071s] DEBUG:colcon.colcon_core.event_reactor:joining thread
[1.083s] INFO:colcon.colcon_core.plugin_system:Skipping extension 'colcon_notification.desktop_notification.terminal_notifier': Not used on non-Darwin systems
[1.083s] INFO:colcon.colcon_core.plugin_system:Skipping extension 'colcon_notification.desktop_notification.win32': Not used on non-Windows systems
[1.083s] INFO:colcon.colcon_notification.desktop_notification:Sending desktop notification using 'notify2'
[1.094s] DEBUG:colcon.colcon_core.event_reactor:joined thread
[1.094s] INFO:colcon.colcon_core.shell:Creating prefix script '/home/lunet/kk0171/ros2_ws/install/local_setup.ps1'
[1.097s] INFO:colcon.colcon_core.shell:Creating prefix util module '/home/lunet/kk0171/ros2_ws/install/_local_setup_util_ps1.py'
[1.099s] INFO:colcon.colcon_core.shell:Creating prefix chain script '/home/lunet/kk0171/ros2_ws/install/setup.ps1'
[1.103s] INFO:colcon.colcon_core.shell:Creating prefix script '/home/lunet/kk0171/ros2_ws/install/local_setup.sh'
[1.105s] INFO:colcon.colcon_core.shell:Creating prefix util module '/home/lunet/kk0171/ros2_ws/install/_local_setup_util_sh.py'
[1.107s] INFO:colcon.colcon_core.shell:Creating prefix chain script '/home/lunet/kk0171/ros2_ws/install/setup.sh'
[1.111s] INFO:colcon.colcon_core.shell:Creating prefix script '/home/lunet/kk0171/ros2_ws/install/local_setup.bash'
[1.113s] INFO:colcon.colcon_core.shell:Creating prefix chain script '/home/lunet/kk0171/ros2_ws/install/setup.bash'
[1.116s] INFO:colcon.colcon_core.shell:Creating prefix script '/home/lunet/kk0171/ros2_ws/install/local_setup.zsh'
[1.118s] INFO:colcon.colcon_core.shell:Creating prefix chain script '/home/lunet/kk0171/ros2_ws/install/setup.zsh'
