[0.080s] Invoking command in '/home/lunet/kk0171/ros2_ws/build/simple_robot_moveit_config': ANSYSLMD_LICENSE_FILE=1055@ansys.lboro.ac.uk CMAKE_PREFIX_PATH=/home/lunet/kk0171/ros2_ws/install/rrrrr_finger:/home/lunet/kk0171/ros2_ws/install/simple_robot_moveit_config:/home/lunet/kk0171/ros2_ws/install/scara_moveit_config:/home/lunet/kk0171/ros2_ws/install/scara_pkg:/opt/ros/humble /usr/bin/cmake --build /home/lunet/kk0171/ros2_ws/build/simple_robot_moveit_config -- -j32 -l32
[0.198s] Invoked command in '/home/lunet/kk0171/ros2_ws/build/simple_robot_moveit_config' returned '0': ANSYSLMD_LICENSE_FILE=1055@ansys.lboro.ac.uk CMAKE_PREFIX_PATH=/home/lunet/kk0171/ros2_ws/install/rrrrr_finger:/home/lunet/kk0171/ros2_ws/install/simple_robot_moveit_config:/home/lunet/kk0171/ros2_ws/install/scara_moveit_config:/home/lunet/kk0171/ros2_ws/install/scara_pkg:/opt/ros/humble /usr/bin/cmake --build /home/lunet/kk0171/ros2_ws/build/simple_robot_moveit_config -- -j32 -l32
[0.223s] Invoking command in '/home/lunet/kk0171/ros2_ws/build/simple_robot_moveit_config': ANSYSLMD_LICENSE_FILE=1055@ansys.lboro.ac.uk CMAKE_PREFIX_PATH=/home/lunet/kk0171/ros2_ws/install/rrrrr_finger:/home/lunet/kk0171/ros2_ws/install/simple_robot_moveit_config:/home/lunet/kk0171/ros2_ws/install/scara_moveit_config:/home/lunet/kk0171/ros2_ws/install/scara_pkg:/opt/ros/humble /usr/bin/cmake --install /home/lunet/kk0171/ros2_ws/build/simple_robot_moveit_config
[0.232s] -- Install configuration: ""
[0.232s] -- Up-to-date: /home/lunet/kk0171/ros2_ws/install/simple_robot_moveit_config/share/ament_index/resource_index/package_run_dependencies/simple_robot_moveit_config
[0.234s] -- Up-to-date: /home/lunet/kk0171/ros2_ws/install/simple_robot_moveit_config/share/ament_index/resource_index/parent_prefix_path/simple_robot_moveit_config
[0.236s] -- Up-to-date: /home/lunet/kk0171/ros2_ws/install/simple_robot_moveit_config/share/simple_robot_moveit_config/environment/ament_prefix_path.sh
[0.237s] -- Up-to-date: /home/lunet/kk0171/ros2_ws/install/simple_robot_moveit_config/share/simple_robot_moveit_config/environment/ament_prefix_path.dsv
[0.238s] -- Up-to-date: /home/lunet/kk0171/ros2_ws/install/simple_robot_moveit_config/share/simple_robot_moveit_config/environment/path.sh
[0.240s] -- Up-to-date: /home/lunet/kk0171/ros2_ws/install/simple_robot_moveit_config/share/simple_robot_moveit_config/environment/path.dsv
[0.241s] -- Up-to-date: /home/lunet/kk0171/ros2_ws/install/simple_robot_moveit_config/share/simple_robot_moveit_config/local_setup.bash
[0.242s] -- Up-to-date: /home/lunet/kk0171/ros2_ws/install/simple_robot_moveit_config/share/simple_robot_moveit_config/local_setup.sh
[0.242s] -- Up-to-date: /home/lunet/kk0171/ros2_ws/install/simple_robot_moveit_config/share/simple_robot_moveit_config/local_setup.zsh
[0.244s] -- Up-to-date: /home/lunet/kk0171/ros2_ws/install/simple_robot_moveit_config/share/simple_robot_moveit_config/local_setup.dsv
[0.246s] -- Installing: /home/lunet/kk0171/ros2_ws/install/simple_robot_moveit_config/share/simple_robot_moveit_config/package.dsv
[0.253s] -- Up-to-date: /home/lunet/kk0171/ros2_ws/install/simple_robot_moveit_config/share/ament_index/resource_index/packages/simple_robot_moveit_config
[0.255s] -- Up-to-date: /home/lunet/kk0171/ros2_ws/install/simple_robot_moveit_config/share/simple_robot_moveit_config/cmake/simple_robot_moveit_configConfig.cmake
[0.256s] -- Up-to-date: /home/lunet/kk0171/ros2_ws/install/simple_robot_moveit_config/share/simple_robot_moveit_config/cmake/simple_robot_moveit_configConfig-version.cmake
[0.257s] -- Up-to-date: /home/lunet/kk0171/ros2_ws/install/simple_robot_moveit_config/share/simple_robot_moveit_config/package.xml
[0.258s] -- Up-to-date: /home/lunet/kk0171/ros2_ws/install/simple_robot_moveit_config/share/simple_robot_moveit_config/launch
[0.261s] -- Up-to-date: /home/lunet/kk0171/ros2_ws/install/simple_robot_moveit_config/share/simple_robot_moveit_config/launch/demo.launch.py
[0.262s] -- Up-to-date: /home/lunet/kk0171/ros2_ws/install/simple_robot_moveit_config/share/simple_robot_moveit_config/launch/moveit_rviz.launch.py
[0.263s] -- Up-to-date: /home/lunet/kk0171/ros2_ws/install/simple_robot_moveit_config/share/simple_robot_moveit_config/launch/move_group.launch.py
[0.264s] -- Up-to-date: /home/lunet/kk0171/ros2_ws/install/simple_robot_moveit_config/share/simple_robot_moveit_config/launch/rsp.launch.py
[0.265s] -- Up-to-date: /home/lunet/kk0171/ros2_ws/install/simple_robot_moveit_config/share/simple_robot_moveit_config/launch/setup_assistant.launch.py
[0.266s] -- Up-to-date: /home/lunet/kk0171/ros2_ws/install/simple_robot_moveit_config/share/simple_robot_moveit_config/launch/spawn_controllers.launch.py
[0.267s] -- Up-to-date: /home/lunet/kk0171/ros2_ws/install/simple_robot_moveit_config/share/simple_robot_moveit_config/launch/static_virtual_joint_tfs.launch.py
[0.268s] -- Up-to-date: /home/lunet/kk0171/ros2_ws/install/simple_robot_moveit_config/share/simple_robot_moveit_config/launch/warehouse_db.launch.py
[0.269s] -- Up-to-date: /home/lunet/kk0171/ros2_ws/install/simple_robot_moveit_config/share/simple_robot_moveit_config/config
[0.272s] -- Up-to-date: /home/lunet/kk0171/ros2_ws/install/simple_robot_moveit_config/share/simple_robot_moveit_config/config/joint_limits.yaml
[0.273s] -- Up-to-date: /home/lunet/kk0171/ros2_ws/install/simple_robot_moveit_config/share/simple_robot_moveit_config/config/kinematics.yaml
[0.274s] -- Up-to-date: /home/lunet/kk0171/ros2_ws/install/simple_robot_moveit_config/share/simple_robot_moveit_config/config/moveit.rviz
[0.275s] -- Up-to-date: /home/lunet/kk0171/ros2_ws/install/simple_robot_moveit_config/share/simple_robot_moveit_config/config/moveit_controllers.yaml
[0.276s] -- Up-to-date: /home/lunet/kk0171/ros2_ws/install/simple_robot_moveit_config/share/simple_robot_moveit_config/config/pilz_cartesian_limits.yaml
[0.278s] -- Up-to-date: /home/lunet/kk0171/ros2_ws/install/simple_robot_moveit_config/share/simple_robot_moveit_config/config/ros2_controllers.yaml
[0.279s] -- Up-to-date: /home/lunet/kk0171/ros2_ws/install/simple_robot_moveit_config/share/simple_robot_moveit_config/config/simple_robot.srdf
[0.280s] -- Up-to-date: /home/lunet/kk0171/ros2_ws/install/simple_robot_moveit_config/share/simple_robot_moveit_config/.setup_assistant
[0.283s] Invoked command in '/home/lunet/kk0171/ros2_ws/build/simple_robot_moveit_config' returned '0': ANSYSLMD_LICENSE_FILE=1055@ansys.lboro.ac.uk CMAKE_PREFIX_PATH=/home/lunet/kk0171/ros2_ws/install/rrrrr_finger:/home/lunet/kk0171/ros2_ws/install/simple_robot_moveit_config:/home/lunet/kk0171/ros2_ws/install/scara_moveit_config:/home/lunet/kk0171/ros2_ws/install/scara_pkg:/opt/ros/humble /usr/bin/cmake --install /home/lunet/kk0171/ros2_ws/build/simple_robot_moveit_config
