[0.063s] DEBUG:colcon:Command line arguments: ['/usr/bin/colcon', 'build']
[0.063s] DEBUG:colcon:Parsed command line arguments: Namespace(log_base=None, log_level=None, verb_name='build', build_base='build', install_base='install', merge_install=False, symlink_install=False, test_result_base=None, continue_on_error=False, executor='parallel', parallel_workers=32, event_handlers=None, ignore_user_meta=False, metas=['./colcon.meta'], base_paths=['.'], packages_ignore=None, packages_ignore_regex=None, paths=None, packages_up_to=None, packages_up_to_regex=None, packages_above=None, packages_above_and_dependencies=None, packages_above_depth=None, packages_select_by_dep=None, packages_skip_by_dep=None, packages_skip_up_to=None, packages_select_build_failed=False, packages_skip_build_finished=False, packages_select_test_failures=False, packages_skip_test_passed=False, packages_select=None, packages_skip=None, packages_select_regex=None, packages_skip_regex=None, packages_start=None, packages_end=None, allow_overriding=[], cmake_args=None, cmake_target=None, cmake_target_skip_unavailable=False, cmake_clean_cache=False, cmake_clean_first=False, cmake_force_configure=False, ament_cmake_args=None, catkin_cmake_args=None, catkin_skip_building_tests=False, mixin_files=None, mixin=None, verb_parser=<colcon_mixin.mixin.mixin_argument.MixinArgumentDecorator object at 0x780b1aa3e0e0>, verb_extension=<colcon_core.verb.build.BuildVerb object at 0x780b1ab4b100>, main=<bound method BuildVerb.main of <colcon_core.verb.build.BuildVerb object at 0x780b1ab4b100>>, mixin_verb=('build',))
[0.158s] Level 1:colcon.colcon_core.package_discovery:discover_packages(colcon_meta) check parameters
[0.158s] Level 1:colcon.colcon_core.package_discovery:discover_packages(recursive) check parameters
[0.158s] Level 1:colcon.colcon_core.package_discovery:discover_packages(ignore) check parameters
[0.158s] Level 1:colcon.colcon_core.package_discovery:discover_packages(path) check parameters
[0.158s] Level 1:colcon.colcon_core.package_discovery:discover_packages(colcon_meta) discover
[0.158s] Level 1:colcon.colcon_core.package_discovery:discover_packages(recursive) discover
[0.158s] INFO:colcon.colcon_core.package_discovery:Crawling recursively for packages in '/home/lunet/kk0171/ros2_ws'
[0.159s] Level 1:colcon.colcon_core.package_identification:_identify(.) by extensions ['ignore', 'ignore_ament_install']
[0.159s] Level 1:colcon.colcon_core.package_identification:_identify(.) by extension 'ignore'
[0.159s] Level 1:colcon.colcon_core.package_identification:_identify(.) by extension 'ignore_ament_install'
[0.159s] Level 1:colcon.colcon_core.package_identification:_identify(.) by extensions ['colcon_pkg']
[0.159s] Level 1:colcon.colcon_core.package_identification:_identify(.) by extension 'colcon_pkg'
[0.159s] Level 1:colcon.colcon_core.package_identification:_identify(.) by extensions ['colcon_meta']
[0.159s] Level 1:colcon.colcon_core.package_identification:_identify(.) by extension 'colcon_meta'
[0.159s] Level 1:colcon.colcon_core.package_identification:_identify(.) by extensions ['ros']
[0.159s] Level 1:colcon.colcon_core.package_identification:_identify(.) by extension 'ros'
[0.166s] Level 1:colcon.colcon_core.package_identification:_identify(.) by extensions ['cmake', 'python']
[0.166s] Level 1:colcon.colcon_core.package_identification:_identify(.) by extension 'cmake'
[0.166s] Level 1:colcon.colcon_core.package_identification:_identify(.) by extension 'python'
[0.166s] Level 1:colcon.colcon_core.package_identification:_identify(.) by extensions ['python_setup_py']
[0.166s] Level 1:colcon.colcon_core.package_identification:_identify(.) by extension 'python_setup_py'
[0.167s] Level 1:colcon.colcon_core.package_identification:_identify(build) by extensions ['ignore', 'ignore_ament_install']
[0.167s] Level 1:colcon.colcon_core.package_identification:_identify(build) by extension 'ignore'
[0.167s] Level 1:colcon.colcon_core.package_identification:_identify(build) ignored
[0.168s] Level 1:colcon.colcon_core.package_identification:_identify(install) by extensions ['ignore', 'ignore_ament_install']
[0.168s] Level 1:colcon.colcon_core.package_identification:_identify(install) by extension 'ignore'
[0.168s] Level 1:colcon.colcon_core.package_identification:_identify(install) ignored
[0.169s] Level 1:colcon.colcon_core.package_identification:_identify(log) by extensions ['ignore', 'ignore_ament_install']
[0.169s] Level 1:colcon.colcon_core.package_identification:_identify(log) by extension 'ignore'
[0.169s] Level 1:colcon.colcon_core.package_identification:_identify(log) ignored
[0.170s] Level 1:colcon.colcon_core.package_identification:_identify(src) by extensions ['ignore', 'ignore_ament_install']
[0.170s] Level 1:colcon.colcon_core.package_identification:_identify(src) by extension 'ignore'
[0.170s] Level 1:colcon.colcon_core.package_identification:_identify(src) by extension 'ignore_ament_install'
[0.170s] Level 1:colcon.colcon_core.package_identification:_identify(src) by extensions ['colcon_pkg']
[0.170s] Level 1:colcon.colcon_core.package_identification:_identify(src) by extension 'colcon_pkg'
[0.170s] Level 1:colcon.colcon_core.package_identification:_identify(src) by extensions ['colcon_meta']
[0.170s] Level 1:colcon.colcon_core.package_identification:_identify(src) by extension 'colcon_meta'
[0.170s] Level 1:colcon.colcon_core.package_identification:_identify(src) by extensions ['ros']
[0.170s] Level 1:colcon.colcon_core.package_identification:_identify(src) by extension 'ros'
[0.170s] Level 1:colcon.colcon_core.package_identification:_identify(src) by extensions ['cmake', 'python']
[0.170s] Level 1:colcon.colcon_core.package_identification:_identify(src) by extension 'cmake'
[0.170s] Level 1:colcon.colcon_core.package_identification:_identify(src) by extension 'python'
[0.170s] Level 1:colcon.colcon_core.package_identification:_identify(src) by extensions ['python_setup_py']
[0.170s] Level 1:colcon.colcon_core.package_identification:_identify(src) by extension 'python_setup_py'
[0.170s] Level 1:colcon.colcon_core.package_identification:_identify(src/rrrrr_finger) by extensions ['ignore', 'ignore_ament_install']
[0.170s] Level 1:colcon.colcon_core.package_identification:_identify(src/rrrrr_finger) by extension 'ignore'
[0.170s] Level 1:colcon.colcon_core.package_identification:_identify(src/rrrrr_finger) by extension 'ignore_ament_install'
[0.170s] Level 1:colcon.colcon_core.package_identification:_identify(src/rrrrr_finger) by extensions ['colcon_pkg']
[0.170s] Level 1:colcon.colcon_core.package_identification:_identify(src/rrrrr_finger) by extension 'colcon_pkg'
[0.170s] Level 1:colcon.colcon_core.package_identification:_identify(src/rrrrr_finger) by extensions ['colcon_meta']
[0.170s] Level 1:colcon.colcon_core.package_identification:_identify(src/rrrrr_finger) by extension 'colcon_meta'
[0.170s] Level 1:colcon.colcon_core.package_identification:_identify(src/rrrrr_finger) by extensions ['ros']
[0.170s] Level 1:colcon.colcon_core.package_identification:_identify(src/rrrrr_finger) by extension 'ros'
[0.173s] DEBUG:colcon.colcon_core.package_identification:Package 'src/rrrrr_finger' with type 'ros.ament_cmake' and name 'rrrrr_finger'
[0.173s] Level 1:colcon.colcon_core.package_identification:_identify(src/scara_pkg) by extensions ['ignore', 'ignore_ament_install']
[0.173s] Level 1:colcon.colcon_core.package_identification:_identify(src/scara_pkg) by extension 'ignore'
[0.173s] Level 1:colcon.colcon_core.package_identification:_identify(src/scara_pkg) by extension 'ignore_ament_install'
[0.173s] Level 1:colcon.colcon_core.package_identification:_identify(src/scara_pkg) by extensions ['colcon_pkg']
[0.173s] Level 1:colcon.colcon_core.package_identification:_identify(src/scara_pkg) by extension 'colcon_pkg'
[0.173s] Level 1:colcon.colcon_core.package_identification:_identify(src/scara_pkg) by extensions ['colcon_meta']
[0.173s] Level 1:colcon.colcon_core.package_identification:_identify(src/scara_pkg) by extension 'colcon_meta'
[0.173s] Level 1:colcon.colcon_core.package_identification:_identify(src/scara_pkg) by extensions ['ros']
[0.173s] Level 1:colcon.colcon_core.package_identification:_identify(src/scara_pkg) by extension 'ros'
[0.175s] DEBUG:colcon.colcon_core.package_identification:Package 'src/scara_pkg' with type 'ros.ament_cmake' and name 'scara_pkg'
[0.175s] Level 1:colcon.colcon_core.package_identification:_identify(src/simple_robot_moveit_config) by extensions ['ignore', 'ignore_ament_install']
[0.175s] Level 1:colcon.colcon_core.package_identification:_identify(src/simple_robot_moveit_config) by extension 'ignore'
[0.175s] Level 1:colcon.colcon_core.package_identification:_identify(src/simple_robot_moveit_config) by extension 'ignore_ament_install'
[0.175s] Level 1:colcon.colcon_core.package_identification:_identify(src/simple_robot_moveit_config) by extensions ['colcon_pkg']
[0.175s] Level 1:colcon.colcon_core.package_identification:_identify(src/simple_robot_moveit_config) by extension 'colcon_pkg'
[0.175s] Level 1:colcon.colcon_core.package_identification:_identify(src/simple_robot_moveit_config) by extensions ['colcon_meta']
[0.175s] Level 1:colcon.colcon_core.package_identification:_identify(src/simple_robot_moveit_config) by extension 'colcon_meta'
[0.175s] Level 1:colcon.colcon_core.package_identification:_identify(src/simple_robot_moveit_config) by extensions ['ros']
[0.175s] Level 1:colcon.colcon_core.package_identification:_identify(src/simple_robot_moveit_config) by extension 'ros'
[0.177s] DEBUG:colcon.colcon_core.package_identification:Package 'src/simple_robot_moveit_config' with type 'ros.ament_cmake' and name 'simple_robot_moveit_config'
[0.177s] Level 1:colcon.colcon_core.package_discovery:discover_packages(recursive) using defaults
[0.177s] Level 1:colcon.colcon_core.package_discovery:discover_packages(ignore) discover
[0.177s] Level 1:colcon.colcon_core.package_discovery:discover_packages(ignore) using defaults
[0.177s] Level 1:colcon.colcon_core.package_discovery:discover_packages(path) discover
[0.177s] Level 1:colcon.colcon_core.package_discovery:discover_packages(path) using defaults
[0.191s] Level 1:colcon.colcon_core.package_discovery:discover_packages(prefix_path) check parameters
[0.191s] Level 1:colcon.colcon_core.package_discovery:discover_packages(prefix_path) discover
[0.192s] WARNING:colcon.colcon_ros.prefix_path.ament:The path '/home/lunet/kk0171/ros2_ws/install/simple_robot_moveit_config' in the environment variable AMENT_PREFIX_PATH doesn't exist
[0.192s] WARNING:colcon.colcon_ros.prefix_path.ament:The path '/home/lunet/kk0171/ros2_ws/install/rrrrr_finger' in the environment variable AMENT_PREFIX_PATH doesn't exist
[0.192s] WARNING:colcon.colcon_ros.prefix_path.catkin:The path '/home/lunet/kk0171/ros2_ws/install/simple_robot_moveit_config' in the environment variable CMAKE_PREFIX_PATH doesn't exist
[0.192s] WARNING:colcon.colcon_ros.prefix_path.catkin:The path '/home/lunet/kk0171/ros2_ws/install/rrrrr_finger' in the environment variable CMAKE_PREFIX_PATH doesn't exist
[0.194s] DEBUG:colcon.colcon_installed_package_information.package_discovery:Found 0 installed packages in /home/lunet/kk0171/ros2_ws/install
[0.195s] DEBUG:colcon.colcon_installed_package_information.package_discovery:Found 424 installed packages in /opt/ros/humble
[0.196s] Level 1:colcon.colcon_core.package_discovery:discover_packages(prefix_path) using defaults
[0.224s] Level 5:colcon.colcon_core.verb:set package 'rrrrr_finger' build argument 'cmake_args' from command line to 'None'
[0.224s] Level 5:colcon.colcon_core.verb:set package 'rrrrr_finger' build argument 'cmake_target' from command line to 'None'
[0.224s] Level 5:colcon.colcon_core.verb:set package 'rrrrr_finger' build argument 'cmake_target_skip_unavailable' from command line to 'False'
[0.224s] Level 5:colcon.colcon_core.verb:set package 'rrrrr_finger' build argument 'cmake_clean_cache' from command line to 'False'
[0.224s] Level 5:colcon.colcon_core.verb:set package 'rrrrr_finger' build argument 'cmake_clean_first' from command line to 'False'
[0.224s] Level 5:colcon.colcon_core.verb:set package 'rrrrr_finger' build argument 'cmake_force_configure' from command line to 'False'
[0.224s] Level 5:colcon.colcon_core.verb:set package 'rrrrr_finger' build argument 'ament_cmake_args' from command line to 'None'
[0.224s] Level 5:colcon.colcon_core.verb:set package 'rrrrr_finger' build argument 'catkin_cmake_args' from command line to 'None'
[0.224s] Level 5:colcon.colcon_core.verb:set package 'rrrrr_finger' build argument 'catkin_skip_building_tests' from command line to 'False'
[0.224s] DEBUG:colcon.colcon_core.verb:Building package 'rrrrr_finger' with the following arguments: {'ament_cmake_args': None, 'build_base': '/home/lunet/kk0171/ros2_ws/build/rrrrr_finger', 'catkin_cmake_args': None, 'catkin_skip_building_tests': False, 'cmake_args': None, 'cmake_clean_cache': False, 'cmake_clean_first': False, 'cmake_force_configure': False, 'cmake_target': None, 'cmake_target_skip_unavailable': False, 'install_base': '/home/lunet/kk0171/ros2_ws/install/rrrrr_finger', 'merge_install': False, 'path': '/home/lunet/kk0171/ros2_ws/src/rrrrr_finger', 'symlink_install': False, 'test_result_base': None}
[0.224s] Level 5:colcon.colcon_core.verb:set package 'scara_pkg' build argument 'cmake_args' from command line to 'None'
[0.224s] Level 5:colcon.colcon_core.verb:set package 'scara_pkg' build argument 'cmake_target' from command line to 'None'
[0.224s] Level 5:colcon.colcon_core.verb:set package 'scara_pkg' build argument 'cmake_target_skip_unavailable' from command line to 'False'
[0.224s] Level 5:colcon.colcon_core.verb:set package 'scara_pkg' build argument 'cmake_clean_cache' from command line to 'False'
[0.224s] Level 5:colcon.colcon_core.verb:set package 'scara_pkg' build argument 'cmake_clean_first' from command line to 'False'
[0.224s] Level 5:colcon.colcon_core.verb:set package 'scara_pkg' build argument 'cmake_force_configure' from command line to 'False'
[0.224s] Level 5:colcon.colcon_core.verb:set package 'scara_pkg' build argument 'ament_cmake_args' from command line to 'None'
[0.224s] Level 5:colcon.colcon_core.verb:set package 'scara_pkg' build argument 'catkin_cmake_args' from command line to 'None'
[0.224s] Level 5:colcon.colcon_core.verb:set package 'scara_pkg' build argument 'catkin_skip_building_tests' from command line to 'False'
[0.224s] DEBUG:colcon.colcon_core.verb:Building package 'scara_pkg' with the following arguments: {'ament_cmake_args': None, 'build_base': '/home/lunet/kk0171/ros2_ws/build/scara_pkg', 'catkin_cmake_args': None, 'catkin_skip_building_tests': False, 'cmake_args': None, 'cmake_clean_cache': False, 'cmake_clean_first': False, 'cmake_force_configure': False, 'cmake_target': None, 'cmake_target_skip_unavailable': False, 'install_base': '/home/lunet/kk0171/ros2_ws/install/scara_pkg', 'merge_install': False, 'path': '/home/lunet/kk0171/ros2_ws/src/scara_pkg', 'symlink_install': False, 'test_result_base': None}
[0.224s] Level 5:colcon.colcon_core.verb:set package 'simple_robot_moveit_config' build argument 'cmake_args' from command line to 'None'
[0.224s] Level 5:colcon.colcon_core.verb:set package 'simple_robot_moveit_config' build argument 'cmake_target' from command line to 'None'
[0.224s] Level 5:colcon.colcon_core.verb:set package 'simple_robot_moveit_config' build argument 'cmake_target_skip_unavailable' from command line to 'False'
[0.224s] Level 5:colcon.colcon_core.verb:set package 'simple_robot_moveit_config' build argument 'cmake_clean_cache' from command line to 'False'
[0.224s] Level 5:colcon.colcon_core.verb:set package 'simple_robot_moveit_config' build argument 'cmake_clean_first' from command line to 'False'
[0.224s] Level 5:colcon.colcon_core.verb:set package 'simple_robot_moveit_config' build argument 'cmake_force_configure' from command line to 'False'
[0.224s] Level 5:colcon.colcon_core.verb:set package 'simple_robot_moveit_config' build argument 'ament_cmake_args' from command line to 'None'
[0.224s] Level 5:colcon.colcon_core.verb:set package 'simple_robot_moveit_config' build argument 'catkin_cmake_args' from command line to 'None'
[0.224s] Level 5:colcon.colcon_core.verb:set package 'simple_robot_moveit_config' build argument 'catkin_skip_building_tests' from command line to 'False'
[0.224s] DEBUG:colcon.colcon_core.verb:Building package 'simple_robot_moveit_config' with the following arguments: {'ament_cmake_args': None, 'build_base': '/home/lunet/kk0171/ros2_ws/build/simple_robot_moveit_config', 'catkin_cmake_args': None, 'catkin_skip_building_tests': False, 'cmake_args': None, 'cmake_clean_cache': False, 'cmake_clean_first': False, 'cmake_force_configure': False, 'cmake_target': None, 'cmake_target_skip_unavailable': False, 'install_base': '/home/lunet/kk0171/ros2_ws/install/simple_robot_moveit_config', 'merge_install': False, 'path': '/home/lunet/kk0171/ros2_ws/src/simple_robot_moveit_config', 'symlink_install': False, 'test_result_base': None}
[0.224s] INFO:colcon.colcon_core.executor:Executing jobs using 'parallel' executor
[0.225s] DEBUG:colcon.colcon_parallel_executor.executor.parallel:run_until_complete
[0.225s] INFO:colcon.colcon_ros.task.ament_cmake.build:Building ROS package in '/home/lunet/kk0171/ros2_ws/src/rrrrr_finger' with build type 'ament_cmake'
[0.225s] INFO:colcon.colcon_cmake.task.cmake.build:Building CMake package in '/home/lunet/kk0171/ros2_ws/src/rrrrr_finger'
[0.226s] INFO:colcon.colcon_core.plugin_system:Skipping extension 'colcon_core.shell.bat': Not used on non-Windows systems
[0.226s] INFO:colcon.colcon_core.shell:Skip shell extension 'powershell' for command environment: Not usable outside of PowerShell
[0.226s] DEBUG:colcon.colcon_core.shell:Skip shell extension 'dsv' for command environment
[0.233s] INFO:colcon.colcon_ros.task.ament_cmake.build:Building ROS package in '/home/lunet/kk0171/ros2_ws/src/scara_pkg' with build type 'ament_cmake'
[0.233s] INFO:colcon.colcon_cmake.task.cmake.build:Building CMake package in '/home/lunet/kk0171/ros2_ws/src/scara_pkg'
[0.233s] INFO:colcon.colcon_core.shell:Skip shell extension 'powershell' for command environment: Not usable outside of PowerShell
[0.233s] DEBUG:colcon.colcon_core.shell:Skip shell extension 'dsv' for command environment
[0.253s] DEBUG:colcon.colcon_core.event_handler.log_command:Invoking command in '/home/lunet/kk0171/ros2_ws/build/rrrrr_finger': ANSYSLMD_LICENSE_FILE=1055@ansys.lboro.ac.uk CMAKE_PREFIX_PATH=${CMAKE_PREFIX_PATH}:/opt/ros/humble /usr/bin/cmake /home/lunet/kk0171/ros2_ws/src/rrrrr_finger -DCMAKE_INSTALL_PREFIX=/home/lunet/kk0171/ros2_ws/install/rrrrr_finger
[0.264s] DEBUG:colcon.colcon_core.event_handler.log_command:Invoking command in '/home/lunet/kk0171/ros2_ws/build/scara_pkg': ANSYSLMD_LICENSE_FILE=1055@ansys.lboro.ac.uk CMAKE_PREFIX_PATH=${CMAKE_PREFIX_PATH}:/opt/ros/humble /usr/bin/cmake /home/lunet/kk0171/ros2_ws/src/scara_pkg -DCMAKE_INSTALL_PREFIX=/home/lunet/kk0171/ros2_ws/install/scara_pkg
[1.234s] DEBUG:colcon.colcon_core.event_handler.log_command:Invoked command in '/home/lunet/kk0171/ros2_ws/build/rrrrr_finger' returned '0': ANSYSLMD_LICENSE_FILE=1055@ansys.lboro.ac.uk CMAKE_PREFIX_PATH=${CMAKE_PREFIX_PATH}:/opt/ros/humble /usr/bin/cmake /home/lunet/kk0171/ros2_ws/src/rrrrr_finger -DCMAKE_INSTALL_PREFIX=/home/lunet/kk0171/ros2_ws/install/rrrrr_finger
[1.240s] DEBUG:colcon.colcon_core.event_handler.log_command:Invoking command in '/home/lunet/kk0171/ros2_ws/build/rrrrr_finger': ANSYSLMD_LICENSE_FILE=1055@ansys.lboro.ac.uk CMAKE_PREFIX_PATH=${CMAKE_PREFIX_PATH}:/opt/ros/humble /usr/bin/cmake --build /home/lunet/kk0171/ros2_ws/build/rrrrr_finger -- -j32 -l32
[1.264s] DEBUG:colcon.colcon_core.event_handler.log_command:Invoked command in '/home/lunet/kk0171/ros2_ws/build/scara_pkg' returned '0': ANSYSLMD_LICENSE_FILE=1055@ansys.lboro.ac.uk CMAKE_PREFIX_PATH=${CMAKE_PREFIX_PATH}:/opt/ros/humble /usr/bin/cmake /home/lunet/kk0171/ros2_ws/src/scara_pkg -DCMAKE_INSTALL_PREFIX=/home/lunet/kk0171/ros2_ws/install/scara_pkg
[1.268s] DEBUG:colcon.colcon_core.event_handler.log_command:Invoking command in '/home/lunet/kk0171/ros2_ws/build/scara_pkg': ANSYSLMD_LICENSE_FILE=1055@ansys.lboro.ac.uk CMAKE_PREFIX_PATH=${CMAKE_PREFIX_PATH}:/opt/ros/humble /usr/bin/cmake --build /home/lunet/kk0171/ros2_ws/build/scara_pkg -- -j32 -l32
[1.279s] DEBUG:colcon.colcon_core.event_handler.log_command:Invoked command in '/home/lunet/kk0171/ros2_ws/build/rrrrr_finger' returned '0': ANSYSLMD_LICENSE_FILE=1055@ansys.lboro.ac.uk CMAKE_PREFIX_PATH=${CMAKE_PREFIX_PATH}:/opt/ros/humble /usr/bin/cmake --build /home/lunet/kk0171/ros2_ws/build/rrrrr_finger -- -j32 -l32
[1.291s] DEBUG:colcon.colcon_core.event_handler.log_command:Invoking command in '/home/lunet/kk0171/ros2_ws/build/rrrrr_finger': ANSYSLMD_LICENSE_FILE=1055@ansys.lboro.ac.uk CMAKE_PREFIX_PATH=${CMAKE_PREFIX_PATH}:/opt/ros/humble /usr/bin/cmake --install /home/lunet/kk0171/ros2_ws/build/rrrrr_finger
[1.306s] DEBUG:colcon.colcon_core.event_handler.log_command:Invoked command in '/home/lunet/kk0171/ros2_ws/build/scara_pkg' returned '0': ANSYSLMD_LICENSE_FILE=1055@ansys.lboro.ac.uk CMAKE_PREFIX_PATH=${CMAKE_PREFIX_PATH}:/opt/ros/humble /usr/bin/cmake --build /home/lunet/kk0171/ros2_ws/build/scara_pkg -- -j32 -l32
[1.313s] DEBUG:colcon.colcon_core.event_handler.log_command:Invoking command in '/home/lunet/kk0171/ros2_ws/build/scara_pkg': ANSYSLMD_LICENSE_FILE=1055@ansys.lboro.ac.uk CMAKE_PREFIX_PATH=${CMAKE_PREFIX_PATH}:/opt/ros/humble /usr/bin/cmake --install /home/lunet/kk0171/ros2_ws/build/scara_pkg
[1.412s] Level 1:colcon.colcon_core.environment:create_environment_scripts_only(rrrrr_finger)
[1.412s] DEBUG:colcon.colcon_core.event_handler.log_command:Invoked command in '/home/lunet/kk0171/ros2_ws/build/rrrrr_finger' returned '0': ANSYSLMD_LICENSE_FILE=1055@ansys.lboro.ac.uk CMAKE_PREFIX_PATH=${CMAKE_PREFIX_PATH}:/opt/ros/humble /usr/bin/cmake --install /home/lunet/kk0171/ros2_ws/build/rrrrr_finger
[1.414s] Level 1:colcon.colcon_core.environment:checking '/home/lunet/kk0171/ros2_ws/install/rrrrr_finger' for CMake module files
[1.418s] Level 1:colcon.colcon_core.environment:checking '/home/lunet/kk0171/ros2_ws/install/rrrrr_finger' for CMake config files
[1.423s] Level 1:colcon.colcon_core.shell:create_environment_hook('rrrrr_finger', 'cmake_prefix_path')
[1.423s] INFO:colcon.colcon_core.shell:Creating environment hook '/home/lunet/kk0171/ros2_ws/install/rrrrr_finger/share/rrrrr_finger/hook/cmake_prefix_path.ps1'
[1.425s] INFO:colcon.colcon_core.shell:Creating environment descriptor '/home/lunet/kk0171/ros2_ws/install/rrrrr_finger/share/rrrrr_finger/hook/cmake_prefix_path.dsv'
[1.428s] INFO:colcon.colcon_core.shell:Creating environment hook '/home/lunet/kk0171/ros2_ws/install/rrrrr_finger/share/rrrrr_finger/hook/cmake_prefix_path.sh'
[1.431s] Level 1:colcon.colcon_core.environment:checking '/home/lunet/kk0171/ros2_ws/install/rrrrr_finger/bin'
[1.431s] Level 1:colcon.colcon_core.environment:checking '/home/lunet/kk0171/ros2_ws/install/rrrrr_finger/lib/pkgconfig/rrrrr_finger.pc'
[1.432s] Level 1:colcon.colcon_core.environment:checking '/home/lunet/kk0171/ros2_ws/install/rrrrr_finger/lib/python3.10/site-packages'
[1.432s] Level 1:colcon.colcon_core.environment:checking '/home/lunet/kk0171/ros2_ws/install/rrrrr_finger/bin'
[1.432s] INFO:colcon.colcon_core.shell:Creating package script '/home/lunet/kk0171/ros2_ws/install/rrrrr_finger/share/rrrrr_finger/package.ps1'
[1.435s] INFO:colcon.colcon_core.shell:Creating package descriptor '/home/lunet/kk0171/ros2_ws/install/rrrrr_finger/share/rrrrr_finger/package.dsv'
[1.437s] INFO:colcon.colcon_core.shell:Creating package script '/home/lunet/kk0171/ros2_ws/install/rrrrr_finger/share/rrrrr_finger/package.sh'
[1.439s] INFO:colcon.colcon_core.shell:Creating package script '/home/lunet/kk0171/ros2_ws/install/rrrrr_finger/share/rrrrr_finger/package.bash'
[1.441s] INFO:colcon.colcon_core.shell:Creating package script '/home/lunet/kk0171/ros2_ws/install/rrrrr_finger/share/rrrrr_finger/package.zsh'
[1.443s] Level 1:colcon.colcon_core.environment:create_file_with_runtime_dependencies(/home/lunet/kk0171/ros2_ws/install/rrrrr_finger/share/colcon-core/packages/rrrrr_finger)
[1.448s] Level 1:colcon.colcon_core.environment:create_environment_scripts_only(rrrrr_finger)
[1.448s] Level 1:colcon.colcon_core.environment:checking '/home/lunet/kk0171/ros2_ws/install/rrrrr_finger' for CMake module files
[1.449s] Level 1:colcon.colcon_core.environment:checking '/home/lunet/kk0171/ros2_ws/install/rrrrr_finger' for CMake config files
[1.452s] Level 1:colcon.colcon_core.shell:create_environment_hook('rrrrr_finger', 'cmake_prefix_path')
[1.452s] INFO:colcon.colcon_core.shell:Creating environment hook '/home/lunet/kk0171/ros2_ws/install/rrrrr_finger/share/rrrrr_finger/hook/cmake_prefix_path.ps1'
[1.454s] INFO:colcon.colcon_core.shell:Creating environment descriptor '/home/lunet/kk0171/ros2_ws/install/rrrrr_finger/share/rrrrr_finger/hook/cmake_prefix_path.dsv'
[1.456s] INFO:colcon.colcon_core.shell:Creating environment hook '/home/lunet/kk0171/ros2_ws/install/rrrrr_finger/share/rrrrr_finger/hook/cmake_prefix_path.sh'
[1.458s] Level 1:colcon.colcon_core.environment:checking '/home/lunet/kk0171/ros2_ws/install/rrrrr_finger/bin'
[1.458s] Level 1:colcon.colcon_core.environment:checking '/home/lunet/kk0171/ros2_ws/install/rrrrr_finger/lib/pkgconfig/rrrrr_finger.pc'
[1.458s] Level 1:colcon.colcon_core.environment:checking '/home/lunet/kk0171/ros2_ws/install/rrrrr_finger/lib/python3.10/site-packages'
[1.458s] Level 1:colcon.colcon_core.environment:checking '/home/lunet/kk0171/ros2_ws/install/rrrrr_finger/bin'
[1.458s] INFO:colcon.colcon_core.shell:Creating package script '/home/lunet/kk0171/ros2_ws/install/rrrrr_finger/share/rrrrr_finger/package.ps1'
[1.460s] INFO:colcon.colcon_core.shell:Creating package descriptor '/home/lunet/kk0171/ros2_ws/install/rrrrr_finger/share/rrrrr_finger/package.dsv'
[1.462s] INFO:colcon.colcon_core.shell:Creating package script '/home/lunet/kk0171/ros2_ws/install/rrrrr_finger/share/rrrrr_finger/package.sh'
[1.464s] INFO:colcon.colcon_core.shell:Creating package script '/home/lunet/kk0171/ros2_ws/install/rrrrr_finger/share/rrrrr_finger/package.bash'
[1.466s] INFO:colcon.colcon_core.shell:Creating package script '/home/lunet/kk0171/ros2_ws/install/rrrrr_finger/share/rrrrr_finger/package.zsh'
[1.468s] Level 1:colcon.colcon_core.environment:create_file_with_runtime_dependencies(/home/lunet/kk0171/ros2_ws/install/rrrrr_finger/share/colcon-core/packages/rrrrr_finger)
[1.469s] INFO:colcon.colcon_ros.task.ament_cmake.build:Building ROS package in '/home/lunet/kk0171/ros2_ws/src/simple_robot_moveit_config' with build type 'ament_cmake'
[1.469s] INFO:colcon.colcon_cmake.task.cmake.build:Building CMake package in '/home/lunet/kk0171/ros2_ws/src/simple_robot_moveit_config'
[1.469s] INFO:colcon.colcon_core.shell:Skip shell extension 'powershell' for command environment: Not usable outside of PowerShell
[1.469s] DEBUG:colcon.colcon_core.shell:Skip shell extension 'dsv' for command environment
[1.479s] Level 1:colcon.colcon_core.environment:create_environment_scripts_only(scara_pkg)
[1.479s] Level 1:colcon.colcon_core.environment:checking '/home/lunet/kk0171/ros2_ws/install/scara_pkg' for CMake module files
[1.479s] DEBUG:colcon.colcon_core.event_handler.log_command:Invoked command in '/home/lunet/kk0171/ros2_ws/build/scara_pkg' returned '0': ANSYSLMD_LICENSE_FILE=1055@ansys.lboro.ac.uk CMAKE_PREFIX_PATH=${CMAKE_PREFIX_PATH}:/opt/ros/humble /usr/bin/cmake --install /home/lunet/kk0171/ros2_ws/build/scara_pkg
[1.483s] Level 1:colcon.colcon_core.environment:checking '/home/lunet/kk0171/ros2_ws/install/scara_pkg' for CMake config files
[1.488s] Level 1:colcon.colcon_core.shell:create_environment_hook('scara_pkg', 'cmake_prefix_path')
[1.488s] INFO:colcon.colcon_core.shell:Creating environment hook '/home/lunet/kk0171/ros2_ws/install/scara_pkg/share/scara_pkg/hook/cmake_prefix_path.ps1'
[1.491s] INFO:colcon.colcon_core.shell:Creating environment descriptor '/home/lunet/kk0171/ros2_ws/install/scara_pkg/share/scara_pkg/hook/cmake_prefix_path.dsv'
[1.493s] INFO:colcon.colcon_core.shell:Creating environment hook '/home/lunet/kk0171/ros2_ws/install/scara_pkg/share/scara_pkg/hook/cmake_prefix_path.sh'
[1.496s] Level 1:colcon.colcon_core.environment:checking '/home/lunet/kk0171/ros2_ws/install/scara_pkg/bin'
[1.496s] Level 1:colcon.colcon_core.environment:checking '/home/lunet/kk0171/ros2_ws/install/scara_pkg/lib/pkgconfig/scara_pkg.pc'
[1.496s] Level 1:colcon.colcon_core.environment:checking '/home/lunet/kk0171/ros2_ws/install/scara_pkg/lib/python3.10/site-packages'
[1.496s] Level 1:colcon.colcon_core.environment:checking '/home/lunet/kk0171/ros2_ws/install/scara_pkg/bin'
[1.496s] INFO:colcon.colcon_core.shell:Creating package script '/home/lunet/kk0171/ros2_ws/install/scara_pkg/share/scara_pkg/package.ps1'
[1.499s] INFO:colcon.colcon_core.shell:Creating package descriptor '/home/lunet/kk0171/ros2_ws/install/scara_pkg/share/scara_pkg/package.dsv'
[1.501s] INFO:colcon.colcon_core.shell:Creating package script '/home/lunet/kk0171/ros2_ws/install/scara_pkg/share/scara_pkg/package.sh'
[1.503s] INFO:colcon.colcon_core.shell:Creating package script '/home/lunet/kk0171/ros2_ws/install/scara_pkg/share/scara_pkg/package.bash'
[1.505s] INFO:colcon.colcon_core.shell:Creating package script '/home/lunet/kk0171/ros2_ws/install/scara_pkg/share/scara_pkg/package.zsh'
[1.507s] Level 1:colcon.colcon_core.environment:create_file_with_runtime_dependencies(/home/lunet/kk0171/ros2_ws/install/scara_pkg/share/colcon-core/packages/scara_pkg)
[1.511s] Level 1:colcon.colcon_core.environment:create_environment_scripts_only(scara_pkg)
[1.511s] Level 1:colcon.colcon_core.environment:checking '/home/lunet/kk0171/ros2_ws/install/scara_pkg' for CMake module files
[1.513s] Level 1:colcon.colcon_core.environment:checking '/home/lunet/kk0171/ros2_ws/install/scara_pkg' for CMake config files
[1.516s] Level 1:colcon.colcon_core.shell:create_environment_hook('scara_pkg', 'cmake_prefix_path')
[1.516s] INFO:colcon.colcon_core.shell:Creating environment hook '/home/lunet/kk0171/ros2_ws/install/scara_pkg/share/scara_pkg/hook/cmake_prefix_path.ps1'
[1.518s] INFO:colcon.colcon_core.shell:Creating environment descriptor '/home/lunet/kk0171/ros2_ws/install/scara_pkg/share/scara_pkg/hook/cmake_prefix_path.dsv'
[1.520s] INFO:colcon.colcon_core.shell:Creating environment hook '/home/lunet/kk0171/ros2_ws/install/scara_pkg/share/scara_pkg/hook/cmake_prefix_path.sh'
[1.522s] Level 1:colcon.colcon_core.environment:checking '/home/lunet/kk0171/ros2_ws/install/scara_pkg/bin'
[1.522s] Level 1:colcon.colcon_core.environment:checking '/home/lunet/kk0171/ros2_ws/install/scara_pkg/lib/pkgconfig/scara_pkg.pc'
[1.522s] Level 1:colcon.colcon_core.environment:checking '/home/lunet/kk0171/ros2_ws/install/scara_pkg/lib/python3.10/site-packages'
[1.522s] Level 1:colcon.colcon_core.environment:checking '/home/lunet/kk0171/ros2_ws/install/scara_pkg/bin'
[1.523s] INFO:colcon.colcon_core.shell:Creating package script '/home/lunet/kk0171/ros2_ws/install/scara_pkg/share/scara_pkg/package.ps1'
[1.525s] INFO:colcon.colcon_core.shell:Creating package descriptor '/home/lunet/kk0171/ros2_ws/install/scara_pkg/share/scara_pkg/package.dsv'
[1.527s] INFO:colcon.colcon_core.shell:Creating package script '/home/lunet/kk0171/ros2_ws/install/scara_pkg/share/scara_pkg/package.sh'
[1.529s] INFO:colcon.colcon_core.shell:Creating package script '/home/lunet/kk0171/ros2_ws/install/scara_pkg/share/scara_pkg/package.bash'
[1.531s] INFO:colcon.colcon_core.shell:Creating package script '/home/lunet/kk0171/ros2_ws/install/scara_pkg/share/scara_pkg/package.zsh'
[1.533s] Level 1:colcon.colcon_core.environment:create_file_with_runtime_dependencies(/home/lunet/kk0171/ros2_ws/install/scara_pkg/share/colcon-core/packages/scara_pkg)
[1.548s] DEBUG:colcon.colcon_core.event_handler.log_command:Invoking command in '/home/lunet/kk0171/ros2_ws/build/simple_robot_moveit_config': ANSYSLMD_LICENSE_FILE=1055@ansys.lboro.ac.uk CMAKE_PREFIX_PATH=/home/lunet/kk0171/ros2_ws/install/rrrrr_finger:/home/lunet/kk0171/ros2_ws/install/simple_robot_moveit_config:/opt/ros/humble /usr/bin/cmake /home/lunet/kk0171/ros2_ws/src/simple_robot_moveit_config -DCMAKE_INSTALL_PREFIX=/home/lunet/kk0171/ros2_ws/install/simple_robot_moveit_config
[2.493s] DEBUG:colcon.colcon_core.event_handler.log_command:Invoked command in '/home/lunet/kk0171/ros2_ws/build/simple_robot_moveit_config' returned '0': ANSYSLMD_LICENSE_FILE=1055@ansys.lboro.ac.uk CMAKE_PREFIX_PATH=/home/lunet/kk0171/ros2_ws/install/rrrrr_finger:/home/lunet/kk0171/ros2_ws/install/simple_robot_moveit_config:/opt/ros/humble /usr/bin/cmake /home/lunet/kk0171/ros2_ws/src/simple_robot_moveit_config -DCMAKE_INSTALL_PREFIX=/home/lunet/kk0171/ros2_ws/install/simple_robot_moveit_config
[2.497s] DEBUG:colcon.colcon_core.event_handler.log_command:Invoking command in '/home/lunet/kk0171/ros2_ws/build/simple_robot_moveit_config': ANSYSLMD_LICENSE_FILE=1055@ansys.lboro.ac.uk CMAKE_PREFIX_PATH=/home/lunet/kk0171/ros2_ws/install/rrrrr_finger:/home/lunet/kk0171/ros2_ws/install/simple_robot_moveit_config:/opt/ros/humble /usr/bin/cmake --build /home/lunet/kk0171/ros2_ws/build/simple_robot_moveit_config -- -j32 -l32
[2.532s] DEBUG:colcon.colcon_core.event_handler.log_command:Invoked command in '/home/lunet/kk0171/ros2_ws/build/simple_robot_moveit_config' returned '0': ANSYSLMD_LICENSE_FILE=1055@ansys.lboro.ac.uk CMAKE_PREFIX_PATH=/home/lunet/kk0171/ros2_ws/install/rrrrr_finger:/home/lunet/kk0171/ros2_ws/install/simple_robot_moveit_config:/opt/ros/humble /usr/bin/cmake --build /home/lunet/kk0171/ros2_ws/build/simple_robot_moveit_config -- -j32 -l32
[2.537s] DEBUG:colcon.colcon_core.event_handler.log_command:Invoking command in '/home/lunet/kk0171/ros2_ws/build/simple_robot_moveit_config': ANSYSLMD_LICENSE_FILE=1055@ansys.lboro.ac.uk CMAKE_PREFIX_PATH=/home/lunet/kk0171/ros2_ws/install/rrrrr_finger:/home/lunet/kk0171/ros2_ws/install/simple_robot_moveit_config:/opt/ros/humble /usr/bin/cmake --install /home/lunet/kk0171/ros2_ws/build/simple_robot_moveit_config
[2.734s] Level 1:colcon.colcon_core.environment:create_environment_scripts_only(simple_robot_moveit_config)
[2.734s] Level 1:colcon.colcon_core.environment:checking '/home/lunet/kk0171/ros2_ws/install/simple_robot_moveit_config' for CMake module files
[2.735s] DEBUG:colcon.colcon_core.event_handler.log_command:Invoked command in '/home/lunet/kk0171/ros2_ws/build/simple_robot_moveit_config' returned '0': ANSYSLMD_LICENSE_FILE=1055@ansys.lboro.ac.uk CMAKE_PREFIX_PATH=/home/lunet/kk0171/ros2_ws/install/rrrrr_finger:/home/lunet/kk0171/ros2_ws/install/simple_robot_moveit_config:/opt/ros/humble /usr/bin/cmake --install /home/lunet/kk0171/ros2_ws/build/simple_robot_moveit_config
[2.738s] Level 1:colcon.colcon_core.environment:checking '/home/lunet/kk0171/ros2_ws/install/simple_robot_moveit_config' for CMake config files
[2.745s] Level 1:colcon.colcon_core.shell:create_environment_hook('simple_robot_moveit_config', 'cmake_prefix_path')
[2.745s] INFO:colcon.colcon_core.shell:Creating environment hook '/home/lunet/kk0171/ros2_ws/install/simple_robot_moveit_config/share/simple_robot_moveit_config/hook/cmake_prefix_path.ps1'
[2.748s] INFO:colcon.colcon_core.shell:Creating environment descriptor '/home/lunet/kk0171/ros2_ws/install/simple_robot_moveit_config/share/simple_robot_moveit_config/hook/cmake_prefix_path.dsv'
[2.750s] INFO:colcon.colcon_core.shell:Creating environment hook '/home/lunet/kk0171/ros2_ws/install/simple_robot_moveit_config/share/simple_robot_moveit_config/hook/cmake_prefix_path.sh'
[2.753s] Level 1:colcon.colcon_core.environment:checking '/home/lunet/kk0171/ros2_ws/install/simple_robot_moveit_config/bin'
[2.753s] Level 1:colcon.colcon_core.environment:checking '/home/lunet/kk0171/ros2_ws/install/simple_robot_moveit_config/lib/pkgconfig/simple_robot_moveit_config.pc'
[2.753s] Level 1:colcon.colcon_core.environment:checking '/home/lunet/kk0171/ros2_ws/install/simple_robot_moveit_config/lib/python3.10/site-packages'
[2.753s] Level 1:colcon.colcon_core.environment:checking '/home/lunet/kk0171/ros2_ws/install/simple_robot_moveit_config/bin'
[2.753s] INFO:colcon.colcon_core.shell:Creating package script '/home/lunet/kk0171/ros2_ws/install/simple_robot_moveit_config/share/simple_robot_moveit_config/package.ps1'
[2.756s] INFO:colcon.colcon_core.shell:Creating package descriptor '/home/lunet/kk0171/ros2_ws/install/simple_robot_moveit_config/share/simple_robot_moveit_config/package.dsv'
[2.758s] INFO:colcon.colcon_core.shell:Creating package script '/home/lunet/kk0171/ros2_ws/install/simple_robot_moveit_config/share/simple_robot_moveit_config/package.sh'
[2.760s] INFO:colcon.colcon_core.shell:Creating package script '/home/lunet/kk0171/ros2_ws/install/simple_robot_moveit_config/share/simple_robot_moveit_config/package.bash'
[2.762s] INFO:colcon.colcon_core.shell:Creating package script '/home/lunet/kk0171/ros2_ws/install/simple_robot_moveit_config/share/simple_robot_moveit_config/package.zsh'
[2.764s] Level 1:colcon.colcon_core.environment:create_file_with_runtime_dependencies(/home/lunet/kk0171/ros2_ws/install/simple_robot_moveit_config/share/colcon-core/packages/simple_robot_moveit_config)
[2.769s] Level 1:colcon.colcon_core.environment:create_environment_scripts_only(simple_robot_moveit_config)
[2.769s] Level 1:colcon.colcon_core.environment:checking '/home/lunet/kk0171/ros2_ws/install/simple_robot_moveit_config' for CMake module files
[2.771s] Level 1:colcon.colcon_core.environment:checking '/home/lunet/kk0171/ros2_ws/install/simple_robot_moveit_config' for CMake config files
[2.776s] Level 1:colcon.colcon_core.shell:create_environment_hook('simple_robot_moveit_config', 'cmake_prefix_path')
[2.776s] INFO:colcon.colcon_core.shell:Creating environment hook '/home/lunet/kk0171/ros2_ws/install/simple_robot_moveit_config/share/simple_robot_moveit_config/hook/cmake_prefix_path.ps1'
[2.778s] INFO:colcon.colcon_core.shell:Creating environment descriptor '/home/lunet/kk0171/ros2_ws/install/simple_robot_moveit_config/share/simple_robot_moveit_config/hook/cmake_prefix_path.dsv'
[2.780s] INFO:colcon.colcon_core.shell:Creating environment hook '/home/lunet/kk0171/ros2_ws/install/simple_robot_moveit_config/share/simple_robot_moveit_config/hook/cmake_prefix_path.sh'
[2.783s] Level 1:colcon.colcon_core.environment:checking '/home/lunet/kk0171/ros2_ws/install/simple_robot_moveit_config/bin'
[2.783s] Level 1:colcon.colcon_core.environment:checking '/home/lunet/kk0171/ros2_ws/install/simple_robot_moveit_config/lib/pkgconfig/simple_robot_moveit_config.pc'
[2.783s] Level 1:colcon.colcon_core.environment:checking '/home/lunet/kk0171/ros2_ws/install/simple_robot_moveit_config/lib/python3.10/site-packages'
[2.783s] Level 1:colcon.colcon_core.environment:checking '/home/lunet/kk0171/ros2_ws/install/simple_robot_moveit_config/bin'
[2.783s] INFO:colcon.colcon_core.shell:Creating package script '/home/lunet/kk0171/ros2_ws/install/simple_robot_moveit_config/share/simple_robot_moveit_config/package.ps1'
[2.786s] INFO:colcon.colcon_core.shell:Creating package descriptor '/home/lunet/kk0171/ros2_ws/install/simple_robot_moveit_config/share/simple_robot_moveit_config/package.dsv'
[2.788s] INFO:colcon.colcon_core.shell:Creating package script '/home/lunet/kk0171/ros2_ws/install/simple_robot_moveit_config/share/simple_robot_moveit_config/package.sh'
[2.790s] INFO:colcon.colcon_core.shell:Creating package script '/home/lunet/kk0171/ros2_ws/install/simple_robot_moveit_config/share/simple_robot_moveit_config/package.bash'
[2.792s] INFO:colcon.colcon_core.shell:Creating package script '/home/lunet/kk0171/ros2_ws/install/simple_robot_moveit_config/share/simple_robot_moveit_config/package.zsh'
[2.794s] Level 1:colcon.colcon_core.environment:create_file_with_runtime_dependencies(/home/lunet/kk0171/ros2_ws/install/simple_robot_moveit_config/share/colcon-core/packages/simple_robot_moveit_config)
[2.796s] DEBUG:colcon.colcon_parallel_executor.executor.parallel:closing loop
[2.796s] DEBUG:colcon.colcon_parallel_executor.executor.parallel:loop closed
[2.796s] DEBUG:colcon.colcon_parallel_executor.executor.parallel:run_until_complete finished with '0'
[2.796s] DEBUG:colcon.colcon_core.event_reactor:joining thread
[2.806s] INFO:colcon.colcon_core.plugin_system:Skipping extension 'colcon_notification.desktop_notification.terminal_notifier': Not used on non-Darwin systems
[2.806s] INFO:colcon.colcon_core.plugin_system:Skipping extension 'colcon_notification.desktop_notification.win32': Not used on non-Windows systems
[2.806s] INFO:colcon.colcon_notification.desktop_notification:Sending desktop notification using 'notify2'
[2.812s] DEBUG:colcon.colcon_core.event_reactor:joined thread
[2.812s] INFO:colcon.colcon_core.shell:Creating prefix script '/home/lunet/kk0171/ros2_ws/install/local_setup.ps1'
[2.814s] INFO:colcon.colcon_core.shell:Creating prefix util module '/home/lunet/kk0171/ros2_ws/install/_local_setup_util_ps1.py'
[2.817s] INFO:colcon.colcon_core.shell:Creating prefix chain script '/home/lunet/kk0171/ros2_ws/install/setup.ps1'
[2.821s] INFO:colcon.colcon_core.shell:Creating prefix script '/home/lunet/kk0171/ros2_ws/install/local_setup.sh'
[2.823s] INFO:colcon.colcon_core.shell:Creating prefix util module '/home/lunet/kk0171/ros2_ws/install/_local_setup_util_sh.py'
[2.825s] INFO:colcon.colcon_core.shell:Creating prefix chain script '/home/lunet/kk0171/ros2_ws/install/setup.sh'
[2.829s] INFO:colcon.colcon_core.shell:Creating prefix script '/home/lunet/kk0171/ros2_ws/install/local_setup.bash'
[2.831s] INFO:colcon.colcon_core.shell:Creating prefix chain script '/home/lunet/kk0171/ros2_ws/install/setup.bash'
[2.834s] INFO:colcon.colcon_core.shell:Creating prefix script '/home/lunet/kk0171/ros2_ws/install/local_setup.zsh'
[2.836s] INFO:colcon.colcon_core.shell:Creating prefix chain script '/home/lunet/kk0171/ros2_ws/install/setup.zsh'
