[0.060s] Invoking command in '/home/lunet/kk0171/ros2_ws/build/scara_pkg': ANSYSLMD_LICENSE_FILE=1055@ansys.lboro.ac.uk CMAKE_PREFIX_PATH=${CMAKE_PREFIX_PATH}:/opt/ros/humble /usr/bin/cmake --build /home/lunet/kk0171/ros2_ws/build/scara_pkg -- -j32 -l32
[0.167s] Invoked command in '/home/lunet/kk0171/ros2_ws/build/scara_pkg' returned '0': ANSYSLMD_LICENSE_FILE=1055@ansys.lboro.ac.uk CMAKE_PREFIX_PATH=${CMAKE_PREFIX_PATH}:/opt/ros/humble /usr/bin/cmake --build /home/lunet/kk0171/ros2_ws/build/scara_pkg -- -j32 -l32
[0.188s] Invoking command in '/home/lunet/kk0171/ros2_ws/build/scara_pkg': ANSYSLMD_LICENSE_FILE=1055@ansys.lboro.ac.uk CMAKE_PREFIX_PATH=${CMAKE_PREFIX_PATH}:/opt/ros/humble /usr/bin/cmake --install /home/lunet/kk0171/ros2_ws/build/scara_pkg
[0.199s] -- Install configuration: ""
[0.200s] -- Up-to-date: /home/lunet/kk0171/ros2_ws/install/scara_pkg/share/scara_pkg/launch
[0.203s] -- Up-to-date: /home/lunet/kk0171/ros2_ws/install/scara_pkg/share/scara_pkg/launch/robot.launch.py
[0.203s] -- Up-to-date: /home/lunet/kk0171/ros2_ws/install/scara_pkg/share/scara_pkg/urdf
[0.206s] -- Up-to-date: /home/lunet/kk0171/ros2_ws/install/scara_pkg/share/scara_pkg/urdf/robot.urdf
[0.207s] -- Up-to-date: /home/lunet/kk0171/ros2_ws/install/scara_pkg/share/ament_index/resource_index/package_run_dependencies/scara_pkg
[0.208s] -- Up-to-date: /home/lunet/kk0171/ros2_ws/install/scara_pkg/share/ament_index/resource_index/parent_prefix_path/scara_pkg
[0.209s] -- Up-to-date: /home/lunet/kk0171/ros2_ws/install/scara_pkg/share/scara_pkg/environment/ament_prefix_path.sh
[0.210s] -- Up-to-date: /home/lunet/kk0171/ros2_ws/install/scara_pkg/share/scara_pkg/environment/ament_prefix_path.dsv
[0.211s] -- Up-to-date: /home/lunet/kk0171/ros2_ws/install/scara_pkg/share/scara_pkg/environment/path.sh
[0.213s] -- Up-to-date: /home/lunet/kk0171/ros2_ws/install/scara_pkg/share/scara_pkg/environment/path.dsv
[0.214s] -- Up-to-date: /home/lunet/kk0171/ros2_ws/install/scara_pkg/share/scara_pkg/local_setup.bash
[0.214s] -- Up-to-date: /home/lunet/kk0171/ros2_ws/install/scara_pkg/share/scara_pkg/local_setup.sh
[0.215s] -- Up-to-date: /home/lunet/kk0171/ros2_ws/install/scara_pkg/share/scara_pkg/local_setup.zsh
[0.216s] -- Up-to-date: /home/lunet/kk0171/ros2_ws/install/scara_pkg/share/scara_pkg/local_setup.dsv
[0.218s] -- Installing: /home/lunet/kk0171/ros2_ws/install/scara_pkg/share/scara_pkg/package.dsv
[0.224s] -- Up-to-date: /home/lunet/kk0171/ros2_ws/install/scara_pkg/share/ament_index/resource_index/packages/scara_pkg
[0.226s] -- Up-to-date: /home/lunet/kk0171/ros2_ws/install/scara_pkg/share/scara_pkg/cmake/scara_pkgConfig.cmake
[0.226s] -- Up-to-date: /home/lunet/kk0171/ros2_ws/install/scara_pkg/share/scara_pkg/cmake/scara_pkgConfig-version.cmake
[0.227s] -- Up-to-date: /home/lunet/kk0171/ros2_ws/install/scara_pkg/share/scara_pkg/package.xml
[0.293s] Invoked command in '/home/lunet/kk0171/ros2_ws/build/scara_pkg' returned '0': ANSYSLMD_LICENSE_FILE=1055@ansys.lboro.ac.uk CMAKE_PREFIX_PATH=${CMAKE_PREFIX_PATH}:/opt/ros/humble /usr/bin/cmake --install /home/lunet/kk0171/ros2_ws/build/scara_pkg
