[0.027s] Invoking command in '/home/lunet/kk0171/ros2_ws/build/scara_pkg': ANSYSLMD_LICENSE_FILE=1055@ansys.lboro.ac.uk CMAKE_PREFIX_PATH=${CMAKE_PREFIX_PATH}:/opt/ros/humble /usr/bin/cmake --build /home/lunet/kk0171/ros2_ws/build/scara_pkg -- -j32 -l32
[0.072s] Invoked command in '/home/lunet/kk0171/ros2_ws/build/scara_pkg' returned '0': ANSYSLMD_LICENSE_FILE=1055@ansys.lboro.ac.uk CMAKE_PREFIX_PATH=${CMAKE_PREFIX_PATH}:/opt/ros/humble /usr/bin/cmake --build /home/lunet/kk0171/ros2_ws/build/scara_pkg -- -j32 -l32
[0.075s] Invoking command in '/home/lunet/kk0171/ros2_ws/build/scara_pkg': ANSYSLMD_LICENSE_FILE=1055@ansys.lboro.ac.uk CMAKE_PREFIX_PATH=${CMAKE_PREFIX_PATH}:/opt/ros/humble /usr/bin/cmake --install /home/lunet/kk0171/ros2_ws/build/scara_pkg
[0.083s] -- Install configuration: ""
[0.085s] -- Up-to-date: /home/lunet/kk0171/ros2_ws/install/scara_pkg/share/scara_pkg/launch
[0.086s] -- Up-to-date: /home/lunet/kk0171/ros2_ws/install/scara_pkg/share/scara_pkg/launch/robot.launch.py
[0.087s] -- Up-to-date: /home/lunet/kk0171/ros2_ws/install/scara_pkg/share/scara_pkg/urdf
[0.089s] -- Up-to-date: /home/lunet/kk0171/ros2_ws/install/scara_pkg/share/scara_pkg/urdf/robot.urdf
[0.090s] -- Up-to-date: /home/lunet/kk0171/ros2_ws/install/scara_pkg/share/ament_index/resource_index/package_run_dependencies/scara_pkg
[0.092s] -- Up-to-date: /home/lunet/kk0171/ros2_ws/install/scara_pkg/share/ament_index/resource_index/parent_prefix_path/scara_pkg
[0.093s] -- Up-to-date: /home/lunet/kk0171/ros2_ws/install/scara_pkg/share/scara_pkg/environment/ament_prefix_path.sh
[0.094s] -- Up-to-date: /home/lunet/kk0171/ros2_ws/install/scara_pkg/share/scara_pkg/environment/ament_prefix_path.dsv
[0.094s] -- Up-to-date: /home/lunet/kk0171/ros2_ws/install/scara_pkg/share/scara_pkg/environment/path.sh
[0.096s] -- Up-to-date: /home/lunet/kk0171/ros2_ws/install/scara_pkg/share/scara_pkg/environment/path.dsv
[0.096s] -- Up-to-date: /home/lunet/kk0171/ros2_ws/install/scara_pkg/share/scara_pkg/local_setup.bash
[0.097s] -- Up-to-date: /home/lunet/kk0171/ros2_ws/install/scara_pkg/share/scara_pkg/local_setup.sh
[0.098s] -- Up-to-date: /home/lunet/kk0171/ros2_ws/install/scara_pkg/share/scara_pkg/local_setup.zsh
[0.099s] -- Up-to-date: /home/lunet/kk0171/ros2_ws/install/scara_pkg/share/scara_pkg/local_setup.dsv
[0.100s] -- Installing: /home/lunet/kk0171/ros2_ws/install/scara_pkg/share/scara_pkg/package.dsv
[0.105s] -- Up-to-date: /home/lunet/kk0171/ros2_ws/install/scara_pkg/share/ament_index/resource_index/packages/scara_pkg
[0.106s] -- Up-to-date: /home/lunet/kk0171/ros2_ws/install/scara_pkg/share/scara_pkg/cmake/scara_pkgConfig.cmake
[0.107s] -- Up-to-date: /home/lunet/kk0171/ros2_ws/install/scara_pkg/share/scara_pkg/cmake/scara_pkgConfig-version.cmake
[0.108s] -- Up-to-date: /home/lunet/kk0171/ros2_ws/install/scara_pkg/share/scara_pkg/package.xml
[0.160s] Invoked command in '/home/lunet/kk0171/ros2_ws/build/scara_pkg' returned '0': ANSYSLMD_LICENSE_FILE=1055@ansys.lboro.ac.uk CMAKE_PREFIX_PATH=${CMAKE_PREFIX_PATH}:/opt/ros/humble /usr/bin/cmake --install /home/lunet/kk0171/ros2_ws/build/scara_pkg
