[0.110s] Invoking command in '/home/lunet/kk0171/ros2_ws/build/simple_robot_moveit_config': ANSYSLMD_LICENSE_FILE=1055@ansys.lboro.ac.uk CMAKE_PREFIX_PATH=/home/lunet/kk0171/ros2_ws/install/rrrrr_finger:/home/lunet/kk0171/ros2_ws/install/simple_robot_moveit_config:/home/lunet/kk0171/ros2_ws/install/scara_moveit_config:/home/lunet/kk0171/ros2_ws/install/scara_pkg:/opt/ros/humble /usr/bin/cmake --build /home/lunet/kk0171/ros2_ws/build/simple_robot_moveit_config -- -j32 -l32
[0.148s] Invoked command in '/home/lunet/kk0171/ros2_ws/build/simple_robot_moveit_config' returned '0': ANSYSLMD_LICENSE_FILE=1055@ansys.lboro.ac.uk CMAKE_PREFIX_PATH=/home/lunet/kk0171/ros2_ws/install/rrrrr_finger:/home/lunet/kk0171/ros2_ws/install/simple_robot_moveit_config:/home/lunet/kk0171/ros2_ws/install/scara_moveit_config:/home/lunet/kk0171/ros2_ws/install/scara_pkg:/opt/ros/humble /usr/bin/cmake --build /home/lunet/kk0171/ros2_ws/build/simple_robot_moveit_config -- -j32 -l32
[0.155s] Invoking command in '/home/lunet/kk0171/ros2_ws/build/simple_robot_moveit_config': ANSYSLMD_LICENSE_FILE=1055@ansys.lboro.ac.uk CMAKE_PREFIX_PATH=/home/lunet/kk0171/ros2_ws/install/rrrrr_finger:/home/lunet/kk0171/ros2_ws/install/simple_robot_moveit_config:/home/lunet/kk0171/ros2_ws/install/scara_moveit_config:/home/lunet/kk0171/ros2_ws/install/scara_pkg:/opt/ros/humble /usr/bin/cmake --install /home/lunet/kk0171/ros2_ws/build/simple_robot_moveit_config
[0.163s] -- Install configuration: ""
[0.163s] -- Up-to-date: /home/lunet/kk0171/ros2_ws/install/simple_robot_moveit_config/share/ament_index/resource_index/package_run_dependencies/simple_robot_moveit_config
[0.164s] -- Up-to-date: /home/lunet/kk0171/ros2_ws/install/simple_robot_moveit_config/share/ament_index/resource_index/parent_prefix_path/simple_robot_moveit_config
[0.164s] -- Up-to-date: /home/lunet/kk0171/ros2_ws/install/simple_robot_moveit_config/share/simple_robot_moveit_config/environment/ament_prefix_path.sh
[0.165s] -- Up-to-date: /home/lunet/kk0171/ros2_ws/install/simple_robot_moveit_config/share/simple_robot_moveit_config/environment/ament_prefix_path.dsv
[0.165s] -- Up-to-date: /home/lunet/kk0171/ros2_ws/install/simple_robot_moveit_config/share/simple_robot_moveit_config/environment/path.sh
[0.166s] -- Up-to-date: /home/lunet/kk0171/ros2_ws/install/simple_robot_moveit_config/share/simple_robot_moveit_config/environment/path.dsv
[0.167s] -- Up-to-date: /home/lunet/kk0171/ros2_ws/install/simple_robot_moveit_config/share/simple_robot_moveit_config/local_setup.bash
[0.168s] -- Up-to-date: /home/lunet/kk0171/ros2_ws/install/simple_robot_moveit_config/share/simple_robot_moveit_config/local_setup.sh
[0.169s] -- Up-to-date: /home/lunet/kk0171/ros2_ws/install/simple_robot_moveit_config/share/simple_robot_moveit_config/local_setup.zsh
[0.169s] -- Up-to-date: /home/lunet/kk0171/ros2_ws/install/simple_robot_moveit_config/share/simple_robot_moveit_config/local_setup.dsv
[0.170s] -- Installing: /home/lunet/kk0171/ros2_ws/install/simple_robot_moveit_config/share/simple_robot_moveit_config/package.dsv
[0.176s] -- Up-to-date: /home/lunet/kk0171/ros2_ws/install/simple_robot_moveit_config/share/ament_index/resource_index/packages/simple_robot_moveit_config
[0.177s] -- Up-to-date: /home/lunet/kk0171/ros2_ws/install/simple_robot_moveit_config/share/simple_robot_moveit_config/cmake/simple_robot_moveit_configConfig.cmake
[0.178s] -- Up-to-date: /home/lunet/kk0171/ros2_ws/install/simple_robot_moveit_config/share/simple_robot_moveit_config/cmake/simple_robot_moveit_configConfig-version.cmake
[0.179s] -- Up-to-date: /home/lunet/kk0171/ros2_ws/install/simple_robot_moveit_config/share/simple_robot_moveit_config/package.xml
[0.180s] -- Up-to-date: /home/lunet/kk0171/ros2_ws/install/simple_robot_moveit_config/share/simple_robot_moveit_config/launch
[0.182s] -- Up-to-date: /home/lunet/kk0171/ros2_ws/install/simple_robot_moveit_config/share/simple_robot_moveit_config/launch/demo.launch.py
[0.183s] -- Up-to-date: /home/lunet/kk0171/ros2_ws/install/simple_robot_moveit_config/share/simple_robot_moveit_config/launch/moveit_rviz.launch.py
[0.184s] -- Up-to-date: /home/lunet/kk0171/ros2_ws/install/simple_robot_moveit_config/share/simple_robot_moveit_config/launch/move_group.launch.py
[0.185s] -- Up-to-date: /home/lunet/kk0171/ros2_ws/install/simple_robot_moveit_config/share/simple_robot_moveit_config/launch/rsp.launch.py
[0.186s] -- Up-to-date: /home/lunet/kk0171/ros2_ws/install/simple_robot_moveit_config/share/simple_robot_moveit_config/launch/setup_assistant.launch.py
[0.187s] -- Up-to-date: /home/lunet/kk0171/ros2_ws/install/simple_robot_moveit_config/share/simple_robot_moveit_config/launch/spawn_controllers.launch.py
[0.188s] -- Up-to-date: /home/lunet/kk0171/ros2_ws/install/simple_robot_moveit_config/share/simple_robot_moveit_config/launch/static_virtual_joint_tfs.launch.py
[0.189s] -- Up-to-date: /home/lunet/kk0171/ros2_ws/install/simple_robot_moveit_config/share/simple_robot_moveit_config/launch/warehouse_db.launch.py
[0.190s] -- Up-to-date: /home/lunet/kk0171/ros2_ws/install/simple_robot_moveit_config/share/simple_robot_moveit_config/config
[0.192s] -- Up-to-date: /home/lunet/kk0171/ros2_ws/install/simple_robot_moveit_config/share/simple_robot_moveit_config/config/joint_limits.yaml
[0.193s] -- Up-to-date: /home/lunet/kk0171/ros2_ws/install/simple_robot_moveit_config/share/simple_robot_moveit_config/config/kinematics.yaml
[0.194s] -- Up-to-date: /home/lunet/kk0171/ros2_ws/install/simple_robot_moveit_config/share/simple_robot_moveit_config/config/moveit.rviz
[0.195s] -- Up-to-date: /home/lunet/kk0171/ros2_ws/install/simple_robot_moveit_config/share/simple_robot_moveit_config/config/moveit_controllers.yaml
[0.196s] -- Up-to-date: /home/lunet/kk0171/ros2_ws/install/simple_robot_moveit_config/share/simple_robot_moveit_config/config/pilz_cartesian_limits.yaml
[0.197s] -- Up-to-date: /home/lunet/kk0171/ros2_ws/install/simple_robot_moveit_config/share/simple_robot_moveit_config/config/ros2_controllers.yaml
[0.198s] -- Up-to-date: /home/lunet/kk0171/ros2_ws/install/simple_robot_moveit_config/share/simple_robot_moveit_config/config/simple_robot.srdf
[0.199s] -- Up-to-date: /home/lunet/kk0171/ros2_ws/install/simple_robot_moveit_config/share/simple_robot_moveit_config/.setup_assistant
[0.203s] Invoked command in '/home/lunet/kk0171/ros2_ws/build/simple_robot_moveit_config' returned '0': ANSYSLMD_LICENSE_FILE=1055@ansys.lboro.ac.uk CMAKE_PREFIX_PATH=/home/lunet/kk0171/ros2_ws/install/rrrrr_finger:/home/lunet/kk0171/ros2_ws/install/simple_robot_moveit_config:/home/lunet/kk0171/ros2_ws/install/scara_moveit_config:/home/lunet/kk0171/ros2_ws/install/scara_pkg:/opt/ros/humble /usr/bin/cmake --install /home/lunet/kk0171/ros2_ws/build/simple_robot_moveit_config
