[0.184s] Invoking command in '/home/lunet/kk0171/ros2_ws/build/scara_pkg': ANSYSLMD_LICENSE_FILE=1055@ansys.lboro.ac.uk CMAKE_PREFIX_PATH=${CMAKE_PREFIX_PATH}:/opt/ros/humble /usr/bin/cmake --build /home/lunet/kk0171/ros2_ws/build/scara_pkg -- -j32 -l32
[0.283s] Invoked command in '/home/lunet/kk0171/ros2_ws/build/scara_pkg' returned '0': ANSYSLMD_LICENSE_FILE=1055@ansys.lboro.ac.uk CMAKE_PREFIX_PATH=${CMAKE_PREFIX_PATH}:/opt/ros/humble /usr/bin/cmake --build /home/lunet/kk0171/ros2_ws/build/scara_pkg -- -j32 -l32
[0.312s] Invoking command in '/home/lunet/kk0171/ros2_ws/build/scara_pkg': ANSYSLMD_LICENSE_FILE=1055@ansys.lboro.ac.uk CMAKE_PREFIX_PATH=${CMAKE_PREFIX_PATH}:/opt/ros/humble /usr/bin/cmake --install /home/lunet/kk0171/ros2_ws/build/scara_pkg
[0.329s] -- Install configuration: ""
[0.329s] -- Up-to-date: /home/lunet/kk0171/ros2_ws/install/scara_pkg/share/scara_pkg/launch
[0.330s] -- Up-to-date: /home/lunet/kk0171/ros2_ws/install/scara_pkg/share/scara_pkg/launch/robot.launch.py
[0.330s] -- Up-to-date: /home/lunet/kk0171/ros2_ws/install/scara_pkg/share/scara_pkg/urdf
[0.333s] -- Up-to-date: /home/lunet/kk0171/ros2_ws/install/scara_pkg/share/scara_pkg/urdf/robot.urdf
[0.334s] -- Up-to-date: /home/lunet/kk0171/ros2_ws/install/scara_pkg/share/ament_index/resource_index/package_run_dependencies/scara_pkg
[0.336s] -- Up-to-date: /home/lunet/kk0171/ros2_ws/install/scara_pkg/share/ament_index/resource_index/parent_prefix_path/scara_pkg
[0.337s] -- Up-to-date: /home/lunet/kk0171/ros2_ws/install/scara_pkg/share/scara_pkg/environment/ament_prefix_path.sh
[0.339s] -- Up-to-date: /home/lunet/kk0171/ros2_ws/install/scara_pkg/share/scara_pkg/environment/ament_prefix_path.dsv
[0.340s] -- Up-to-date: /home/lunet/kk0171/ros2_ws/install/scara_pkg/share/scara_pkg/environment/path.sh
[0.341s] -- Up-to-date: /home/lunet/kk0171/ros2_ws/install/scara_pkg/share/scara_pkg/environment/path.dsv
[0.342s] -- Up-to-date: /home/lunet/kk0171/ros2_ws/install/scara_pkg/share/scara_pkg/local_setup.bash
[0.343s] -- Up-to-date: /home/lunet/kk0171/ros2_ws/install/scara_pkg/share/scara_pkg/local_setup.sh
[0.344s] -- Up-to-date: /home/lunet/kk0171/ros2_ws/install/scara_pkg/share/scara_pkg/local_setup.zsh
[0.345s] -- Up-to-date: /home/lunet/kk0171/ros2_ws/install/scara_pkg/share/scara_pkg/local_setup.dsv
[0.347s] -- Installing: /home/lunet/kk0171/ros2_ws/install/scara_pkg/share/scara_pkg/package.dsv
[0.355s] -- Up-to-date: /home/lunet/kk0171/ros2_ws/install/scara_pkg/share/ament_index/resource_index/packages/scara_pkg
[0.357s] -- Up-to-date: /home/lunet/kk0171/ros2_ws/install/scara_pkg/share/scara_pkg/cmake/scara_pkgConfig.cmake
[0.358s] -- Up-to-date: /home/lunet/kk0171/ros2_ws/install/scara_pkg/share/scara_pkg/cmake/scara_pkgConfig-version.cmake
[0.359s] -- Up-to-date: /home/lunet/kk0171/ros2_ws/install/scara_pkg/share/scara_pkg/package.xml
[0.363s] Invoked command in '/home/lunet/kk0171/ros2_ws/build/scara_pkg' returned '0': ANSYSLMD_LICENSE_FILE=1055@ansys.lboro.ac.uk CMAKE_PREFIX_PATH=${CMAKE_PREFIX_PATH}:/opt/ros/humble /usr/bin/cmake --install /home/lunet/kk0171/ros2_ws/build/scara_pkg
