[0.091s] Invoking command in '/home/lunet/kk0171/ros2_ws/build/rrrrr_finger': ANSYSLMD_LICENSE_FILE=1055@ansys.lboro.ac.uk CMAKE_PREFIX_PATH=${CMAKE_PREFIX_PATH}:/opt/ros/humble /usr/bin/cmake --build /home/lunet/kk0171/ros2_ws/build/rrrrr_finger -- -j32 -l32
[0.272s] Invoked command in '/home/lunet/kk0171/ros2_ws/build/rrrrr_finger' returned '0': ANSYSLMD_LICENSE_FILE=1055@ansys.lboro.ac.uk CMAKE_PREFIX_PATH=${CMAKE_PREFIX_PATH}:/opt/ros/humble /usr/bin/cmake --build /home/lunet/kk0171/ros2_ws/build/rrrrr_finger -- -j32 -l32
[0.291s] Invoking command in '/home/lunet/kk0171/ros2_ws/build/rrrrr_finger': ANSYSLMD_LICENSE_FILE=1055@ansys.lboro.ac.uk CMAKE_PREFIX_PATH=${CMAKE_PREFIX_PATH}:/opt/ros/humble /usr/bin/cmake --install /home/lunet/kk0171/ros2_ws/build/rrrrr_finger
[0.300s] -- Install configuration: ""
[0.301s] -- Up-to-date: /home/lunet/kk0171/ros2_ws/install/rrrrr_finger/share/rrrrr_finger/urdf
[0.304s] -- Up-to-date: /home/lunet/kk0171/ros2_ws/install/rrrrr_finger/share/rrrrr_finger/urdf/robot.urdf
[0.304s] -- Up-to-date: /home/lunet/kk0171/ros2_ws/install/rrrrr_finger/share/ament_index/resource_index/package_run_dependencies/rrrrr_finger
[0.306s] -- Up-to-date: /home/lunet/kk0171/ros2_ws/install/rrrrr_finger/share/ament_index/resource_index/parent_prefix_path/rrrrr_finger
[0.307s] -- Installing: /home/lunet/kk0171/ros2_ws/install/rrrrr_finger/share/rrrrr_finger/environment/ament_prefix_path.sh
[0.313s] -- Up-to-date: /home/lunet/kk0171/ros2_ws/install/rrrrr_finger/share/rrrrr_finger/environment/ament_prefix_path.dsv
[0.314s] -- Installing: /home/lunet/kk0171/ros2_ws/install/rrrrr_finger/share/rrrrr_finger/environment/path.sh
[0.320s] -- Up-to-date: /home/lunet/kk0171/ros2_ws/install/rrrrr_finger/share/rrrrr_finger/environment/path.dsv
[0.321s] -- Up-to-date: /home/lunet/kk0171/ros2_ws/install/rrrrr_finger/share/rrrrr_finger/local_setup.bash
[0.321s] -- Up-to-date: /home/lunet/kk0171/ros2_ws/install/rrrrr_finger/share/rrrrr_finger/local_setup.sh
[0.322s] -- Up-to-date: /home/lunet/kk0171/ros2_ws/install/rrrrr_finger/share/rrrrr_finger/local_setup.zsh
[0.324s] -- Up-to-date: /home/lunet/kk0171/ros2_ws/install/rrrrr_finger/share/rrrrr_finger/local_setup.dsv
[0.325s] -- Installing: /home/lunet/kk0171/ros2_ws/install/rrrrr_finger/share/rrrrr_finger/package.dsv
[0.332s] -- Up-to-date: /home/lunet/kk0171/ros2_ws/install/rrrrr_finger/share/ament_index/resource_index/packages/rrrrr_finger
[0.333s] -- Up-to-date: /home/lunet/kk0171/ros2_ws/install/rrrrr_finger/share/rrrrr_finger/cmake/rrrrr_fingerConfig.cmake
[0.334s] -- Up-to-date: /home/lunet/kk0171/ros2_ws/install/rrrrr_finger/share/rrrrr_finger/cmake/rrrrr_fingerConfig-version.cmake
[0.335s] -- Up-to-date: /home/lunet/kk0171/ros2_ws/install/rrrrr_finger/share/rrrrr_finger/package.xml
[0.338s] Invoked command in '/home/lunet/kk0171/ros2_ws/build/rrrrr_finger' returned '0': ANSYSLMD_LICENSE_FILE=1055@ansys.lboro.ac.uk CMAKE_PREFIX_PATH=${CMAKE_PREFIX_PATH}:/opt/ros/humble /usr/bin/cmake --install /home/lunet/kk0171/ros2_ws/build/rrrrr_finger
