[0.097s] Invoking command in '/home/lunet/kk0171/ros2_ws/build/scara_moveit_config': ANSYSLMD_LICENSE_FILE=1055@ansys.lboro.ac.uk CMAKE_PREFIX_PATH=/home/lunet/kk0171/ros2_ws/install/scara_pkg:/home/lunet/kk0171/ros2_ws/install/simple_robot_moveit_config:/home/lunet/kk0171/ros2_ws/install/scara_moveit_config:/home/lunet/kk0171/ros2_ws/install/rrrrr_finger:/opt/ros/humble /usr/bin/cmake --build /home/lunet/kk0171/ros2_ws/build/scara_moveit_config -- -j32 -l32
[0.196s] Invoked command in '/home/lunet/kk0171/ros2_ws/build/scara_moveit_config' returned '0': ANSYSLMD_LICENSE_FILE=1055@ansys.lboro.ac.uk CMAKE_PREFIX_PATH=/home/lunet/kk0171/ros2_ws/install/scara_pkg:/home/lunet/kk0171/ros2_ws/install/simple_robot_moveit_config:/home/lunet/kk0171/ros2_ws/install/scara_moveit_config:/home/lunet/kk0171/ros2_ws/install/rrrrr_finger:/opt/ros/humble /usr/bin/cmake --build /home/lunet/kk0171/ros2_ws/build/scara_moveit_config -- -j32 -l32
[0.217s] Invoking command in '/home/lunet/kk0171/ros2_ws/build/scara_moveit_config': ANSYSLMD_LICENSE_FILE=1055@ansys.lboro.ac.uk CMAKE_PREFIX_PATH=/home/lunet/kk0171/ros2_ws/install/scara_pkg:/home/lunet/kk0171/ros2_ws/install/simple_robot_moveit_config:/home/lunet/kk0171/ros2_ws/install/scara_moveit_config:/home/lunet/kk0171/ros2_ws/install/rrrrr_finger:/opt/ros/humble /usr/bin/cmake --install /home/lunet/kk0171/ros2_ws/build/scara_moveit_config
[0.233s] -- Install configuration: ""
[0.233s] -- Up-to-date: /home/lunet/kk0171/ros2_ws/install/scara_moveit_config/share/ament_index/resource_index/package_run_dependencies/scara_moveit_config
[0.235s] -- Up-to-date: /home/lunet/kk0171/ros2_ws/install/scara_moveit_config/share/ament_index/resource_index/parent_prefix_path/scara_moveit_config
[0.236s] -- Installing: /home/lunet/kk0171/ros2_ws/install/scara_moveit_config/share/scara_moveit_config/environment/ament_prefix_path.sh
[0.242s] -- Up-to-date: /home/lunet/kk0171/ros2_ws/install/scara_moveit_config/share/scara_moveit_config/environment/ament_prefix_path.dsv
[0.243s] -- Installing: /home/lunet/kk0171/ros2_ws/install/scara_moveit_config/share/scara_moveit_config/environment/path.sh
[0.248s] -- Up-to-date: /home/lunet/kk0171/ros2_ws/install/scara_moveit_config/share/scara_moveit_config/environment/path.dsv
[0.249s] -- Up-to-date: /home/lunet/kk0171/ros2_ws/install/scara_moveit_config/share/scara_moveit_config/local_setup.bash
[0.250s] -- Up-to-date: /home/lunet/kk0171/ros2_ws/install/scara_moveit_config/share/scara_moveit_config/local_setup.sh
[0.251s] -- Up-to-date: /home/lunet/kk0171/ros2_ws/install/scara_moveit_config/share/scara_moveit_config/local_setup.zsh
[0.252s] -- Up-to-date: /home/lunet/kk0171/ros2_ws/install/scara_moveit_config/share/scara_moveit_config/local_setup.dsv
[0.254s] -- Installing: /home/lunet/kk0171/ros2_ws/install/scara_moveit_config/share/scara_moveit_config/package.dsv
[0.260s] -- Up-to-date: /home/lunet/kk0171/ros2_ws/install/scara_moveit_config/share/ament_index/resource_index/packages/scara_moveit_config
[0.261s] -- Up-to-date: /home/lunet/kk0171/ros2_ws/install/scara_moveit_config/share/scara_moveit_config/cmake/scara_moveit_configConfig.cmake
[0.262s] -- Up-to-date: /home/lunet/kk0171/ros2_ws/install/scara_moveit_config/share/scara_moveit_config/cmake/scara_moveit_configConfig-version.cmake
[0.263s] -- Up-to-date: /home/lunet/kk0171/ros2_ws/install/scara_moveit_config/share/scara_moveit_config/package.xml
[0.264s] -- Up-to-date: /home/lunet/kk0171/ros2_ws/install/scara_moveit_config/share/scara_moveit_config/launch
[0.278s] -- Up-to-date: /home/lunet/kk0171/ros2_ws/install/scara_moveit_config/share/scara_moveit_config/launch/demo.launch.py
[0.279s] -- Up-to-date: /home/lunet/kk0171/ros2_ws/install/scara_moveit_config/share/scara_moveit_config/launch/move_group.launch.py
[0.280s] -- Up-to-date: /home/lunet/kk0171/ros2_ws/install/scara_moveit_config/share/scara_moveit_config/launch/moveit_rviz.launch.py
[0.281s] -- Up-to-date: /home/lunet/kk0171/ros2_ws/install/scara_moveit_config/share/scara_moveit_config/launch/rsp.launch.py
[0.282s] -- Up-to-date: /home/lunet/kk0171/ros2_ws/install/scara_moveit_config/share/scara_moveit_config/launch/setup_assistant.launch.py
[0.283s] -- Up-to-date: /home/lunet/kk0171/ros2_ws/install/scara_moveit_config/share/scara_moveit_config/launch/spawn_controllers.launch.py
[0.284s] -- Up-to-date: /home/lunet/kk0171/ros2_ws/install/scara_moveit_config/share/scara_moveit_config/launch/static_virtual_joint_tfs.launch.py
[0.286s] -- Up-to-date: /home/lunet/kk0171/ros2_ws/install/scara_moveit_config/share/scara_moveit_config/launch/warehouse_db.launch.py
[0.286s] -- Up-to-date: /home/lunet/kk0171/ros2_ws/install/scara_moveit_config/share/scara_moveit_config/config
[0.297s] -- Up-to-date: /home/lunet/kk0171/ros2_ws/install/scara_moveit_config/share/scara_moveit_config/config/pilz_cartesian_limits.yaml
[0.298s] -- Up-to-date: /home/lunet/kk0171/ros2_ws/install/scara_moveit_config/share/scara_moveit_config/config/kinematics.yaml
[0.299s] -- Up-to-date: /home/lunet/kk0171/ros2_ws/install/scara_moveit_config/share/scara_moveit_config/config/scara_robot.ros2_control.xacro
[0.300s] -- Up-to-date: /home/lunet/kk0171/ros2_ws/install/scara_moveit_config/share/scara_moveit_config/config/initial_positions.yaml
[0.301s] -- Up-to-date: /home/lunet/kk0171/ros2_ws/install/scara_moveit_config/share/scara_moveit_config/config/scara_robot.urdf.xacro
[0.302s] -- Up-to-date: /home/lunet/kk0171/ros2_ws/install/scara_moveit_config/share/scara_moveit_config/config/moveit.rviz
[0.303s] -- Up-to-date: /home/lunet/kk0171/ros2_ws/install/scara_moveit_config/share/scara_moveit_config/config/joint_limits.yaml
[0.315s] -- Up-to-date: /home/lunet/kk0171/ros2_ws/install/scara_moveit_config/share/scara_moveit_config/config/scara_robot.srdf
[0.316s] -- Up-to-date: /home/lunet/kk0171/ros2_ws/install/scara_moveit_config/share/scara_moveit_config/config/ros2_controllers.yaml
[0.330s] -- Up-to-date: /home/lunet/kk0171/ros2_ws/install/scara_moveit_config/share/scara_moveit_config/config/moveit_controllers.yaml
[0.330s] -- Up-to-date: /home/lunet/kk0171/ros2_ws/install/scara_moveit_config/share/scara_moveit_config/.setup_assistant
[0.330s] Invoked command in '/home/lunet/kk0171/ros2_ws/build/scara_moveit_config' returned '0': ANSYSLMD_LICENSE_FILE=1055@ansys.lboro.ac.uk CMAKE_PREFIX_PATH=/home/lunet/kk0171/ros2_ws/install/scara_pkg:/home/lunet/kk0171/ros2_ws/install/simple_robot_moveit_config:/home/lunet/kk0171/ros2_ws/install/scara_moveit_config:/home/lunet/kk0171/ros2_ws/install/rrrrr_finger:/opt/ros/humble /usr/bin/cmake --install /home/lunet/kk0171/ros2_ws/build/scara_moveit_config
