[0.106s] Invoking command in '/home/lunet/kk0171/ros2_ws/build/scara_moveit_config': ANSYSLMD_LICENSE_FILE=1055@ansys.lboro.ac.uk CMAKE_PREFIX_PATH=/home/lunet/kk0171/ros2_ws/install/scara_pkg:/home/lunet/kk0171/ros2_ws/install/simple_robot_moveit_config:/home/lunet/kk0171/ros2_ws/install/scara_moveit_config:/home/lunet/kk0171/ros2_ws/install/rrrrr_finger:/opt/ros/humble /usr/bin/cmake --build /home/lunet/kk0171/ros2_ws/build/scara_moveit_config -- -j32 -l32
[0.243s] Invoked command in '/home/lunet/kk0171/ros2_ws/build/scara_moveit_config' returned '0': ANSYSLMD_LICENSE_FILE=1055@ansys.lboro.ac.uk CMAKE_PREFIX_PATH=/home/lunet/kk0171/ros2_ws/install/scara_pkg:/home/lunet/kk0171/ros2_ws/install/simple_robot_moveit_config:/home/lunet/kk0171/ros2_ws/install/scara_moveit_config:/home/lunet/kk0171/ros2_ws/install/rrrrr_finger:/opt/ros/humble /usr/bin/cmake --build /home/lunet/kk0171/ros2_ws/build/scara_moveit_config -- -j32 -l32
[0.264s] Invoking command in '/home/lunet/kk0171/ros2_ws/build/scara_moveit_config': ANSYSLMD_LICENSE_FILE=1055@ansys.lboro.ac.uk CMAKE_PREFIX_PATH=/home/lunet/kk0171/ros2_ws/install/scara_pkg:/home/lunet/kk0171/ros2_ws/install/simple_robot_moveit_config:/home/lunet/kk0171/ros2_ws/install/scara_moveit_config:/home/lunet/kk0171/ros2_ws/install/rrrrr_finger:/opt/ros/humble /usr/bin/cmake --install /home/lunet/kk0171/ros2_ws/build/scara_moveit_config
[0.274s] -- Install configuration: ""
[0.275s] -- Up-to-date: /home/lunet/kk0171/ros2_ws/install/scara_moveit_config/share/ament_index/resource_index/package_run_dependencies/scara_moveit_config
[0.277s] -- Up-to-date: /home/lunet/kk0171/ros2_ws/install/scara_moveit_config/share/ament_index/resource_index/parent_prefix_path/scara_moveit_config
[0.278s] -- Up-to-date: /home/lunet/kk0171/ros2_ws/install/scara_moveit_config/share/scara_moveit_config/environment/ament_prefix_path.sh
[0.279s] -- Up-to-date: /home/lunet/kk0171/ros2_ws/install/scara_moveit_config/share/scara_moveit_config/environment/ament_prefix_path.dsv
[0.281s] -- Up-to-date: /home/lunet/kk0171/ros2_ws/install/scara_moveit_config/share/scara_moveit_config/environment/path.sh
[0.282s] -- Up-to-date: /home/lunet/kk0171/ros2_ws/install/scara_moveit_config/share/scara_moveit_config/environment/path.dsv
[0.283s] -- Up-to-date: /home/lunet/kk0171/ros2_ws/install/scara_moveit_config/share/scara_moveit_config/local_setup.bash
[0.284s] -- Up-to-date: /home/lunet/kk0171/ros2_ws/install/scara_moveit_config/share/scara_moveit_config/local_setup.sh
[0.285s] -- Up-to-date: /home/lunet/kk0171/ros2_ws/install/scara_moveit_config/share/scara_moveit_config/local_setup.zsh
[0.290s] -- Up-to-date: /home/lunet/kk0171/ros2_ws/install/scara_moveit_config/share/scara_moveit_config/local_setup.dsv
[0.290s] -- Installing: /home/lunet/kk0171/ros2_ws/install/scara_moveit_config/share/scara_moveit_config/package.dsv
[0.296s] -- Up-to-date: /home/lunet/kk0171/ros2_ws/install/scara_moveit_config/share/ament_index/resource_index/packages/scara_moveit_config
[0.298s] -- Up-to-date: /home/lunet/kk0171/ros2_ws/install/scara_moveit_config/share/scara_moveit_config/cmake/scara_moveit_configConfig.cmake
[0.298s] -- Up-to-date: /home/lunet/kk0171/ros2_ws/install/scara_moveit_config/share/scara_moveit_config/cmake/scara_moveit_configConfig-version.cmake
[0.313s] -- Up-to-date: /home/lunet/kk0171/ros2_ws/install/scara_moveit_config/share/scara_moveit_config/package.xml
[0.314s] -- Up-to-date: /home/lunet/kk0171/ros2_ws/install/scara_moveit_config/share/scara_moveit_config/launch
[0.317s] -- Up-to-date: /home/lunet/kk0171/ros2_ws/install/scara_moveit_config/share/scara_moveit_config/launch/demo.launch.py
[0.318s] -- Up-to-date: /home/lunet/kk0171/ros2_ws/install/scara_moveit_config/share/scara_moveit_config/launch/move_group.launch.py
[0.319s] -- Up-to-date: /home/lunet/kk0171/ros2_ws/install/scara_moveit_config/share/scara_moveit_config/launch/moveit_rviz.launch.py
[0.321s] -- Up-to-date: /home/lunet/kk0171/ros2_ws/install/scara_moveit_config/share/scara_moveit_config/launch/rsp.launch.py
[0.322s] -- Up-to-date: /home/lunet/kk0171/ros2_ws/install/scara_moveit_config/share/scara_moveit_config/launch/setup_assistant.launch.py
[0.323s] -- Up-to-date: /home/lunet/kk0171/ros2_ws/install/scara_moveit_config/share/scara_moveit_config/launch/spawn_controllers.launch.py
[0.324s] -- Up-to-date: /home/lunet/kk0171/ros2_ws/install/scara_moveit_config/share/scara_moveit_config/launch/static_virtual_joint_tfs.launch.py
[0.325s] -- Up-to-date: /home/lunet/kk0171/ros2_ws/install/scara_moveit_config/share/scara_moveit_config/launch/warehouse_db.launch.py
[0.326s] -- Up-to-date: /home/lunet/kk0171/ros2_ws/install/scara_moveit_config/share/scara_moveit_config/config
[0.344s] -- Up-to-date: /home/lunet/kk0171/ros2_ws/install/scara_moveit_config/share/scara_moveit_config/config/pilz_cartesian_limits.yaml
[0.345s] -- Up-to-date: /home/lunet/kk0171/ros2_ws/install/scara_moveit_config/share/scara_moveit_config/config/kinematics.yaml
[0.346s] -- Up-to-date: /home/lunet/kk0171/ros2_ws/install/scara_moveit_config/share/scara_moveit_config/config/scara_robot.ros2_control.xacro
[0.348s] -- Up-to-date: /home/lunet/kk0171/ros2_ws/install/scara_moveit_config/share/scara_moveit_config/config/initial_positions.yaml
[0.349s] -- Up-to-date: /home/lunet/kk0171/ros2_ws/install/scara_moveit_config/share/scara_moveit_config/config/scara_robot.urdf.xacro
[0.350s] -- Up-to-date: /home/lunet/kk0171/ros2_ws/install/scara_moveit_config/share/scara_moveit_config/config/moveit.rviz
[0.351s] -- Up-to-date: /home/lunet/kk0171/ros2_ws/install/scara_moveit_config/share/scara_moveit_config/config/joint_limits.yaml
[0.352s] -- Up-to-date: /home/lunet/kk0171/ros2_ws/install/scara_moveit_config/share/scara_moveit_config/config/scara_robot.srdf
[0.354s] -- Up-to-date: /home/lunet/kk0171/ros2_ws/install/scara_moveit_config/share/scara_moveit_config/config/ros2_controllers.yaml
[0.355s] -- Up-to-date: /home/lunet/kk0171/ros2_ws/install/scara_moveit_config/share/scara_moveit_config/config/moveit_controllers.yaml
[0.356s] -- Up-to-date: /home/lunet/kk0171/ros2_ws/install/scara_moveit_config/share/scara_moveit_config/.setup_assistant
[0.413s] Invoked command in '/home/lunet/kk0171/ros2_ws/build/scara_moveit_config' returned '0': ANSYSLMD_LICENSE_FILE=1055@ansys.lboro.ac.uk CMAKE_PREFIX_PATH=/home/lunet/kk0171/ros2_ws/install/scara_pkg:/home/lunet/kk0171/ros2_ws/install/simple_robot_moveit_config:/home/lunet/kk0171/ros2_ws/install/scara_moveit_config:/home/lunet/kk0171/ros2_ws/install/rrrrr_finger:/opt/ros/humble /usr/bin/cmake --install /home/lunet/kk0171/ros2_ws/build/scara_moveit_config
