[0.047s] Invoking command in '/home/lunet/kk0171/ros2_ws/build/scara_moveit_config': ANSYSLMD_LICENSE_FILE=1055@ansys.lboro.ac.uk CMAKE_PREFIX_PATH=/home/lunet/kk0171/ros2_ws/install/scara_pkg:/home/lunet/kk0171/ros2_ws/install/simple_robot_moveit_config:/home/lunet/kk0171/ros2_ws/install/scara_moveit_config:/home/lunet/kk0171/ros2_ws/install/rrrrr_finger:/opt/ros/humble /usr/bin/cmake --build /home/lunet/kk0171/ros2_ws/build/scara_moveit_config -- -j32 -l32
[0.148s] Invoked command in '/home/lunet/kk0171/ros2_ws/build/scara_moveit_config' returned '0': ANSYSLMD_LICENSE_FILE=1055@ansys.lboro.ac.uk CMAKE_PREFIX_PATH=/home/lunet/kk0171/ros2_ws/install/scara_pkg:/home/lunet/kk0171/ros2_ws/install/simple_robot_moveit_config:/home/lunet/kk0171/ros2_ws/install/scara_moveit_config:/home/lunet/kk0171/ros2_ws/install/rrrrr_finger:/opt/ros/humble /usr/bin/cmake --build /home/lunet/kk0171/ros2_ws/build/scara_moveit_config -- -j32 -l32
[0.168s] Invoking command in '/home/lunet/kk0171/ros2_ws/build/scara_moveit_config': ANSYSLMD_LICENSE_FILE=1055@ansys.lboro.ac.uk CMAKE_PREFIX_PATH=/home/lunet/kk0171/ros2_ws/install/scara_pkg:/home/lunet/kk0171/ros2_ws/install/simple_robot_moveit_config:/home/lunet/kk0171/ros2_ws/install/scara_moveit_config:/home/lunet/kk0171/ros2_ws/install/rrrrr_finger:/opt/ros/humble /usr/bin/cmake --install /home/lunet/kk0171/ros2_ws/build/scara_moveit_config
[0.179s] -- Install configuration: ""
[0.179s] -- Up-to-date: /home/lunet/kk0171/ros2_ws/install/scara_moveit_config/share/ament_index/resource_index/package_run_dependencies/scara_moveit_config
[0.181s] -- Up-to-date: /home/lunet/kk0171/ros2_ws/install/scara_moveit_config/share/ament_index/resource_index/parent_prefix_path/scara_moveit_config
[0.183s] -- Up-to-date: /home/lunet/kk0171/ros2_ws/install/scara_moveit_config/share/scara_moveit_config/environment/ament_prefix_path.sh
[0.184s] -- Up-to-date: /home/lunet/kk0171/ros2_ws/install/scara_moveit_config/share/scara_moveit_config/environment/ament_prefix_path.dsv
[0.185s] -- Up-to-date: /home/lunet/kk0171/ros2_ws/install/scara_moveit_config/share/scara_moveit_config/environment/path.sh
[0.186s] -- Up-to-date: /home/lunet/kk0171/ros2_ws/install/scara_moveit_config/share/scara_moveit_config/environment/path.dsv
[0.187s] -- Up-to-date: /home/lunet/kk0171/ros2_ws/install/scara_moveit_config/share/scara_moveit_config/local_setup.bash
[0.188s] -- Up-to-date: /home/lunet/kk0171/ros2_ws/install/scara_moveit_config/share/scara_moveit_config/local_setup.sh
[0.189s] -- Up-to-date: /home/lunet/kk0171/ros2_ws/install/scara_moveit_config/share/scara_moveit_config/local_setup.zsh
[0.190s] -- Up-to-date: /home/lunet/kk0171/ros2_ws/install/scara_moveit_config/share/scara_moveit_config/local_setup.dsv
[0.192s] -- Up-to-date: /home/lunet/kk0171/ros2_ws/install/scara_moveit_config/share/scara_moveit_config/package.dsv
[0.193s] -- Up-to-date: /home/lunet/kk0171/ros2_ws/install/scara_moveit_config/share/ament_index/resource_index/packages/scara_moveit_config
[0.194s] -- Up-to-date: /home/lunet/kk0171/ros2_ws/install/scara_moveit_config/share/scara_moveit_config/cmake/scara_moveit_configConfig.cmake
[0.194s] -- Up-to-date: /home/lunet/kk0171/ros2_ws/install/scara_moveit_config/share/scara_moveit_config/cmake/scara_moveit_configConfig-version.cmake
[0.195s] -- Up-to-date: /home/lunet/kk0171/ros2_ws/install/scara_moveit_config/share/scara_moveit_config/package.xml
[0.196s] -- Up-to-date: /home/lunet/kk0171/ros2_ws/install/scara_moveit_config/share/scara_moveit_config/launch
[0.198s] -- Up-to-date: /home/lunet/kk0171/ros2_ws/install/scara_moveit_config/share/scara_moveit_config/launch/demo.launch.py
[0.199s] -- Up-to-date: /home/lunet/kk0171/ros2_ws/install/scara_moveit_config/share/scara_moveit_config/launch/move_group.launch.py
[0.200s] -- Up-to-date: /home/lunet/kk0171/ros2_ws/install/scara_moveit_config/share/scara_moveit_config/launch/moveit_rviz.launch.py
[0.202s] -- Up-to-date: /home/lunet/kk0171/ros2_ws/install/scara_moveit_config/share/scara_moveit_config/launch/rsp.launch.py
[0.203s] -- Up-to-date: /home/lunet/kk0171/ros2_ws/install/scara_moveit_config/share/scara_moveit_config/launch/setup_assistant.launch.py
[0.204s] -- Up-to-date: /home/lunet/kk0171/ros2_ws/install/scara_moveit_config/share/scara_moveit_config/launch/spawn_controllers.launch.py
[0.205s] -- Up-to-date: /home/lunet/kk0171/ros2_ws/install/scara_moveit_config/share/scara_moveit_config/launch/static_virtual_joint_tfs.launch.py
[0.206s] -- Up-to-date: /home/lunet/kk0171/ros2_ws/install/scara_moveit_config/share/scara_moveit_config/launch/warehouse_db.launch.py
[0.206s] -- Up-to-date: /home/lunet/kk0171/ros2_ws/install/scara_moveit_config/share/scara_moveit_config/config
[0.209s] -- Up-to-date: /home/lunet/kk0171/ros2_ws/install/scara_moveit_config/share/scara_moveit_config/config/pilz_cartesian_limits.yaml
[0.210s] -- Up-to-date: /home/lunet/kk0171/ros2_ws/install/scara_moveit_config/share/scara_moveit_config/config/kinematics.yaml
[0.210s] -- Up-to-date: /home/lunet/kk0171/ros2_ws/install/scara_moveit_config/share/scara_moveit_config/config/scara_robot.ros2_control.xacro
[0.212s] -- Up-to-date: /home/lunet/kk0171/ros2_ws/install/scara_moveit_config/share/scara_moveit_config/config/initial_positions.yaml
[0.212s] -- Up-to-date: /home/lunet/kk0171/ros2_ws/install/scara_moveit_config/share/scara_moveit_config/config/scara_robot.urdf.xacro
[0.213s] -- Up-to-date: /home/lunet/kk0171/ros2_ws/install/scara_moveit_config/share/scara_moveit_config/config/moveit.rviz
[0.214s] -- Up-to-date: /home/lunet/kk0171/ros2_ws/install/scara_moveit_config/share/scara_moveit_config/config/joint_limits.yaml
[0.215s] -- Installing: /home/lunet/kk0171/ros2_ws/install/scara_moveit_config/share/scara_moveit_config/config/scara_robot.srdf
[0.220s] -- Installing: /home/lunet/kk0171/ros2_ws/install/scara_moveit_config/share/scara_moveit_config/config/ros2_controllers.yaml
[0.226s] -- Installing: /home/lunet/kk0171/ros2_ws/install/scara_moveit_config/share/scara_moveit_config/config/moveit_controllers.yaml
[0.233s] -- Up-to-date: /home/lunet/kk0171/ros2_ws/install/scara_moveit_config/share/scara_moveit_config/.setup_assistant
[0.267s] Invoked command in '/home/lunet/kk0171/ros2_ws/build/scara_moveit_config' returned '0': ANSYSLMD_LICENSE_FILE=1055@ansys.lboro.ac.uk CMAKE_PREFIX_PATH=/home/lunet/kk0171/ros2_ws/install/scara_pkg:/home/lunet/kk0171/ros2_ws/install/simple_robot_moveit_config:/home/lunet/kk0171/ros2_ws/install/scara_moveit_config:/home/lunet/kk0171/ros2_ws/install/rrrrr_finger:/opt/ros/humble /usr/bin/cmake --install /home/lunet/kk0171/ros2_ws/build/scara_moveit_config
