[0.021s] Invoking command in '/home/lunet/kk0171/ros2_ws/build/scara_moveit_config': ANSYSLMD_LICENSE_FILE=1055@ansys.lboro.ac.uk CMAKE_PREFIX_PATH=/home/lunet/kk0171/ros2_ws/install/scara_pkg:/home/lunet/kk0171/ros2_ws/install/simple_robot_moveit_config:/home/lunet/kk0171/ros2_ws/install/scara_moveit_config:/home/lunet/kk0171/ros2_ws/install/rrrrr_finger:/opt/ros/humble /usr/bin/cmake --build /home/lunet/kk0171/ros2_ws/build/scara_moveit_config -- -j32 -l32
[0.060s] Invoked command in '/home/lunet/kk0171/ros2_ws/build/scara_moveit_config' returned '0': ANSYSLMD_LICENSE_FILE=1055@ansys.lboro.ac.uk CMAKE_PREFIX_PATH=/home/lunet/kk0171/ros2_ws/install/scara_pkg:/home/lunet/kk0171/ros2_ws/install/simple_robot_moveit_config:/home/lunet/kk0171/ros2_ws/install/scara_moveit_config:/home/lunet/kk0171/ros2_ws/install/rrrrr_finger:/opt/ros/humble /usr/bin/cmake --build /home/lunet/kk0171/ros2_ws/build/scara_moveit_config -- -j32 -l32
[0.067s] Invoking command in '/home/lunet/kk0171/ros2_ws/build/scara_moveit_config': ANSYSLMD_LICENSE_FILE=1055@ansys.lboro.ac.uk CMAKE_PREFIX_PATH=/home/lunet/kk0171/ros2_ws/install/scara_pkg:/home/lunet/kk0171/ros2_ws/install/simple_robot_moveit_config:/home/lunet/kk0171/ros2_ws/install/scara_moveit_config:/home/lunet/kk0171/ros2_ws/install/rrrrr_finger:/opt/ros/humble /usr/bin/cmake --install /home/lunet/kk0171/ros2_ws/build/scara_moveit_config
[0.072s] -- Install configuration: ""
[0.073s] -- Up-to-date: /home/lunet/kk0171/ros2_ws/install/scara_moveit_config/share/ament_index/resource_index/package_run_dependencies/scara_moveit_config
[0.074s] -- Up-to-date: /home/lunet/kk0171/ros2_ws/install/scara_moveit_config/share/ament_index/resource_index/parent_prefix_path/scara_moveit_config
[0.076s] -- Up-to-date: /home/lunet/kk0171/ros2_ws/install/scara_moveit_config/share/scara_moveit_config/environment/ament_prefix_path.sh
[0.077s] -- Up-to-date: /home/lunet/kk0171/ros2_ws/install/scara_moveit_config/share/scara_moveit_config/environment/ament_prefix_path.dsv
[0.078s] -- Up-to-date: /home/lunet/kk0171/ros2_ws/install/scara_moveit_config/share/scara_moveit_config/environment/path.sh
[0.079s] -- Up-to-date: /home/lunet/kk0171/ros2_ws/install/scara_moveit_config/share/scara_moveit_config/environment/path.dsv
[0.079s] -- Up-to-date: /home/lunet/kk0171/ros2_ws/install/scara_moveit_config/share/scara_moveit_config/local_setup.bash
[0.080s] -- Up-to-date: /home/lunet/kk0171/ros2_ws/install/scara_moveit_config/share/scara_moveit_config/local_setup.sh
[0.081s] -- Up-to-date: /home/lunet/kk0171/ros2_ws/install/scara_moveit_config/share/scara_moveit_config/local_setup.zsh
[0.082s] -- Up-to-date: /home/lunet/kk0171/ros2_ws/install/scara_moveit_config/share/scara_moveit_config/local_setup.dsv
[0.083s] -- Installing: /home/lunet/kk0171/ros2_ws/install/scara_moveit_config/share/scara_moveit_config/package.dsv
[0.089s] -- Up-to-date: /home/lunet/kk0171/ros2_ws/install/scara_moveit_config/share/ament_index/resource_index/packages/scara_moveit_config
[0.090s] -- Up-to-date: /home/lunet/kk0171/ros2_ws/install/scara_moveit_config/share/scara_moveit_config/cmake/scara_moveit_configConfig.cmake
[0.091s] -- Up-to-date: /home/lunet/kk0171/ros2_ws/install/scara_moveit_config/share/scara_moveit_config/cmake/scara_moveit_configConfig-version.cmake
[0.092s] -- Up-to-date: /home/lunet/kk0171/ros2_ws/install/scara_moveit_config/share/scara_moveit_config/package.xml
[0.093s] -- Up-to-date: /home/lunet/kk0171/ros2_ws/install/scara_moveit_config/share/scara_moveit_config/launch
[0.095s] -- Up-to-date: /home/lunet/kk0171/ros2_ws/install/scara_moveit_config/share/scara_moveit_config/launch/demo.launch.py
[0.096s] -- Up-to-date: /home/lunet/kk0171/ros2_ws/install/scara_moveit_config/share/scara_moveit_config/launch/move_group.launch.py
[0.097s] -- Up-to-date: /home/lunet/kk0171/ros2_ws/install/scara_moveit_config/share/scara_moveit_config/launch/moveit_rviz.launch.py
[0.098s] -- Up-to-date: /home/lunet/kk0171/ros2_ws/install/scara_moveit_config/share/scara_moveit_config/launch/rsp.launch.py
[0.100s] -- Up-to-date: /home/lunet/kk0171/ros2_ws/install/scara_moveit_config/share/scara_moveit_config/launch/setup_assistant.launch.py
[0.101s] -- Up-to-date: /home/lunet/kk0171/ros2_ws/install/scara_moveit_config/share/scara_moveit_config/launch/spawn_controllers.launch.py
[0.102s] -- Up-to-date: /home/lunet/kk0171/ros2_ws/install/scara_moveit_config/share/scara_moveit_config/launch/static_virtual_joint_tfs.launch.py
[0.103s] -- Up-to-date: /home/lunet/kk0171/ros2_ws/install/scara_moveit_config/share/scara_moveit_config/launch/warehouse_db.launch.py
[0.104s] -- Up-to-date: /home/lunet/kk0171/ros2_ws/install/scara_moveit_config/share/scara_moveit_config/config
[0.105s] -- Up-to-date: /home/lunet/kk0171/ros2_ws/install/scara_moveit_config/share/scara_moveit_config/config/pilz_cartesian_limits.yaml
[0.106s] -- Up-to-date: /home/lunet/kk0171/ros2_ws/install/scara_moveit_config/share/scara_moveit_config/config/kinematics.yaml
[0.107s] -- Up-to-date: /home/lunet/kk0171/ros2_ws/install/scara_moveit_config/share/scara_moveit_config/config/scara_robot.ros2_control.xacro
[0.108s] -- Up-to-date: /home/lunet/kk0171/ros2_ws/install/scara_moveit_config/share/scara_moveit_config/config/initial_positions.yaml
[0.108s] -- Up-to-date: /home/lunet/kk0171/ros2_ws/install/scara_moveit_config/share/scara_moveit_config/config/scara_robot.urdf.xacro
[0.109s] -- Up-to-date: /home/lunet/kk0171/ros2_ws/install/scara_moveit_config/share/scara_moveit_config/config/moveit.rviz
[0.110s] -- Up-to-date: /home/lunet/kk0171/ros2_ws/install/scara_moveit_config/share/scara_moveit_config/config/joint_limits.yaml
[0.111s] -- Up-to-date: /home/lunet/kk0171/ros2_ws/install/scara_moveit_config/share/scara_moveit_config/config/scara_robot.srdf
[0.111s] -- Up-to-date: /home/lunet/kk0171/ros2_ws/install/scara_moveit_config/share/scara_moveit_config/config/ros2_controllers.yaml
[0.112s] -- Installing: /home/lunet/kk0171/ros2_ws/install/scara_moveit_config/share/scara_moveit_config/config/moveit_controllers.yaml
[0.118s] -- Up-to-date: /home/lunet/kk0171/ros2_ws/install/scara_moveit_config/share/scara_moveit_config/.setup_assistant
[0.204s] Invoked command in '/home/lunet/kk0171/ros2_ws/build/scara_moveit_config' returned '0': ANSYSLMD_LICENSE_FILE=1055@ansys.lboro.ac.uk CMAKE_PREFIX_PATH=/home/lunet/kk0171/ros2_ws/install/scara_pkg:/home/lunet/kk0171/ros2_ws/install/simple_robot_moveit_config:/home/lunet/kk0171/ros2_ws/install/scara_moveit_config:/home/lunet/kk0171/ros2_ws/install/rrrrr_finger:/opt/ros/humble /usr/bin/cmake --install /home/lunet/kk0171/ros2_ws/build/scara_moveit_config
