[0.023s] Invoking command in '/home/lunet/kk0171/ros2_ws/build/scara_moveit_config': ANSYSLMD_LICENSE_FILE=1055@ansys.lboro.ac.uk CMAKE_PREFIX_PATH=${CMAKE_PREFIX_PATH}:/opt/ros/humble /usr/bin/cmake /home/lunet/kk0171/ros2_ws/src/scara_moveit_config -DCMAKE_INSTALL_PREFIX=/home/lunet/kk0171/ros2_ws/install/scara_moveit_config
[0.098s] -- The C compiler identification is GNU 11.4.0
[0.161s] -- The CXX compiler identification is GNU 11.4.0
[0.173s] -- Detecting C compiler ABI info
[0.316s] -- Detecting C compiler ABI info - done
[0.324s] -- Check for working C compiler: /usr/bin/cc - skipped
[0.325s] -- Detecting C compile features
[0.325s] -- Detecting C compile features - done
[0.334s] -- Detecting CXX compiler ABI info
[0.476s] -- Detecting CXX compiler ABI info - done
[0.486s] -- Check for working CXX compiler: /usr/bin/c++ - skipped
[0.486s] -- Detecting CXX compile features
[0.486s] -- Detecting CXX compile features - done
[0.504s] -- Found ament_cmake: 1.3.12 (/opt/ros/humble/share/ament_cmake/cmake)
[0.617s] -- Found Python3: /usr/bin/python3 (found version "3.10.12") found components: Interpreter 
[0.912s] -- Configuring done
[0.983s] -- Generating done
[1.023s] -- Build files have been written to: /home/lunet/kk0171/ros2_ws/build/scara_moveit_config
[1.027s] Invoked command in '/home/lunet/kk0171/ros2_ws/build/scara_moveit_config' returned '0': ANSYSLMD_LICENSE_FILE=1055@ansys.lboro.ac.uk CMAKE_PREFIX_PATH=${CMAKE_PREFIX_PATH}:/opt/ros/humble /usr/bin/cmake /home/lunet/kk0171/ros2_ws/src/scara_moveit_config -DCMAKE_INSTALL_PREFIX=/home/lunet/kk0171/ros2_ws/install/scara_moveit_config
[1.030s] Invoking command in '/home/lunet/kk0171/ros2_ws/build/scara_moveit_config': ANSYSLMD_LICENSE_FILE=1055@ansys.lboro.ac.uk CMAKE_PREFIX_PATH=${CMAKE_PREFIX_PATH}:/opt/ros/humble /usr/bin/cmake --build /home/lunet/kk0171/ros2_ws/build/scara_moveit_config -- -j32 -l32
[1.067s] Invoked command in '/home/lunet/kk0171/ros2_ws/build/scara_moveit_config' returned '0': ANSYSLMD_LICENSE_FILE=1055@ansys.lboro.ac.uk CMAKE_PREFIX_PATH=${CMAKE_PREFIX_PATH}:/opt/ros/humble /usr/bin/cmake --build /home/lunet/kk0171/ros2_ws/build/scara_moveit_config -- -j32 -l32
[1.072s] Invoking command in '/home/lunet/kk0171/ros2_ws/build/scara_moveit_config': ANSYSLMD_LICENSE_FILE=1055@ansys.lboro.ac.uk CMAKE_PREFIX_PATH=${CMAKE_PREFIX_PATH}:/opt/ros/humble /usr/bin/cmake --install /home/lunet/kk0171/ros2_ws/build/scara_moveit_config
[1.079s] -- Install configuration: ""
[1.084s] -- Installing: /home/lunet/kk0171/ros2_ws/install/scara_moveit_config/share/ament_index/resource_index/package_run_dependencies/scara_moveit_config
[1.093s] -- Installing: /home/lunet/kk0171/ros2_ws/install/scara_moveit_config/share/ament_index/resource_index/parent_prefix_path/scara_moveit_config
[1.101s] -- Installing: /home/lunet/kk0171/ros2_ws/install/scara_moveit_config/share/scara_moveit_config/environment/ament_prefix_path.sh
[1.105s] -- Installing: /home/lunet/kk0171/ros2_ws/install/scara_moveit_config/share/scara_moveit_config/environment/ament_prefix_path.dsv
[1.109s] -- Installing: /home/lunet/kk0171/ros2_ws/install/scara_moveit_config/share/scara_moveit_config/environment/path.sh
[1.113s] -- Installing: /home/lunet/kk0171/ros2_ws/install/scara_moveit_config/share/scara_moveit_config/environment/path.dsv
[1.118s] -- Installing: /home/lunet/kk0171/ros2_ws/install/scara_moveit_config/share/scara_moveit_config/local_setup.bash
[1.123s] -- Installing: /home/lunet/kk0171/ros2_ws/install/scara_moveit_config/share/scara_moveit_config/local_setup.sh
[1.128s] -- Installing: /home/lunet/kk0171/ros2_ws/install/scara_moveit_config/share/scara_moveit_config/local_setup.zsh
[1.133s] -- Installing: /home/lunet/kk0171/ros2_ws/install/scara_moveit_config/share/scara_moveit_config/local_setup.dsv
[1.138s] -- Installing: /home/lunet/kk0171/ros2_ws/install/scara_moveit_config/share/scara_moveit_config/package.dsv
[1.145s] -- Installing: /home/lunet/kk0171/ros2_ws/install/scara_moveit_config/share/ament_index/resource_index/packages/scara_moveit_config
[1.152s] -- Installing: /home/lunet/kk0171/ros2_ws/install/scara_moveit_config/share/scara_moveit_config/cmake/scara_moveit_configConfig.cmake
[1.157s] -- Installing: /home/lunet/kk0171/ros2_ws/install/scara_moveit_config/share/scara_moveit_config/cmake/scara_moveit_configConfig-version.cmake
[1.162s] -- Installing: /home/lunet/kk0171/ros2_ws/install/scara_moveit_config/share/scara_moveit_config/package.xml
[1.166s] -- Installing: /home/lunet/kk0171/ros2_ws/install/scara_moveit_config/share/scara_moveit_config/launch
[1.170s] -- Installing: /home/lunet/kk0171/ros2_ws/install/scara_moveit_config/share/scara_moveit_config/launch/demo.launch.py
[1.174s] -- Installing: /home/lunet/kk0171/ros2_ws/install/scara_moveit_config/share/scara_moveit_config/launch/move_group.launch.py
[1.179s] -- Installing: /home/lunet/kk0171/ros2_ws/install/scara_moveit_config/share/scara_moveit_config/launch/moveit_rviz.launch.py
[1.183s] -- Installing: /home/lunet/kk0171/ros2_ws/install/scara_moveit_config/share/scara_moveit_config/launch/rsp.launch.py
[1.188s] -- Installing: /home/lunet/kk0171/ros2_ws/install/scara_moveit_config/share/scara_moveit_config/launch/setup_assistant.launch.py
[1.192s] -- Installing: /home/lunet/kk0171/ros2_ws/install/scara_moveit_config/share/scara_moveit_config/launch/spawn_controllers.launch.py
[1.197s] -- Installing: /home/lunet/kk0171/ros2_ws/install/scara_moveit_config/share/scara_moveit_config/launch/static_virtual_joint_tfs.launch.py
[1.201s] -- Installing: /home/lunet/kk0171/ros2_ws/install/scara_moveit_config/share/scara_moveit_config/launch/warehouse_db.launch.py
[1.206s] -- Installing: /home/lunet/kk0171/ros2_ws/install/scara_moveit_config/share/scara_moveit_config/config
[1.210s] -- Installing: /home/lunet/kk0171/ros2_ws/install/scara_moveit_config/share/scara_moveit_config/config/scara_robot.srdf
[1.213s] -- Installing: /home/lunet/kk0171/ros2_ws/install/scara_moveit_config/share/scara_moveit_config/config/pilz_cartesian_limits.yaml
[1.218s] -- Installing: /home/lunet/kk0171/ros2_ws/install/scara_moveit_config/share/scara_moveit_config/config/kinematics.yaml
[1.222s] -- Installing: /home/lunet/kk0171/ros2_ws/install/scara_moveit_config/share/scara_moveit_config/config/scara_robot.ros2_control.xacro
[1.226s] -- Installing: /home/lunet/kk0171/ros2_ws/install/scara_moveit_config/share/scara_moveit_config/config/initial_positions.yaml
[1.231s] -- Installing: /home/lunet/kk0171/ros2_ws/install/scara_moveit_config/share/scara_moveit_config/config/scara_robot.urdf.xacro
[1.235s] -- Installing: /home/lunet/kk0171/ros2_ws/install/scara_moveit_config/share/scara_moveit_config/config/ros2_controllers.yaml
[1.239s] -- Installing: /home/lunet/kk0171/ros2_ws/install/scara_moveit_config/share/scara_moveit_config/config/moveit_controllers.yaml
[1.244s] -- Installing: /home/lunet/kk0171/ros2_ws/install/scara_moveit_config/share/scara_moveit_config/config/moveit.rviz
[1.248s] -- Installing: /home/lunet/kk0171/ros2_ws/install/scara_moveit_config/share/scara_moveit_config/config/joint_limits.yaml
[1.253s] -- Installing: /home/lunet/kk0171/ros2_ws/install/scara_moveit_config/share/scara_moveit_config/.setup_assistant
[1.259s] Invoked command in '/home/lunet/kk0171/ros2_ws/build/scara_moveit_config' returned '0': ANSYSLMD_LICENSE_FILE=1055@ansys.lboro.ac.uk CMAKE_PREFIX_PATH=${CMAKE_PREFIX_PATH}:/opt/ros/humble /usr/bin/cmake --install /home/lunet/kk0171/ros2_ws/build/scara_moveit_config
