[0.079s] Invoking command in '/home/lunet/kk0171/ros2_ws/build/simple_robot_moveit_config': ANSYSLMD_LICENSE_FILE=1055@ansys.lboro.ac.uk CMAKE_PREFIX_PATH=/home/lunet/kk0171/ros2_ws/install/rrrrr_finger:/home/lunet/kk0171/ros2_ws/install/simple_robot_moveit_config:/home/lunet/kk0171/ros2_ws/install/scara_moveit_config:/home/lunet/kk0171/ros2_ws/install/scara_pkg:/opt/ros/humble /usr/bin/cmake --build /home/lunet/kk0171/ros2_ws/build/simple_robot_moveit_config -- -j32 -l32
[0.118s] Invoked command in '/home/lunet/kk0171/ros2_ws/build/simple_robot_moveit_config' returned '0': ANSYSLMD_LICENSE_FILE=1055@ansys.lboro.ac.uk CMAKE_PREFIX_PATH=/home/lunet/kk0171/ros2_ws/install/rrrrr_finger:/home/lunet/kk0171/ros2_ws/install/simple_robot_moveit_config:/home/lunet/kk0171/ros2_ws/install/scara_moveit_config:/home/lunet/kk0171/ros2_ws/install/scara_pkg:/opt/ros/humble /usr/bin/cmake --build /home/lunet/kk0171/ros2_ws/build/simple_robot_moveit_config -- -j32 -l32
[0.125s] Invoking command in '/home/lunet/kk0171/ros2_ws/build/simple_robot_moveit_config': ANSYSLMD_LICENSE_FILE=1055@ansys.lboro.ac.uk CMAKE_PREFIX_PATH=/home/lunet/kk0171/ros2_ws/install/rrrrr_finger:/home/lunet/kk0171/ros2_ws/install/simple_robot_moveit_config:/home/lunet/kk0171/ros2_ws/install/scara_moveit_config:/home/lunet/kk0171/ros2_ws/install/scara_pkg:/opt/ros/humble /usr/bin/cmake --install /home/lunet/kk0171/ros2_ws/build/simple_robot_moveit_config
[0.133s] -- Install configuration: ""
[0.133s] -- Up-to-date: /home/lunet/kk0171/ros2_ws/install/simple_robot_moveit_config/share/ament_index/resource_index/package_run_dependencies/simple_robot_moveit_config
[0.133s] -- Up-to-date: /home/lunet/kk0171/ros2_ws/install/simple_robot_moveit_config/share/ament_index/resource_index/parent_prefix_path/simple_robot_moveit_config
[0.134s] -- Up-to-date: /home/lunet/kk0171/ros2_ws/install/simple_robot_moveit_config/share/simple_robot_moveit_config/environment/ament_prefix_path.sh
[0.135s] -- Up-to-date: /home/lunet/kk0171/ros2_ws/install/simple_robot_moveit_config/share/simple_robot_moveit_config/environment/ament_prefix_path.dsv
[0.136s] -- Up-to-date: /home/lunet/kk0171/ros2_ws/install/simple_robot_moveit_config/share/simple_robot_moveit_config/environment/path.sh
[0.137s] -- Up-to-date: /home/lunet/kk0171/ros2_ws/install/simple_robot_moveit_config/share/simple_robot_moveit_config/environment/path.dsv
[0.137s] -- Up-to-date: /home/lunet/kk0171/ros2_ws/install/simple_robot_moveit_config/share/simple_robot_moveit_config/local_setup.bash
[0.138s] -- Up-to-date: /home/lunet/kk0171/ros2_ws/install/simple_robot_moveit_config/share/simple_robot_moveit_config/local_setup.sh
[0.139s] -- Up-to-date: /home/lunet/kk0171/ros2_ws/install/simple_robot_moveit_config/share/simple_robot_moveit_config/local_setup.zsh
[0.140s] -- Up-to-date: /home/lunet/kk0171/ros2_ws/install/simple_robot_moveit_config/share/simple_robot_moveit_config/local_setup.dsv
[0.141s] -- Installing: /home/lunet/kk0171/ros2_ws/install/simple_robot_moveit_config/share/simple_robot_moveit_config/package.dsv
[0.146s] -- Up-to-date: /home/lunet/kk0171/ros2_ws/install/simple_robot_moveit_config/share/ament_index/resource_index/packages/simple_robot_moveit_config
[0.148s] -- Up-to-date: /home/lunet/kk0171/ros2_ws/install/simple_robot_moveit_config/share/simple_robot_moveit_config/cmake/simple_robot_moveit_configConfig.cmake
[0.148s] -- Up-to-date: /home/lunet/kk0171/ros2_ws/install/simple_robot_moveit_config/share/simple_robot_moveit_config/cmake/simple_robot_moveit_configConfig-version.cmake
[0.149s] -- Up-to-date: /home/lunet/kk0171/ros2_ws/install/simple_robot_moveit_config/share/simple_robot_moveit_config/package.xml
[0.150s] -- Up-to-date: /home/lunet/kk0171/ros2_ws/install/simple_robot_moveit_config/share/simple_robot_moveit_config/launch
[0.152s] -- Up-to-date: /home/lunet/kk0171/ros2_ws/install/simple_robot_moveit_config/share/simple_robot_moveit_config/launch/demo.launch.py
[0.153s] -- Up-to-date: /home/lunet/kk0171/ros2_ws/install/simple_robot_moveit_config/share/simple_robot_moveit_config/launch/moveit_rviz.launch.py
[0.154s] -- Up-to-date: /home/lunet/kk0171/ros2_ws/install/simple_robot_moveit_config/share/simple_robot_moveit_config/launch/move_group.launch.py
[0.155s] -- Up-to-date: /home/lunet/kk0171/ros2_ws/install/simple_robot_moveit_config/share/simple_robot_moveit_config/launch/rsp.launch.py
[0.156s] -- Up-to-date: /home/lunet/kk0171/ros2_ws/install/simple_robot_moveit_config/share/simple_robot_moveit_config/launch/setup_assistant.launch.py
[0.157s] -- Up-to-date: /home/lunet/kk0171/ros2_ws/install/simple_robot_moveit_config/share/simple_robot_moveit_config/launch/spawn_controllers.launch.py
[0.158s] -- Up-to-date: /home/lunet/kk0171/ros2_ws/install/simple_robot_moveit_config/share/simple_robot_moveit_config/launch/static_virtual_joint_tfs.launch.py
[0.160s] -- Up-to-date: /home/lunet/kk0171/ros2_ws/install/simple_robot_moveit_config/share/simple_robot_moveit_config/launch/warehouse_db.launch.py
[0.161s] -- Up-to-date: /home/lunet/kk0171/ros2_ws/install/simple_robot_moveit_config/share/simple_robot_moveit_config/config
[0.162s] -- Up-to-date: /home/lunet/kk0171/ros2_ws/install/simple_robot_moveit_config/share/simple_robot_moveit_config/config/joint_limits.yaml
[0.164s] -- Up-to-date: /home/lunet/kk0171/ros2_ws/install/simple_robot_moveit_config/share/simple_robot_moveit_config/config/kinematics.yaml
[0.165s] -- Up-to-date: /home/lunet/kk0171/ros2_ws/install/simple_robot_moveit_config/share/simple_robot_moveit_config/config/moveit.rviz
[0.166s] -- Up-to-date: /home/lunet/kk0171/ros2_ws/install/simple_robot_moveit_config/share/simple_robot_moveit_config/config/moveit_controllers.yaml
[0.167s] -- Up-to-date: /home/lunet/kk0171/ros2_ws/install/simple_robot_moveit_config/share/simple_robot_moveit_config/config/pilz_cartesian_limits.yaml
[0.168s] -- Up-to-date: /home/lunet/kk0171/ros2_ws/install/simple_robot_moveit_config/share/simple_robot_moveit_config/config/ros2_controllers.yaml
[0.169s] -- Up-to-date: /home/lunet/kk0171/ros2_ws/install/simple_robot_moveit_config/share/simple_robot_moveit_config/config/simple_robot.srdf
[0.170s] -- Up-to-date: /home/lunet/kk0171/ros2_ws/install/simple_robot_moveit_config/share/simple_robot_moveit_config/.setup_assistant
[0.174s] Invoked command in '/home/lunet/kk0171/ros2_ws/build/simple_robot_moveit_config' returned '0': ANSYSLMD_LICENSE_FILE=1055@ansys.lboro.ac.uk CMAKE_PREFIX_PATH=/home/lunet/kk0171/ros2_ws/install/rrrrr_finger:/home/lunet/kk0171/ros2_ws/install/simple_robot_moveit_config:/home/lunet/kk0171/ros2_ws/install/scara_moveit_config:/home/lunet/kk0171/ros2_ws/install/scara_pkg:/opt/ros/humble /usr/bin/cmake --install /home/lunet/kk0171/ros2_ws/build/simple_robot_moveit_config
